ARM Linker, 4.1 [Build 894] [Evaluation]

==============================================================================

Section Cross References

    onewire.o(.text) refers to stm32l1xx_usart.o(.text) for USART_Init
    onewire.o(.text) refers to stm32l1xx_dma.o(.text) for DMA_DeInit
    onewire.o(.text) refers to onewire.o(.data) for ow_buf
    main.o(.text) refers to stm32l1xx_exti.o(.text) for EXTI_ClearITPendingBit
    main.o(.text) refers to stm32l1xx_tim.o(.text) for TIM_ClearITPendingBit
    main.o(.text) refers to stm32l1xx_dma.o(.text) for DMA_ClearFlag
    main.o(.text) refers to stm32l1xx_flash.o(.text) for DATA_EEPROM_Unlock
    main.o(.text) refers to stm32l1xx_adc.o(.text) for ADC_TempSensorVrefintCmd
    main.o(.text) refers to misc.o(.text) for NVIC_Init
    main.o(.text) refers to stm32l1xx_gpio.o(.text) for GPIO_Init
    main.o(.text) refers to stm32l1xx_syscfg.o(.text) for SYSCFG_EXTILineConfig
    main.o(.text) refers to stm32l1xx_usart.o(.text) for USART_Init
    main.o(.text) refers to stm32l1xx_rcc.o(.text) for RCC_GetClocksFreq
    main.o(.text) refers to main.o(.data) for TimingDelay
    main.o(.text) refers to main.o(.bss) for ADC_InitStructure
    main.o(.text) refers to stm32l1xx_pwr.o(.text) for PWR_RTCAccessCmd
    main.o(.text) refers to ext_lcd.o(.text) for Init_Ext_LCD
    main.o(.text) refers to onewire.o(.text) for OW_Send
    main.o(.text) refers to printf8.o(i.__0sprintf$8) for __2sprintf
    main.o(.text) refers to dfltui.o(.text) for __aeabi_ui2d
    main.o(.text) refers to ddiv.o(.text) for __aeabi_ddiv
    main.o(.text) refers to dmul.o(.text) for __aeabi_dmul
    main.o(.text) refers to d2f.o(.text) for __aeabi_d2f
    main.o(.text) refers to cfrcmple.o(.text) for __aeabi_cfrcmple
    ext_lcd.o(.text) refers to main.o(.text) for Delay
    startup_stm32l1xx_md.o(RESET) refers to startup_stm32l1xx_md.o(STACK) for __initial_sp
    startup_stm32l1xx_md.o(RESET) refers to startup_stm32l1xx_md.o(.text) for Reset_Handler
    startup_stm32l1xx_md.o(RESET) refers to main.o(.text) for SysTick_Handler
    startup_stm32l1xx_md.o(.text) refers to system_stm32l1xx.o(.text) for SystemInit
    startup_stm32l1xx_md.o(.text) refers to entry.o(.ARM.Collect$$$$00000000) for __main
    system_stm32l1xx.o(.text) refers to system_stm32l1xx.o(.data) for SystemCoreClock
    stm32l1xx_tim.o(.text) refers to stm32l1xx_rcc.o(.text) for RCC_APB1PeriphResetCmd
    stm32l1xx_rcc.o(.text) refers to stm32l1xx_rcc.o(.data) for PLLMulTable
    stm32l1xx_adc.o(.text) refers to stm32l1xx_rcc.o(.text) for RCC_APB2PeriphResetCmd
    stm32l1xx_dac.o(.text) refers to stm32l1xx_rcc.o(.text) for RCC_APB1PeriphResetCmd
    stm32l1xx_gpio.o(.text) refers to stm32l1xx_rcc.o(.text) for RCC_AHBPeriphResetCmd
    stm32l1xx_usart.o(.text) refers to stm32l1xx_rcc.o(.text) for RCC_APB2PeriphResetCmd
    stm32l1xx_syscfg.o(.text) refers to stm32l1xx_rcc.o(.text) for RCC_APB2PeriphResetCmd
    stm32l1xx_pwr.o(.text) refers to stm32l1xx_rcc.o(.text) for RCC_APB1PeriphResetCmd
    entry.o(.ARM.Collect$$$$00000000) refers (Special) to entry7b.o(.ARM.Collect$$$$00000008) for _main_clock
    entry.o(.ARM.Collect$$$$00000000) refers (Special) to entry8.o(.ARM.Collect$$$$00000009) for _main_init
    entry.o(.ARM.Collect$$$$00000000) refers (Special) to entry5.o(.ARM.Collect$$$$00000004) for _main_scatterload
    entry.o(.ARM.Collect$$$$00000000) refers (Special) to entry2.o(.ARM.Collect$$$$00000001) for _main_stk
    printfb.o(i.__0fprintf$bare) refers to printfb.o(i._printf_core) for _printf_core
    printfb.o(i.__0fprintf$bare) refers to fputc.o(i.fputc) for fputc
    printfb.o(i.__0printf$bare) refers to printfb.o(i._printf_core) for _printf_core
    printfb.o(i.__0printf$bare) refers to fputc.o(i.fputc) for fputc
    printfb.o(i.__0printf$bare) refers to stdout.o(.data) for __stdout
    printfb.o(i.__0snprintf$bare) refers to printfb.o(i._printf_core) for _printf_core
    printfb.o(i.__0snprintf$bare) refers to printfb.o(i._snputc) for _snputc
    printfb.o(i.__0sprintf$bare) refers to printfb.o(i._printf_core) for _printf_core
    printfb.o(i.__0sprintf$bare) refers to printfb.o(i._sputc) for _sputc
    printfb.o(i.__0vfprintf$bare) refers to printfb.o(i._printf_core) for _printf_core
    printfb.o(i.__0vfprintf$bare) refers to fputc.o(i.fputc) for fputc
    printfb.o(i.__0vprintf$bare) refers to printfb.o(i._printf_core) for _printf_core
    printfb.o(i.__0vprintf$bare) refers to fputc.o(i.fputc) for fputc
    printfb.o(i.__0vprintf$bare) refers to stdout.o(.data) for __stdout
    printfb.o(i.__0vsnprintf$bare) refers to printfb.o(i._printf_core) for _printf_core
    printfb.o(i.__0vsnprintf$bare) refers to printfb.o(i._snputc) for _snputc
    printfb.o(i.__0vsprintf$bare) refers to printfb.o(i._printf_core) for _printf_core
    printfb.o(i.__0vsprintf$bare) refers to printfb.o(i._sputc) for _sputc
    printf0.o(i.__0fprintf$0) refers to printf0.o(i._printf_core) for _printf_core
    printf0.o(i.__0fprintf$0) refers to fputc.o(i.fputc) for fputc
    printf0.o(i.__0printf$0) refers to printf0.o(i._printf_core) for _printf_core
    printf0.o(i.__0printf$0) refers to fputc.o(i.fputc) for fputc
    printf0.o(i.__0printf$0) refers to stdout.o(.data) for __stdout
    printf0.o(i.__0snprintf$0) refers to printf0.o(i._printf_core) for _printf_core
    printf0.o(i.__0snprintf$0) refers to printf0.o(i._snputc) for _snputc
    printf0.o(i.__0sprintf$0) refers to printf0.o(i._printf_core) for _printf_core
    printf0.o(i.__0sprintf$0) refers to printf0.o(i._sputc) for _sputc
    printf0.o(i.__0vfprintf$0) refers to printf0.o(i._printf_core) for _printf_core
    printf0.o(i.__0vfprintf$0) refers to fputc.o(i.fputc) for fputc
    printf0.o(i.__0vprintf$0) refers to printf0.o(i._printf_core) for _printf_core
    printf0.o(i.__0vprintf$0) refers to fputc.o(i.fputc) for fputc
    printf0.o(i.__0vprintf$0) refers to stdout.o(.data) for __stdout
    printf0.o(i.__0vsnprintf$0) refers to printf0.o(i._printf_core) for _printf_core
    printf0.o(i.__0vsnprintf$0) refers to printf0.o(i._snputc) for _snputc
    printf0.o(i.__0vsprintf$0) refers to printf0.o(i._printf_core) for _printf_core
    printf0.o(i.__0vsprintf$0) refers to printf0.o(i._sputc) for _sputc
    printf1.o(i.__0fprintf$1) refers to printf1.o(i._printf_core) for _printf_core
    printf1.o(i.__0fprintf$1) refers to fputc.o(i.fputc) for fputc
    printf1.o(i.__0printf$1) refers to printf1.o(i._printf_core) for _printf_core
    printf1.o(i.__0printf$1) refers to fputc.o(i.fputc) for fputc
    printf1.o(i.__0printf$1) refers to stdout.o(.data) for __stdout
    printf1.o(i.__0snprintf$1) refers to printf1.o(i._printf_core) for _printf_core
    printf1.o(i.__0snprintf$1) refers to printf1.o(i._snputc) for _snputc
    printf1.o(i.__0sprintf$1) refers to printf1.o(i._printf_core) for _printf_core
    printf1.o(i.__0sprintf$1) refers to printf1.o(i._sputc) for _sputc
    printf1.o(i.__0vfprintf$1) refers to printf1.o(i._printf_core) for _printf_core
    printf1.o(i.__0vfprintf$1) refers to fputc.o(i.fputc) for fputc
    printf1.o(i.__0vprintf$1) refers to printf1.o(i._printf_core) for _printf_core
    printf1.o(i.__0vprintf$1) refers to fputc.o(i.fputc) for fputc
    printf1.o(i.__0vprintf$1) refers to stdout.o(.data) for __stdout
    printf1.o(i.__0vsnprintf$1) refers to printf1.o(i._printf_core) for _printf_core
    printf1.o(i.__0vsnprintf$1) refers to printf1.o(i._snputc) for _snputc
    printf1.o(i.__0vsprintf$1) refers to printf1.o(i._printf_core) for _printf_core
    printf1.o(i.__0vsprintf$1) refers to printf1.o(i._sputc) for _sputc
    printf1.o(i._printf_core) refers to uidiv.o(.text) for __aeabi_uidivmod
    printf2.o(i.__0fprintf$2) refers to printf2.o(i._printf_core) for _printf_core
    printf2.o(i.__0fprintf$2) refers to fputc.o(i.fputc) for fputc
    printf2.o(i.__0printf$2) refers to printf2.o(i._printf_core) for _printf_core
    printf2.o(i.__0printf$2) refers to fputc.o(i.fputc) for fputc
    printf2.o(i.__0printf$2) refers to stdout.o(.data) for __stdout
    printf2.o(i.__0snprintf$2) refers to printf2.o(i._printf_core) for _printf_core
    printf2.o(i.__0snprintf$2) refers to printf2.o(i._snputc) for _snputc
    printf2.o(i.__0sprintf$2) refers to printf2.o(i._printf_core) for _printf_core
    printf2.o(i.__0sprintf$2) refers to printf2.o(i._sputc) for _sputc
    printf2.o(i.__0vfprintf$2) refers to printf2.o(i._printf_core) for _printf_core
    printf2.o(i.__0vfprintf$2) refers to fputc.o(i.fputc) for fputc
    printf2.o(i.__0vprintf$2) refers to printf2.o(i._printf_core) for _printf_core
    printf2.o(i.__0vprintf$2) refers to fputc.o(i.fputc) for fputc
    printf2.o(i.__0vprintf$2) refers to stdout.o(.data) for __stdout
    printf2.o(i.__0vsnprintf$2) refers to printf2.o(i._printf_core) for _printf_core
    printf2.o(i.__0vsnprintf$2) refers to printf2.o(i._snputc) for _snputc
    printf2.o(i.__0vsprintf$2) refers to printf2.o(i._printf_core) for _printf_core
    printf2.o(i.__0vsprintf$2) refers to printf2.o(i._sputc) for _sputc
    printf3.o(i.__0fprintf$3) refers to printf3.o(i._printf_core) for _printf_core
    printf3.o(i.__0fprintf$3) refers to fputc.o(i.fputc) for fputc
    printf3.o(i.__0printf$3) refers to printf3.o(i._printf_core) for _printf_core
    printf3.o(i.__0printf$3) refers to fputc.o(i.fputc) for fputc
    printf3.o(i.__0printf$3) refers to stdout.o(.data) for __stdout
    printf3.o(i.__0snprintf$3) refers to printf3.o(i._printf_core) for _printf_core
    printf3.o(i.__0snprintf$3) refers to printf3.o(i._snputc) for _snputc
    printf3.o(i.__0sprintf$3) refers to printf3.o(i._printf_core) for _printf_core
    printf3.o(i.__0sprintf$3) refers to printf3.o(i._sputc) for _sputc
    printf3.o(i.__0vfprintf$3) refers to printf3.o(i._printf_core) for _printf_core
    printf3.o(i.__0vfprintf$3) refers to fputc.o(i.fputc) for fputc
    printf3.o(i.__0vprintf$3) refers to printf3.o(i._printf_core) for _printf_core
    printf3.o(i.__0vprintf$3) refers to fputc.o(i.fputc) for fputc
    printf3.o(i.__0vprintf$3) refers to stdout.o(.data) for __stdout
    printf3.o(i.__0vsnprintf$3) refers to printf3.o(i._printf_core) for _printf_core
    printf3.o(i.__0vsnprintf$3) refers to printf3.o(i._snputc) for _snputc
    printf3.o(i.__0vsprintf$3) refers to printf3.o(i._printf_core) for _printf_core
    printf3.o(i.__0vsprintf$3) refers to printf3.o(i._sputc) for _sputc
    printf3.o(i._printf_core) refers to uidiv.o(.text) for __aeabi_uidivmod
    printf4.o(i.__0fprintf$4) refers to printf4.o(i._printf_core) for _printf_core
    printf4.o(i.__0fprintf$4) refers to fputc.o(i.fputc) for fputc
    printf4.o(i.__0printf$4) refers to printf4.o(i._printf_core) for _printf_core
    printf4.o(i.__0printf$4) refers to fputc.o(i.fputc) for fputc
    printf4.o(i.__0printf$4) refers to stdout.o(.data) for __stdout
    printf4.o(i.__0snprintf$4) refers to printf4.o(i._printf_core) for _printf_core
    printf4.o(i.__0snprintf$4) refers to printf4.o(i._snputc) for _snputc
    printf4.o(i.__0sprintf$4) refers to printf4.o(i._printf_core) for _printf_core
    printf4.o(i.__0sprintf$4) refers to printf4.o(i._sputc) for _sputc
    printf4.o(i.__0vfprintf$4) refers to printf4.o(i._printf_core) for _printf_core
    printf4.o(i.__0vfprintf$4) refers to fputc.o(i.fputc) for fputc
    printf4.o(i.__0vprintf$4) refers to printf4.o(i._printf_core) for _printf_core
    printf4.o(i.__0vprintf$4) refers to fputc.o(i.fputc) for fputc
    printf4.o(i.__0vprintf$4) refers to stdout.o(.data) for __stdout
    printf4.o(i.__0vsnprintf$4) refers to printf4.o(i._printf_core) for _printf_core
    printf4.o(i.__0vsnprintf$4) refers to printf4.o(i._snputc) for _snputc
    printf4.o(i.__0vsprintf$4) refers to printf4.o(i._printf_core) for _printf_core
    printf4.o(i.__0vsprintf$4) refers to printf4.o(i._sputc) for _sputc
    printf4.o(i._printf_core) refers to uldiv.o(.text) for __aeabi_uldivmod
    printf5.o(i.__0fprintf$5) refers to printf5.o(i._printf_core) for _printf_core
    printf5.o(i.__0fprintf$5) refers to fputc.o(i.fputc) for fputc
    printf5.o(i.__0printf$5) refers to printf5.o(i._printf_core) for _printf_core
    printf5.o(i.__0printf$5) refers to fputc.o(i.fputc) for fputc
    printf5.o(i.__0printf$5) refers to stdout.o(.data) for __stdout
    printf5.o(i.__0snprintf$5) refers to printf5.o(i._printf_core) for _printf_core
    printf5.o(i.__0snprintf$5) refers to printf5.o(i._snputc) for _snputc
    printf5.o(i.__0sprintf$5) refers to printf5.o(i._printf_core) for _printf_core
    printf5.o(i.__0sprintf$5) refers to printf5.o(i._sputc) for _sputc
    printf5.o(i.__0vfprintf$5) refers to printf5.o(i._printf_core) for _printf_core
    printf5.o(i.__0vfprintf$5) refers to fputc.o(i.fputc) for fputc
    printf5.o(i.__0vprintf$5) refers to printf5.o(i._printf_core) for _printf_core
    printf5.o(i.__0vprintf$5) refers to fputc.o(i.fputc) for fputc
    printf5.o(i.__0vprintf$5) refers to stdout.o(.data) for __stdout
    printf5.o(i.__0vsnprintf$5) refers to printf5.o(i._printf_core) for _printf_core
    printf5.o(i.__0vsnprintf$5) refers to printf5.o(i._snputc) for _snputc
    printf5.o(i.__0vsprintf$5) refers to printf5.o(i._printf_core) for _printf_core
    printf5.o(i.__0vsprintf$5) refers to printf5.o(i._sputc) for _sputc
    printf5.o(i._printf_core) refers to uldiv.o(.text) for __aeabi_uldivmod
    printf6.o(i.__0fprintf$6) refers to printf6.o(i._printf_core) for _printf_core
    printf6.o(i.__0fprintf$6) refers to fputc.o(i.fputc) for fputc
    printf6.o(i.__0printf$6) refers to printf6.o(i._printf_core) for _printf_core
    printf6.o(i.__0printf$6) refers to fputc.o(i.fputc) for fputc
    printf6.o(i.__0printf$6) refers to stdout.o(.data) for __stdout
    printf6.o(i.__0snprintf$6) refers to printf6.o(i._printf_core) for _printf_core
    printf6.o(i.__0snprintf$6) refers to printf6.o(i._snputc) for _snputc
    printf6.o(i.__0sprintf$6) refers to printf6.o(i._printf_core) for _printf_core
    printf6.o(i.__0sprintf$6) refers to printf6.o(i._sputc) for _sputc
    printf6.o(i.__0vfprintf$6) refers to printf6.o(i._printf_core) for _printf_core
    printf6.o(i.__0vfprintf$6) refers to fputc.o(i.fputc) for fputc
    printf6.o(i.__0vprintf$6) refers to printf6.o(i._printf_core) for _printf_core
    printf6.o(i.__0vprintf$6) refers to fputc.o(i.fputc) for fputc
    printf6.o(i.__0vprintf$6) refers to stdout.o(.data) for __stdout
    printf6.o(i.__0vsnprintf$6) refers to printf6.o(i._printf_core) for _printf_core
    printf6.o(i.__0vsnprintf$6) refers to printf6.o(i._snputc) for _snputc
    printf6.o(i.__0vsprintf$6) refers to printf6.o(i._printf_core) for _printf_core
    printf6.o(i.__0vsprintf$6) refers to printf6.o(i._sputc) for _sputc
    printf6.o(i._printf_core) refers to printf6.o(i._printf_pre_padding) for _printf_pre_padding
    printf6.o(i._printf_core) refers to uidiv.o(.text) for __aeabi_uidivmod
    printf6.o(i._printf_core) refers to printf6.o(i._printf_post_padding) for _printf_post_padding
    printf7.o(i.__0fprintf$7) refers to printf7.o(i._printf_core) for _printf_core
    printf7.o(i.__0fprintf$7) refers to fputc.o(i.fputc) for fputc
    printf7.o(i.__0printf$7) refers to printf7.o(i._printf_core) for _printf_core
    printf7.o(i.__0printf$7) refers to fputc.o(i.fputc) for fputc
    printf7.o(i.__0printf$7) refers to stdout.o(.data) for __stdout
    printf7.o(i.__0snprintf$7) refers to printf7.o(i._printf_core) for _printf_core
    printf7.o(i.__0snprintf$7) refers to printf7.o(i._snputc) for _snputc
    printf7.o(i.__0sprintf$7) refers to printf7.o(i._printf_core) for _printf_core
    printf7.o(i.__0sprintf$7) refers to printf7.o(i._sputc) for _sputc
    printf7.o(i.__0vfprintf$7) refers to printf7.o(i._printf_core) for _printf_core
    printf7.o(i.__0vfprintf$7) refers to fputc.o(i.fputc) for fputc
    printf7.o(i.__0vprintf$7) refers to printf7.o(i._printf_core) for _printf_core
    printf7.o(i.__0vprintf$7) refers to fputc.o(i.fputc) for fputc
    printf7.o(i.__0vprintf$7) refers to stdout.o(.data) for __stdout
    printf7.o(i.__0vsnprintf$7) refers to printf7.o(i._printf_core) for _printf_core
    printf7.o(i.__0vsnprintf$7) refers to printf7.o(i._snputc) for _snputc
    printf7.o(i.__0vsprintf$7) refers to printf7.o(i._printf_core) for _printf_core
    printf7.o(i.__0vsprintf$7) refers to printf7.o(i._sputc) for _sputc
    printf7.o(i._printf_core) refers to printf7.o(i._printf_pre_padding) for _printf_pre_padding
    printf7.o(i._printf_core) refers to uldiv.o(.text) for __aeabi_uldivmod
    printf7.o(i._printf_core) refers to printf7.o(i._printf_post_padding) for _printf_post_padding
    printf8.o(i.__0fprintf$8) refers to printf8.o(i._printf_core) for _printf_core
    printf8.o(i.__0fprintf$8) refers to fputc.o(i.fputc) for fputc
    printf8.o(i.__0printf$8) refers to printf8.o(i._printf_core) for _printf_core
    printf8.o(i.__0printf$8) refers to fputc.o(i.fputc) for fputc
    printf8.o(i.__0printf$8) refers to stdout.o(.data) for __stdout
    printf8.o(i.__0snprintf$8) refers to printf8.o(i._printf_core) for _printf_core
    printf8.o(i.__0snprintf$8) refers to printf8.o(i._snputc) for _snputc
    printf8.o(i.__0sprintf$8) refers to printf8.o(i._printf_core) for _printf_core
    printf8.o(i.__0sprintf$8) refers to printf8.o(i._sputc) for _sputc
    printf8.o(i.__0vfprintf$8) refers to printf8.o(i._printf_core) for _printf_core
    printf8.o(i.__0vfprintf$8) refers to fputc.o(i.fputc) for fputc
    printf8.o(i.__0vprintf$8) refers to printf8.o(i._printf_core) for _printf_core
    printf8.o(i.__0vprintf$8) refers to fputc.o(i.fputc) for fputc
    printf8.o(i.__0vprintf$8) refers to stdout.o(.data) for __stdout
    printf8.o(i.__0vsnprintf$8) refers to printf8.o(i._printf_core) for _printf_core
    printf8.o(i.__0vsnprintf$8) refers to printf8.o(i._snputc) for _snputc
    printf8.o(i.__0vsprintf$8) refers to printf8.o(i._printf_core) for _printf_core
    printf8.o(i.__0vsprintf$8) refers to printf8.o(i._sputc) for _sputc
    printf8.o(i._printf_core) refers to printf8.o(i._printf_pre_padding) for _printf_pre_padding
    printf8.o(i._printf_core) refers to uldiv.o(.text) for __aeabi_uldivmod
    printf8.o(i._printf_core) refers to printf8.o(i._printf_post_padding) for _printf_post_padding
    printfa.o(i.__0fprintf) refers (Special) to iusefp.o(.text) for __I$use$fp
    printfa.o(i.__0fprintf) refers to printfa.o(i._printf_core) for _printf_core
    printfa.o(i.__0fprintf) refers to fputc.o(i.fputc) for fputc
    printfa.o(i.__0printf) refers (Special) to iusefp.o(.text) for __I$use$fp
    printfa.o(i.__0printf) refers to printfa.o(i._printf_core) for _printf_core
    printfa.o(i.__0printf) refers to fputc.o(i.fputc) for fputc
    printfa.o(i.__0printf) refers to stdout.o(.data) for __stdout
    printfa.o(i.__0snprintf) refers (Special) to iusefp.o(.text) for __I$use$fp
    printfa.o(i.__0snprintf) refers to printfa.o(i._printf_core) for _printf_core
    printfa.o(i.__0snprintf) refers to printfa.o(i._snputc) for _snputc
    printfa.o(i.__0sprintf) refers (Special) to iusefp.o(.text) for __I$use$fp
    printfa.o(i.__0sprintf) refers to printfa.o(i._printf_core) for _printf_core
    printfa.o(i.__0sprintf) refers to printfa.o(i._sputc) for _sputc
    printfa.o(i.__0vfprintf) refers (Special) to iusefp.o(.text) for __I$use$fp
    printfa.o(i.__0vfprintf) refers to printfa.o(i._printf_core) for _printf_core
    printfa.o(i.__0vfprintf) refers to fputc.o(i.fputc) for fputc
    printfa.o(i.__0vprintf) refers (Special) to iusefp.o(.text) for __I$use$fp
    printfa.o(i.__0vprintf) refers to printfa.o(i._printf_core) for _printf_core
    printfa.o(i.__0vprintf) refers to fputc.o(i.fputc) for fputc
    printfa.o(i.__0vprintf) refers to stdout.o(.data) for __stdout
    printfa.o(i.__0vsnprintf) refers (Special) to iusefp.o(.text) for __I$use$fp
    printfa.o(i.__0vsnprintf) refers to printfa.o(i._printf_core) for _printf_core
    printfa.o(i.__0vsnprintf) refers to printfa.o(i._snputc) for _snputc
    printfa.o(i.__0vsprintf) refers (Special) to iusefp.o(.text) for __I$use$fp
    printfa.o(i.__0vsprintf) refers to printfa.o(i._printf_core) for _printf_core
    printfa.o(i.__0vsprintf) refers to printfa.o(i._sputc) for _sputc
    printfa.o(i._fp_digits) refers (Special) to iusefp.o(.text) for __I$use$fp
    printfa.o(i._fp_digits) refers to dmul.o(.text) for __aeabi_dmul
    printfa.o(i._fp_digits) refers to ddiv.o(.text) for __aeabi_ddiv
    printfa.o(i._fp_digits) refers to cdrcmple.o(.text) for __aeabi_cdrcmple
    printfa.o(i._fp_digits) refers to dadd.o(.text) for __aeabi_dadd
    printfa.o(i._fp_digits) refers to dfixul.o(.text) for __aeabi_d2ulz
    printfa.o(i._fp_digits) refers to uldiv.o(.text) for __aeabi_uldivmod
    printfa.o(i._printf_core) refers (Special) to iusefp.o(.text) for __I$use$fp
    printfa.o(i._printf_core) refers to printfa.o(i._printf_pre_padding) for _printf_pre_padding
    printfa.o(i._printf_core) refers to uldiv.o(.text) for __aeabi_uldivmod
    printfa.o(i._printf_core) refers to printfa.o(i._printf_post_padding) for _printf_post_padding
    printfa.o(i._printf_core) refers to printfa.o(i._fp_digits) for _fp_digits
    printfa.o(i._printf_core) refers to uidiv.o(.text) for __aeabi_uidivmod
    printfa.o(i._printf_post_padding) refers (Special) to iusefp.o(.text) for __I$use$fp
    printfa.o(i._printf_pre_padding) refers (Special) to iusefp.o(.text) for __I$use$fp
    printfa.o(i._snputc) refers (Special) to iusefp.o(.text) for __I$use$fp
    printfa.o(i._sputc) refers (Special) to iusefp.o(.text) for __I$use$fp
    dmul.o(.text) refers (Special) to iusefp.o(.text) for __I$use$fp
    dmul.o(.text) refers to depilogue.o(.text) for _double_epilogue
    ddiv.o(.text) refers (Special) to iusefp.o(.text) for __I$use$fp
    ddiv.o(.text) refers to depilogue.o(.text) for _double_round
    dfltui.o(.text) refers (Special) to iusefp.o(.text) for __I$use$fp
    dfltui.o(.text) refers to depilogue.o(.text) for _double_epilogue
    d2f.o(.text) refers (Special) to iusefp.o(.text) for __I$use$fp
    d2f.o(.text) refers to fepilogue.o(.text) for _float_round
    cfrcmple.o(.text) refers (Special) to iusefp.o(.text) for __I$use$fp
    entry2.o(.ARM.Collect$$$$00000001) refers to entry2.o(.ARM.Collect$$$$00002712) for __lit__00000000
    entry2.o(.ARM.Collect$$$$00002712) refers to startup_stm32l1xx_md.o(STACK) for __initial_sp
    entry2.o(__vectab_stack_and_reset_area) refers to startup_stm32l1xx_md.o(STACK) for __initial_sp
    entry2.o(__vectab_stack_and_reset_area) refers to entry.o(.ARM.Collect$$$$00000000) for __main
    entry5.o(.ARM.Collect$$$$00000004) refers to init.o(.text) for __scatterload
    entry8.o(.ARM.Collect$$$$00000009) refers to main.o(.text) for main
    fputc.o(i.fputc) refers (Special) to iusesemip.o(.text) for __I$use$semihosting$fputc
    fputc.o(i.fputc) refers (Special) to semi.o(.text) for __semihosting_library_function
    uldiv.o(.text) refers to llushr.o(.text) for __aeabi_llsr
    uldiv.o(.text) refers to llshl.o(.text) for __aeabi_llsl
    depilogue.o(.text) refers to llshl.o(.text) for __aeabi_llsl
    depilogue.o(.text) refers to llushr.o(.text) for __aeabi_llsr
    dadd.o(.text) refers to llshl.o(.text) for __aeabi_llsl
    dadd.o(.text) refers to llsshr.o(.text) for __aeabi_lasr
    dadd.o(.text) refers to depilogue.o(.text) for _double_epilogue
    dfixul.o(.text) refers to llushr.o(.text) for __aeabi_llsr
    dfixul.o(.text) refers to llshl.o(.text) for __aeabi_llsl
    init.o(.text) refers to entry5.o(.ARM.Collect$$$$00000004) for __main_after_scatterload


==============================================================================

Removing Unused input sections from the image.

    Removing onewire.o(.rev16_text), (4 bytes).
    Removing onewire.o(.revsh_text), (4 bytes).
    Removing main.o(.rev16_text), (4 bytes).
    Removing main.o(.revsh_text), (4 bytes).
    Removing ext_lcd.o(.rev16_text), (4 bytes).
    Removing ext_lcd.o(.revsh_text), (4 bytes).
    Removing startup_stm32l1xx_md.o(HEAP), (512 bytes).
    Removing system_stm32l1xx.o(.rev16_text), (4 bytes).
    Removing system_stm32l1xx.o(.revsh_text), (4 bytes).
    Removing stm32l1xx_tim.o(.rev16_text), (4 bytes).
    Removing stm32l1xx_tim.o(.revsh_text), (4 bytes).
    Removing stm32l1xx_rtc.o(.rev16_text), (4 bytes).
    Removing stm32l1xx_rtc.o(.revsh_text), (4 bytes).
    Removing stm32l1xx_rtc.o(.text), (2720 bytes).
    Removing stm32l1xx_rcc.o(.rev16_text), (4 bytes).
    Removing stm32l1xx_rcc.o(.revsh_text), (4 bytes).
    Removing stm32l1xx_adc.o(.rev16_text), (4 bytes).
    Removing stm32l1xx_adc.o(.revsh_text), (4 bytes).
    Removing stm32l1xx_dac.o(.rev16_text), (4 bytes).
    Removing stm32l1xx_dac.o(.revsh_text), (4 bytes).
    Removing stm32l1xx_dac.o(.text), (492 bytes).
    Removing stm32l1xx_dma.o(.rev16_text), (4 bytes).
    Removing stm32l1xx_dma.o(.revsh_text), (4 bytes).
    Removing stm32l1xx_gpio.o(.rev16_text), (4 bytes).
    Removing stm32l1xx_gpio.o(.revsh_text), (4 bytes).
    Removing misc.o(.rev16_text), (4 bytes).
    Removing misc.o(.revsh_text), (4 bytes).
    Removing stm32l1xx_usart.o(.rev16_text), (4 bytes).
    Removing stm32l1xx_usart.o(.revsh_text), (4 bytes).
    Removing stm32l1xx_syscfg.o(.rev16_text), (4 bytes).
    Removing stm32l1xx_syscfg.o(.revsh_text), (4 bytes).
    Removing stm32l1xx_pwr.o(.rev16_text), (4 bytes).
    Removing stm32l1xx_pwr.o(.revsh_text), (4 bytes).
    Removing stm32l1xx_flash.o(.rev16_text), (4 bytes).
    Removing stm32l1xx_flash.o(.revsh_text), (4 bytes).
    Removing stm32l1xx_exti.o(.rev16_text), (4 bytes).
    Removing stm32l1xx_exti.o(.revsh_text), (4 bytes).
    Removing dadd.o(.text), (332 bytes).
    Removing dfixul.o(.text), (48 bytes).
    Removing cdrcmple.o(.text), (40 bytes).

40 unused section(s) (total 4280 bytes) removed from the image.

==============================================================================

Image Symbol Table

    Local Symbols

    Symbol Name                              Value     Ov Type        Size  Object(Section)

    ../../microlib/d2f.c                     0x00000000   Number         0  d2f.o ABSOLUTE
    ../../microlib/division.c                0x00000000   Number         0  uldiv.o ABSOLUTE
    ../../microlib/division.c                0x00000000   Number         0  uidiv.o ABSOLUTE
    ../../microlib/fpadd.c                   0x00000000   Number         0  dadd.o ABSOLUTE
    ../../microlib/fpdiv.c                   0x00000000   Number         0  ddiv.o ABSOLUTE
    ../../microlib/fpepilogue.c              0x00000000   Number         0  depilogue.o ABSOLUTE
    ../../microlib/fpepilogue.c              0x00000000   Number         0  fepilogue.o ABSOLUTE
    ../../microlib/fpfix.c                   0x00000000   Number         0  dfixul.o ABSOLUTE
    ../../microlib/fpflt.c                   0x00000000   Number         0  dfltui.o ABSOLUTE
    ../../microlib/fpmul.c                   0x00000000   Number         0  dmul.o ABSOLUTE
    ../../microlib/init/entry.s              0x00000000   Number         0  entry.o ABSOLUTE
    ../../microlib/init/entry.s              0x00000000   Number         0  entry5.o ABSOLUTE
    ../../microlib/init/entry.s              0x00000000   Number         0  entry8.o ABSOLUTE
    ../../microlib/init/entry.s              0x00000000   Number         0  entry7b.o ABSOLUTE
    ../../microlib/init/entry.s              0x00000000   Number         0  entry7a.o ABSOLUTE
    ../../microlib/init/entry.s              0x00000000   Number         0  entry2.o ABSOLUTE
    ../../microlib/longlong.c                0x00000000   Number         0  llshl.o ABSOLUTE
    ../../microlib/longlong.c                0x00000000   Number         0  llushr.o ABSOLUTE
    ../../microlib/longlong.c                0x00000000   Number         0  llsshr.o ABSOLUTE
    ../../microlib/printf/printf.c           0x00000000   Number         0  printf7.o ABSOLUTE
    ../../microlib/printf/printf.c           0x00000000   Number         0  printfb.o ABSOLUTE
    ../../microlib/printf/printf.c           0x00000000   Number         0  printf6.o ABSOLUTE
    ../../microlib/printf/printf.c           0x00000000   Number         0  printf8.o ABSOLUTE
    ../../microlib/printf/printf.c           0x00000000   Number         0  printf0.o ABSOLUTE
    ../../microlib/printf/printf.c           0x00000000   Number         0  printfa.o ABSOLUTE
    ../../microlib/printf/printf.c           0x00000000   Number         0  printf2.o ABSOLUTE
    ../../microlib/printf/printf.c           0x00000000   Number         0  printf1.o ABSOLUTE
    ../../microlib/printf/printf.c           0x00000000   Number         0  printf5.o ABSOLUTE
    ../../microlib/printf/printf.c           0x00000000   Number         0  printf3.o ABSOLUTE
    ../../microlib/printf/printf.c           0x00000000   Number         0  printf4.o ABSOLUTE
    ../../microlib/printf/stubs.s            0x00000000   Number         0  stubs.o ABSOLUTE
    ../../microlib/stdio/fputc.c             0x00000000   Number         0  fputc.o ABSOLUTE
    ../../microlib/stdio/semi.s              0x00000000   Number         0  semi.o ABSOLUTE
    ../../microlib/stdio/streams.c           0x00000000   Number         0  stdout.o ABSOLUTE
    ../../microlib/stubs.s                   0x00000000   Number         0  iusefp.o ABSOLUTE
    ../../microlib/stubs.s                   0x00000000   Number         0  iusesemip.o ABSOLUTE
    ..\STM32L1xx_StdPeriph_Driver\src\misc.c 0x00000000   Number         0  misc.o ABSOLUTE
    ..\STM32L1xx_StdPeriph_Driver\src\stm32l1xx_adc.c 0x00000000   Number         0  stm32l1xx_adc.o ABSOLUTE
    ..\STM32L1xx_StdPeriph_Driver\src\stm32l1xx_dac.c 0x00000000   Number         0  stm32l1xx_dac.o ABSOLUTE
    ..\STM32L1xx_StdPeriph_Driver\src\stm32l1xx_dma.c 0x00000000   Number         0  stm32l1xx_dma.o ABSOLUTE
    ..\STM32L1xx_StdPeriph_Driver\src\stm32l1xx_exti.c 0x00000000   Number         0  stm32l1xx_exti.o ABSOLUTE
    ..\STM32L1xx_StdPeriph_Driver\src\stm32l1xx_flash.c 0x00000000   Number         0  stm32l1xx_flash.o ABSOLUTE
    ..\STM32L1xx_StdPeriph_Driver\src\stm32l1xx_gpio.c 0x00000000   Number         0  stm32l1xx_gpio.o ABSOLUTE
    ..\STM32L1xx_StdPeriph_Driver\src\stm32l1xx_pwr.c 0x00000000   Number         0  stm32l1xx_pwr.o ABSOLUTE
    ..\STM32L1xx_StdPeriph_Driver\src\stm32l1xx_rcc.c 0x00000000   Number         0  stm32l1xx_rcc.o ABSOLUTE
    ..\STM32L1xx_StdPeriph_Driver\src\stm32l1xx_rtc.c 0x00000000   Number         0  stm32l1xx_rtc.o ABSOLUTE
    ..\STM32L1xx_StdPeriph_Driver\src\stm32l1xx_syscfg.c 0x00000000   Number         0  stm32l1xx_syscfg.o ABSOLUTE
    ..\STM32L1xx_StdPeriph_Driver\src\stm32l1xx_tim.c 0x00000000   Number         0  stm32l1xx_tim.o ABSOLUTE
    ..\STM32L1xx_StdPeriph_Driver\src\stm32l1xx_usart.c 0x00000000   Number         0  stm32l1xx_usart.o ABSOLUTE
    ..\\STM32L1xx_StdPeriph_Driver\\src\\misc.c 0x00000000   Number         0  misc.o ABSOLUTE
    ..\\STM32L1xx_StdPeriph_Driver\\src\\stm32l1xx_adc.c 0x00000000   Number         0  stm32l1xx_adc.o ABSOLUTE
    ..\\STM32L1xx_StdPeriph_Driver\\src\\stm32l1xx_dac.c 0x00000000   Number         0  stm32l1xx_dac.o ABSOLUTE
    ..\\STM32L1xx_StdPeriph_Driver\\src\\stm32l1xx_dma.c 0x00000000   Number         0  stm32l1xx_dma.o ABSOLUTE
    ..\\STM32L1xx_StdPeriph_Driver\\src\\stm32l1xx_exti.c 0x00000000   Number         0  stm32l1xx_exti.o ABSOLUTE
    ..\\STM32L1xx_StdPeriph_Driver\\src\\stm32l1xx_flash.c 0x00000000   Number         0  stm32l1xx_flash.o ABSOLUTE
    ..\\STM32L1xx_StdPeriph_Driver\\src\\stm32l1xx_gpio.c 0x00000000   Number         0  stm32l1xx_gpio.o ABSOLUTE
    ..\\STM32L1xx_StdPeriph_Driver\\src\\stm32l1xx_pwr.c 0x00000000   Number         0  stm32l1xx_pwr.o ABSOLUTE
    ..\\STM32L1xx_StdPeriph_Driver\\src\\stm32l1xx_rcc.c 0x00000000   Number         0  stm32l1xx_rcc.o ABSOLUTE
    ..\\STM32L1xx_StdPeriph_Driver\\src\\stm32l1xx_rtc.c 0x00000000   Number         0  stm32l1xx_rtc.o ABSOLUTE
    ..\\STM32L1xx_StdPeriph_Driver\\src\\stm32l1xx_syscfg.c 0x00000000   Number         0  stm32l1xx_syscfg.o ABSOLUTE
    ..\\STM32L1xx_StdPeriph_Driver\\src\\stm32l1xx_tim.c 0x00000000   Number         0  stm32l1xx_tim.o ABSOLUTE
    ..\\STM32L1xx_StdPeriph_Driver\\src\\stm32l1xx_usart.c 0x00000000   Number         0  stm32l1xx_usart.o ABSOLUTE
    cdrcmple.s                               0x00000000   Number         0  cdrcmple.o ABSOLUTE
    cfrcmple.s                               0x00000000   Number         0  cfrcmple.o ABSOLUTE
    dc.s                                     0x00000000   Number         0  dc.o ABSOLUTE
    ext_lcd.c                                0x00000000   Number         0  ext_lcd.o ABSOLUTE
    ext_lcd.c                                0x00000000   Number         0  ext_lcd.o ABSOLUTE
    handlers.s                               0x00000000   Number         0  handlers.o ABSOLUTE
    init.s                                   0x00000000   Number         0  init.o ABSOLUTE
    main.c                                   0x00000000   Number         0  main.o ABSOLUTE
    main.c                                   0x00000000   Number         0  main.o ABSOLUTE
    onewire.c                                0x00000000   Number         0  onewire.o ABSOLUTE
    onewire.c                                0x00000000   Number         0  onewire.o ABSOLUTE
    startup_stm32l1xx_md.s                   0x00000000   Number         0  startup_stm32l1xx_md.o ABSOLUTE
    system_stm32l1xx.c                       0x00000000   Number         0  system_stm32l1xx.o ABSOLUTE
    system_stm32l1xx.c                       0x00000000   Number         0  system_stm32l1xx.o ABSOLUTE
    RESET                                    0x08000000   Section      244  startup_stm32l1xx_md.o(RESET)
    .ARM.Collect$$$$00000000                 0x080000f4   Section        0  entry.o(.ARM.Collect$$$$00000000)
    .ARM.Collect$$$$00000001                 0x080000f4   Section        4  entry2.o(.ARM.Collect$$$$00000001)
    .ARM.Collect$$$$00000004                 0x080000f8   Section        4  entry5.o(.ARM.Collect$$$$00000004)
    .ARM.Collect$$$$00000008                 0x080000fc   Section        0  entry7b.o(.ARM.Collect$$$$00000008)
    .ARM.Collect$$$$00000009                 0x080000fc   Section        8  entry8.o(.ARM.Collect$$$$00000009)
    .ARM.Collect$$$$00002712                 0x08000104   Section        4  entry2.o(.ARM.Collect$$$$00002712)
    __lit__00000000                          0x08000104   Data           4  entry2.o(.ARM.Collect$$$$00002712)
    .text                                    0x08000108   Section        0  onewire.o(.text)
    .text                                    0x08000410   Section        0  main.o(.text)
    .text                                    0x08000d48   Section        0  ext_lcd.o(.text)
    .text                                    0x08000efc   Section       36  startup_stm32l1xx_md.o(.text)
    .text                                    0x08000f20   Section        0  system_stm32l1xx.o(.text)
    SetSysClock                              0x08000f21   Thumb Code   182  system_stm32l1xx.o(.text)
    .text                                    0x08001128   Section        0  stm32l1xx_tim.o(.text)
    TI4_Config                               0x08001653   Thumb Code    68  stm32l1xx_tim.o(.text)
    TI3_Config                               0x080016a9   Thumb Code    64  stm32l1xx_tim.o(.text)
    TI2_Config                               0x080016ff   Thumb Code    68  stm32l1xx_tim.o(.text)
    TI1_Config                               0x08001755   Thumb Code    56  stm32l1xx_tim.o(.text)
    .text                                    0x08001aac   Section        0  stm32l1xx_rcc.o(.text)
    .text                                    0x08001f2c   Section        0  stm32l1xx_adc.o(.text)
    .text                                    0x080023e0   Section        0  stm32l1xx_dma.o(.text)
    .text                                    0x08002590   Section        0  stm32l1xx_gpio.o(.text)
    .text                                    0x0800277c   Section        0  misc.o(.text)
    .text                                    0x08002858   Section        0  stm32l1xx_usart.o(.text)
    .text                                    0x08002be4   Section        0  stm32l1xx_syscfg.o(.text)
    .text                                    0x08002e4c   Section        0  stm32l1xx_pwr.o(.text)
    .text                                    0x08002f9c   Section        0  stm32l1xx_flash.o(.text)
    .text                                    0x080035c8   Section        0  stm32l1xx_exti.o(.text)
    .text                                    0x080036e4   Section        0  dmul.o(.text)
    .text                                    0x080037c4   Section        0  ddiv.o(.text)
    .text                                    0x080038a2   Section        0  dfltui.o(.text)
    .text                                    0x080038bc   Section        0  d2f.o(.text)
    .text                                    0x080038f4   Section       20  cfrcmple.o(.text)
    .text                                    0x08003908   Section        0  uldiv.o(.text)
    .text                                    0x0800396a   Section        0  iusefp.o(.text)
    .text                                    0x0800396a   Section        0  fepilogue.o(.text)
    .text                                    0x080039d6   Section        0  depilogue.o(.text)
    .text                                    0x08003a94   Section       36  init.o(.text)
    .text                                    0x08003ab8   Section        0  llshl.o(.text)
    .text                                    0x08003ad6   Section        0  llushr.o(.text)
    i.__0sprintf$8                           0x08003af8   Section        0  printf8.o(i.__0sprintf$8)
    i.__scatterload_copy                     0x08003b20   Section       14  handlers.o(i.__scatterload_copy)
    i.__scatterload_null                     0x08003b2e   Section        2  handlers.o(i.__scatterload_null)
    i.__scatterload_zeroinit                 0x08003b30   Section       14  handlers.o(i.__scatterload_zeroinit)
    i._printf_core                           0x08003b40   Section        0  printf8.o(i._printf_core)
    _printf_core                             0x08003b41   Thumb Code  1010  printf8.o(i._printf_core)
    i._printf_post_padding                   0x08003f60   Section        0  printf8.o(i._printf_post_padding)
    _printf_post_padding                     0x08003f61   Thumb Code    38  printf8.o(i._printf_post_padding)
    i._printf_pre_padding                    0x08003f86   Section        0  printf8.o(i._printf_pre_padding)
    _printf_pre_padding                      0x08003f87   Thumb Code    48  printf8.o(i._printf_pre_padding)
    i._sputc                                 0x08003fb6   Section        0  printf8.o(i._sputc)
    _sputc                                   0x08003fb7   Thumb Code    10  printf8.o(i._sputc)
    .data                                    0x20000000   Section        8  onewire.o(.data)
    .data                                    0x20000008   Section       71  main.o(.data)
    TimingDelay                              0x20000014   Data           4  main.o(.data)
    .data                                    0x20000050   Section       29  system_stm32l1xx.o(.data)
    .data                                    0x2000006d   Section       25  stm32l1xx_rcc.o(.data)
    PLLMulTable                              0x2000006d   Data           9  stm32l1xx_rcc.o(.data)
    APBAHBPrescTable                         0x20000076   Data          16  stm32l1xx_rcc.o(.data)
    .bss                                     0x20000088   Section      140  main.o(.bss)
    STACK                                    0x20000118   Section     1024  startup_stm32l1xx_md.o(STACK)

    Global Symbols

    Symbol Name                              Value     Ov Type        Size  Object(Section)

    BuildAttributes$$THM_ISAv4$P$D$K$B$S$PE$A:L22UL41UL21$X:L11$S22US41US21$IEEE1$IW$USESV6$~STKCKD$USESV7$~SHL$OTIME$ROPI$EBA8$MICROLIB$REQ8$PRES8$EABIv2 0x00000000   Number         0  anon$$obj.o ABSOLUTE
    __ARM_use_no_argv                        0x00000000   Number         0  main.o ABSOLUTE
    _printf_a                                0x00000000   Number         0  stubs.o ABSOLUTE
    _printf_c                                0x00000000   Number         0  stubs.o ABSOLUTE
    _printf_charcount                        0x00000000   Number         0  stubs.o ABSOLUTE
    _printf_d                                0x00000000   Number         0  stubs.o ABSOLUTE
    _printf_e                                0x00000000   Number         0  stubs.o ABSOLUTE
    _printf_f                                0x00000000   Number         0  stubs.o ABSOLUTE
    _printf_flags                            0x00000000   Number         0  stubs.o ABSOLUTE
    _printf_fp_dec                           0x00000000   Number         0  stubs.o ABSOLUTE
    _printf_fp_hex                           0x00000000   Number         0  stubs.o ABSOLUTE
    _printf_g                                0x00000000   Number         0  stubs.o ABSOLUTE
    _printf_i                                0x00000000   Number         0  stubs.o ABSOLUTE
    _printf_int_dec                          0x00000000   Number         0  stubs.o ABSOLUTE
    _printf_l                                0x00000000   Number         0  stubs.o ABSOLUTE
    _printf_lc                               0x00000000   Number         0  stubs.o ABSOLUTE
    _printf_ll                               0x00000000   Number         0  stubs.o ABSOLUTE
    _printf_lld                              0x00000000   Number         0  stubs.o ABSOLUTE
    _printf_lli                              0x00000000   Number         0  stubs.o ABSOLUTE
    _printf_llo                              0x00000000   Number         0  stubs.o ABSOLUTE
    _printf_llu                              0x00000000   Number         0  stubs.o ABSOLUTE
    _printf_llx                              0x00000000   Number         0  stubs.o ABSOLUTE
    _printf_longlong_dec                     0x00000000   Number         0  stubs.o ABSOLUTE
    _printf_longlong_hex                     0x00000000   Number         0  stubs.o ABSOLUTE
    _printf_longlong_oct                     0x00000000   Number         0  stubs.o ABSOLUTE
    _printf_ls                               0x00000000   Number         0  stubs.o ABSOLUTE
    _printf_mbtowc                           0x00000000   Number         0  stubs.o ABSOLUTE
    _printf_n                                0x00000000   Number         0  stubs.o ABSOLUTE
    _printf_o                                0x00000000   Number         0  stubs.o ABSOLUTE
    _printf_p                                0x00000000   Number         0  stubs.o ABSOLUTE
    _printf_percent                          0x00000000   Number         0  stubs.o ABSOLUTE
    _printf_pre_padding                      0x00000000   Number         0  stubs.o ABSOLUTE
    _printf_return_value                     0x00000000   Number         0  stubs.o ABSOLUTE
    _printf_s                                0x00000000   Number         0  stubs.o ABSOLUTE
    _printf_sizespec                         0x00000000   Number         0  stubs.o ABSOLUTE
    _printf_str                              0x00000000   Number         0  stubs.o ABSOLUTE
    _printf_truncate_signed                  0x00000000   Number         0  stubs.o ABSOLUTE
    _printf_truncate_unsigned                0x00000000   Number         0  stubs.o ABSOLUTE
    _printf_u                                0x00000000   Number         0  stubs.o ABSOLUTE
    _printf_wc                               0x00000000   Number         0  stubs.o ABSOLUTE
    _printf_wctomb                           0x00000000   Number         0  stubs.o ABSOLUTE
    _printf_widthprec                        0x00000000   Number         0  stubs.o ABSOLUTE
    _printf_x                                0x00000000   Number         0  stubs.o ABSOLUTE
    __decompress                              - Undefined Weak Reference
    _clock_init                               - Undefined Weak Reference
    __Vectors_Size                           0x000000f4   Number         0  startup_stm32l1xx_md.o ABSOLUTE
    __Vectors                                0x08000000   Data           4  startup_stm32l1xx_md.o(RESET)
    __Vectors_End                            0x080000f4   Data           0  startup_stm32l1xx_md.o(RESET)
    __main                                   0x080000f5   Thumb Code     0  entry.o(.ARM.Collect$$$$00000000)
    _main_stk                                0x080000f5   Thumb Code     0  entry2.o(.ARM.Collect$$$$00000001)
    _main_scatterload                        0x080000f9   Thumb Code     0  entry5.o(.ARM.Collect$$$$00000004)
    __main_after_scatterload                 0x080000fd   Thumb Code     0  entry5.o(.ARM.Collect$$$$00000004)
    _main_clock                              0x080000fd   Thumb Code     0  entry7b.o(.ARM.Collect$$$$00000008)
    _main_init                               0x080000fd   Thumb Code     0  entry8.o(.ARM.Collect$$$$00000009)
    OW_toBits                                0x08000109   Thumb Code    34  onewire.o(.text)
    OW_toByte                                0x0800012b   Thumb Code    32  onewire.o(.text)
    OW_Reset                                 0x0800014b   Thumb Code   130  onewire.o(.text)
    OW_SendBits                              0x080001cd   Thumb Code   176  onewire.o(.text)
    OW_Send                                  0x0800027d   Thumb Code   100  onewire.o(.text)
    OW_Scan                                  0x080002e1   Thumb Code   286  onewire.o(.text)
    TimingDelay_Decrement                    0x08000411   Thumb Code    28  main.o(.text)
    SysTick_Handler                          0x0800042d   Thumb Code     8  main.o(.text)
    EXTI0_IRQHandler                         0x08000435   Thumb Code    14  main.o(.text)
    TIM2_IRQHandler                          0x08000443   Thumb Code    36  main.o(.text)
    setADCDMA_TransferComplete               0x08000467   Thumb Code     8  main.o(.text)
    DMA1_Channel1_IRQHandler                 0x0800046f   Thumb Code    14  main.o(.text)
    writeCalibData                           0x0800047d   Thumb Code    70  main.o(.text)
    testFactoryCalibData                     0x080004c3   Thumb Code    24  main.o(.text)
    testUserCalibData                        0x080004db   Thumb Code    20  main.o(.text)
    configureADC_Temp                        0x080004ef   Thumb Code   292  main.o(.text)
    configureDMA                             0x08000613   Thumb Code   110  main.o(.text)
    Init_ext_LCD_GPIOs                       0x08000681   Thumb Code    72  main.o(.text)
    Init_GPIOs                               0x080006c9   Thumb Code   284  main.o(.text)
    RCC_Configuration                        0x080007e5   Thumb Code   246  main.o(.text)
    main                                     0x080008db   Thumb Code   336  main.o(.text)
    clearADCDMA_TransferComplete             0x08000a2b   Thumb Code     8  main.o(.text)
    acquireTemperatureData                   0x08000a33   Thumb Code    62  main.o(.text)
    insertionSort                            0x08000a71   Thumb Code    52  main.o(.text)
    interquartileMean                        0x08000aa5   Thumb Code    36  main.o(.text)
    processTempData                          0x08000ac9   Thumb Code   234  main.o(.text)
    Delay                                    0x08000bb3   Thumb Code    16  main.o(.text)
    GetTemperature                           0x08000bc3   Thumb Code   120  main.o(.text)
    CalculateTemperature                     0x08000c3b   Thumb Code   242  main.o(.text)
    uint16_time_diff                         0x08000d2d   Thumb Code    22  main.o(.text)
    Pulse_E                                  0x08000d49   Thumb Code    30  ext_lcd.o(.text)
    ClearBits                                0x08000d67   Thumb Code    32  ext_lcd.o(.text)
    WriteCommon                              0x08000d87   Thumb Code   102  ext_lcd.o(.text)
    WriteCtrl                                0x08000ded   Thumb Code    26  ext_lcd.o(.text)
    WriteData                                0x08000e07   Thumb Code    24  ext_lcd.o(.text)
    Clr_LCD                                  0x08000e1f   Thumb Code    16  ext_lcd.o(.text)
    GotoHome                                 0x08000e2f   Thumb Code    16  ext_lcd.o(.text)
    GotoXY                                   0x08000e3f   Thumb Code    24  ext_lcd.o(.text)
    LCD_CURS                                 0x08000e57   Thumb Code    40  ext_lcd.o(.text)
    LCD_ON                                   0x08000e7f   Thumb Code    18  ext_lcd.o(.text)
    LCD_OFF                                  0x08000e91   Thumb Code    14  ext_lcd.o(.text)
    Init_Ext_LCD                             0x08000e9f   Thumb Code    54  ext_lcd.o(.text)
    Write_LCD                                0x08000ed5   Thumb Code    32  ext_lcd.o(.text)
    Reset_Handler                            0x08000efd   Thumb Code     8  startup_stm32l1xx_md.o(.text)
    NMI_Handler                              0x08000f05   Thumb Code     2  startup_stm32l1xx_md.o(.text)
    HardFault_Handler                        0x08000f07   Thumb Code     2  startup_stm32l1xx_md.o(.text)
    MemManage_Handler                        0x08000f09   Thumb Code     2  startup_stm32l1xx_md.o(.text)
    BusFault_Handler                         0x08000f0b   Thumb Code     2  startup_stm32l1xx_md.o(.text)
    UsageFault_Handler                       0x08000f0d   Thumb Code     2  startup_stm32l1xx_md.o(.text)
    SVC_Handler                              0x08000f0f   Thumb Code     2  startup_stm32l1xx_md.o(.text)
    DebugMon_Handler                         0x08000f11   Thumb Code     2  startup_stm32l1xx_md.o(.text)
    PendSV_Handler                           0x08000f13   Thumb Code     2  startup_stm32l1xx_md.o(.text)
    ADC1_IRQHandler                          0x08000f17   Thumb Code     0  startup_stm32l1xx_md.o(.text)
    COMP_IRQHandler                          0x08000f17   Thumb Code     0  startup_stm32l1xx_md.o(.text)
    DAC_IRQHandler                           0x08000f17   Thumb Code     0  startup_stm32l1xx_md.o(.text)
    DMA1_Channel2_IRQHandler                 0x08000f17   Thumb Code     0  startup_stm32l1xx_md.o(.text)
    DMA1_Channel3_IRQHandler                 0x08000f17   Thumb Code     0  startup_stm32l1xx_md.o(.text)
    DMA1_Channel4_IRQHandler                 0x08000f17   Thumb Code     0  startup_stm32l1xx_md.o(.text)
    DMA1_Channel5_IRQHandler                 0x08000f17   Thumb Code     0  startup_stm32l1xx_md.o(.text)
    DMA1_Channel6_IRQHandler                 0x08000f17   Thumb Code     0  startup_stm32l1xx_md.o(.text)
    DMA1_Channel7_IRQHandler                 0x08000f17   Thumb Code     0  startup_stm32l1xx_md.o(.text)
    EXTI15_10_IRQHandler                     0x08000f17   Thumb Code     0  startup_stm32l1xx_md.o(.text)
    EXTI1_IRQHandler                         0x08000f17   Thumb Code     0  startup_stm32l1xx_md.o(.text)
    EXTI2_IRQHandler                         0x08000f17   Thumb Code     0  startup_stm32l1xx_md.o(.text)
    EXTI3_IRQHandler                         0x08000f17   Thumb Code     0  startup_stm32l1xx_md.o(.text)
    EXTI4_IRQHandler                         0x08000f17   Thumb Code     0  startup_stm32l1xx_md.o(.text)
    EXTI9_5_IRQHandler                       0x08000f17   Thumb Code     0  startup_stm32l1xx_md.o(.text)
    FLASH_IRQHandler                         0x08000f17   Thumb Code     0  startup_stm32l1xx_md.o(.text)
    I2C1_ER_IRQHandler                       0x08000f17   Thumb Code     0  startup_stm32l1xx_md.o(.text)
    I2C1_EV_IRQHandler                       0x08000f17   Thumb Code     0  startup_stm32l1xx_md.o(.text)
    I2C2_ER_IRQHandler                       0x08000f17   Thumb Code     0  startup_stm32l1xx_md.o(.text)
    I2C2_EV_IRQHandler                       0x08000f17   Thumb Code     0  startup_stm32l1xx_md.o(.text)
    LCD_IRQHandler                           0x08000f17   Thumb Code     0  startup_stm32l1xx_md.o(.text)
    PVD_IRQHandler                           0x08000f17   Thumb Code     0  startup_stm32l1xx_md.o(.text)
    RCC_IRQHandler                           0x08000f17   Thumb Code     0  startup_stm32l1xx_md.o(.text)
    RTC_Alarm_IRQHandler                     0x08000f17   Thumb Code     0  startup_stm32l1xx_md.o(.text)
    RTC_WKUP_IRQHandler                      0x08000f17   Thumb Code     0  startup_stm32l1xx_md.o(.text)
    SPI1_IRQHandler                          0x08000f17   Thumb Code     0  startup_stm32l1xx_md.o(.text)
    SPI2_IRQHandler                          0x08000f17   Thumb Code     0  startup_stm32l1xx_md.o(.text)
    TAMPER_STAMP_IRQHandler                  0x08000f17   Thumb Code     0  startup_stm32l1xx_md.o(.text)
    TIM10_IRQHandler                         0x08000f17   Thumb Code     0  startup_stm32l1xx_md.o(.text)
    TIM11_IRQHandler                         0x08000f17   Thumb Code     0  startup_stm32l1xx_md.o(.text)
    TIM3_IRQHandler                          0x08000f17   Thumb Code     0  startup_stm32l1xx_md.o(.text)
    TIM4_IRQHandler                          0x08000f17   Thumb Code     0  startup_stm32l1xx_md.o(.text)
    TIM6_IRQHandler                          0x08000f17   Thumb Code     0  startup_stm32l1xx_md.o(.text)
    TIM7_IRQHandler                          0x08000f17   Thumb Code     0  startup_stm32l1xx_md.o(.text)
    TIM9_IRQHandler                          0x08000f17   Thumb Code     0  startup_stm32l1xx_md.o(.text)
    USART1_IRQHandler                        0x08000f17   Thumb Code     0  startup_stm32l1xx_md.o(.text)
    USART2_IRQHandler                        0x08000f17   Thumb Code     0  startup_stm32l1xx_md.o(.text)
    USART3_IRQHandler                        0x08000f17   Thumb Code     0  startup_stm32l1xx_md.o(.text)
    USB_FS_WKUP_IRQHandler                   0x08000f17   Thumb Code     0  startup_stm32l1xx_md.o(.text)
    USB_HP_IRQHandler                        0x08000f17   Thumb Code     0  startup_stm32l1xx_md.o(.text)
    USB_LP_IRQHandler                        0x08000f17   Thumb Code     0  startup_stm32l1xx_md.o(.text)
    WWDG_IRQHandler                          0x08000f17   Thumb Code     0  startup_stm32l1xx_md.o(.text)
    SystemInit                               0x08000fd7   Thumb Code    88  system_stm32l1xx.o(.text)
    SystemCoreClockUpdate                    0x0800102f   Thumb Code   204  system_stm32l1xx.o(.text)
    TIM_DeInit                               0x08001129   Thumb Code   196  stm32l1xx_tim.o(.text)
    TIM_TimeBaseInit                         0x080011ed   Thumb Code    70  stm32l1xx_tim.o(.text)
    TIM_TimeBaseStructInit                   0x08001233   Thumb Code    16  stm32l1xx_tim.o(.text)
    TIM_PrescalerConfig                      0x08001243   Thumb Code     6  stm32l1xx_tim.o(.text)
    TIM_CounterModeConfig                    0x08001249   Thumb Code    18  stm32l1xx_tim.o(.text)
    TIM_SetCounter                           0x0800125b   Thumb Code     4  stm32l1xx_tim.o(.text)
    TIM_SetAutoreload                        0x0800125f   Thumb Code     4  stm32l1xx_tim.o(.text)
    TIM_GetCounter                           0x08001263   Thumb Code     6  stm32l1xx_tim.o(.text)
    TIM_GetPrescaler                         0x08001269   Thumb Code     6  stm32l1xx_tim.o(.text)
    TIM_UpdateDisableConfig                  0x0800126f   Thumb Code    24  stm32l1xx_tim.o(.text)
    TIM_UpdateRequestConfig                  0x08001287   Thumb Code    24  stm32l1xx_tim.o(.text)
    TIM_ARRPreloadConfig                     0x0800129f   Thumb Code    24  stm32l1xx_tim.o(.text)
    TIM_SelectOnePulseMode                   0x080012b7   Thumb Code    18  stm32l1xx_tim.o(.text)
    TIM_SetClockDivision                     0x080012c9   Thumb Code    18  stm32l1xx_tim.o(.text)
    TIM_Cmd                                  0x080012db   Thumb Code    24  stm32l1xx_tim.o(.text)
    TIM_OC1Init                              0x080012f3   Thumb Code    56  stm32l1xx_tim.o(.text)
    TIM_OC2Init                              0x0800132b   Thumb Code    66  stm32l1xx_tim.o(.text)
    TIM_OC3Init                              0x0800136d   Thumb Code    62  stm32l1xx_tim.o(.text)
    TIM_OC4Init                              0x080013ab   Thumb Code    66  stm32l1xx_tim.o(.text)
    TIM_OCStructInit                         0x080013ed   Thumb Code    12  stm32l1xx_tim.o(.text)
    TIM_SelectOCxM                           0x080013f9   Thumb Code    82  stm32l1xx_tim.o(.text)
    TIM_SetCompare1                          0x0800144b   Thumb Code     4  stm32l1xx_tim.o(.text)
    TIM_SetCompare2                          0x0800144f   Thumb Code     4  stm32l1xx_tim.o(.text)
    TIM_SetCompare3                          0x08001453   Thumb Code     4  stm32l1xx_tim.o(.text)
    TIM_SetCompare4                          0x08001457   Thumb Code     4  stm32l1xx_tim.o(.text)
    TIM_ForcedOC1Config                      0x0800145b   Thumb Code    18  stm32l1xx_tim.o(.text)
    TIM_ForcedOC2Config                      0x0800146d   Thumb Code    22  stm32l1xx_tim.o(.text)
    TIM_ForcedOC3Config                      0x08001483   Thumb Code    18  stm32l1xx_tim.o(.text)
    TIM_ForcedOC4Config                      0x08001495   Thumb Code    22  stm32l1xx_tim.o(.text)
    TIM_OC1PreloadConfig                     0x080014ab   Thumb Code    18  stm32l1xx_tim.o(.text)
    TIM_OC2PreloadConfig                     0x080014bd   Thumb Code    22  stm32l1xx_tim.o(.text)
    TIM_OC3PreloadConfig                     0x080014d3   Thumb Code    18  stm32l1xx_tim.o(.text)
    TIM_OC4PreloadConfig                     0x080014e5   Thumb Code    22  stm32l1xx_tim.o(.text)
    TIM_OC1FastConfig                        0x080014fb   Thumb Code    18  stm32l1xx_tim.o(.text)
    TIM_OC2FastConfig                        0x0800150d   Thumb Code    52  stm32l1xx_tim.o(.text)
    TIM_OC3FastConfig                        0x08001541   Thumb Code    18  stm32l1xx_tim.o(.text)
    TIM_OC4FastConfig                        0x08001553   Thumb Code    22  stm32l1xx_tim.o(.text)
    TIM_ClearOC1Ref                          0x08001569   Thumb Code    18  stm32l1xx_tim.o(.text)
    TIM_ClearOC2Ref                          0x0800157b   Thumb Code    20  stm32l1xx_tim.o(.text)
    TIM_ClearOC3Ref                          0x0800158f   Thumb Code    18  stm32l1xx_tim.o(.text)
    TIM_ClearOC4Ref                          0x080015a1   Thumb Code    20  stm32l1xx_tim.o(.text)
    TIM_OC1PolarityConfig                    0x080015b5   Thumb Code    18  stm32l1xx_tim.o(.text)
    TIM_OC2PolarityConfig                    0x080015c7   Thumb Code    22  stm32l1xx_tim.o(.text)
    TIM_OC3PolarityConfig                    0x080015dd   Thumb Code    22  stm32l1xx_tim.o(.text)
    TIM_OC4PolarityConfig                    0x080015f3   Thumb Code    22  stm32l1xx_tim.o(.text)
    TIM_SelectOCREFClear                     0x08001609   Thumb Code    18  stm32l1xx_tim.o(.text)
    TIM_CCxCmd                               0x0800161b   Thumb Code    34  stm32l1xx_tim.o(.text)
    TIM_SetIC4Prescaler                      0x0800163d   Thumb Code    22  stm32l1xx_tim.o(.text)
    TIM_SetIC3Prescaler                      0x08001697   Thumb Code    18  stm32l1xx_tim.o(.text)
    TIM_SetIC2Prescaler                      0x080016e9   Thumb Code    22  stm32l1xx_tim.o(.text)
    TIM_SetIC1Prescaler                      0x08001743   Thumb Code    18  stm32l1xx_tim.o(.text)
    TIM_ICInit                               0x0800178d   Thumb Code   110  stm32l1xx_tim.o(.text)
    TIM_ICStructInit                         0x080017fb   Thumb Code    18  stm32l1xx_tim.o(.text)
    TIM_PWMIConfig                           0x0800180d   Thumb Code   124  stm32l1xx_tim.o(.text)
    TIM_GetCapture1                          0x08001889   Thumb Code     6  stm32l1xx_tim.o(.text)
    TIM_GetCapture2                          0x0800188f   Thumb Code     6  stm32l1xx_tim.o(.text)
    TIM_GetCapture3                          0x08001895   Thumb Code     6  stm32l1xx_tim.o(.text)
    TIM_GetCapture4                          0x0800189b   Thumb Code     6  stm32l1xx_tim.o(.text)
    TIM_ITConfig                             0x080018a1   Thumb Code    24  stm32l1xx_tim.o(.text)
    TIM_GenerateEvent                        0x080018b9   Thumb Code     4  stm32l1xx_tim.o(.text)
    TIM_GetFlagStatus                        0x080018bd   Thumb Code    18  stm32l1xx_tim.o(.text)
    TIM_ClearFlag                            0x080018cf   Thumb Code     6  stm32l1xx_tim.o(.text)
    TIM_GetITStatus                          0x080018d5   Thumb Code    34  stm32l1xx_tim.o(.text)
    TIM_ClearITPendingBit                    0x080018f7   Thumb Code     6  stm32l1xx_tim.o(.text)
    TIM_DMAConfig                            0x080018fd   Thumb Code    10  stm32l1xx_tim.o(.text)
    TIM_DMACmd                               0x08001907   Thumb Code    24  stm32l1xx_tim.o(.text)
    TIM_SelectCCDMA                          0x0800191f   Thumb Code    24  stm32l1xx_tim.o(.text)
    TIM_InternalClockConfig                  0x08001937   Thumb Code    12  stm32l1xx_tim.o(.text)
    TIM_SelectInputTrigger                   0x08001943   Thumb Code    18  stm32l1xx_tim.o(.text)
    TIM_ITRxExternalClockConfig              0x08001955   Thumb Code    24  stm32l1xx_tim.o(.text)
    TIM_TIxExternalClockConfig               0x0800196d   Thumb Code    62  stm32l1xx_tim.o(.text)
    TIM_ETRConfig                            0x080019ab   Thumb Code    24  stm32l1xx_tim.o(.text)
    TIM_ETRClockMode1Config                  0x080019c3   Thumb Code    54  stm32l1xx_tim.o(.text)
    TIM_ETRClockMode2Config                  0x080019f9   Thumb Code    32  stm32l1xx_tim.o(.text)
    TIM_SelectOutputTrigger                  0x08001a19   Thumb Code    18  stm32l1xx_tim.o(.text)
    TIM_SelectSlaveMode                      0x08001a2b   Thumb Code    18  stm32l1xx_tim.o(.text)
    TIM_SelectMasterSlaveMode                0x08001a3d   Thumb Code    18  stm32l1xx_tim.o(.text)
    TIM_EncoderInterfaceConfig               0x08001a4f   Thumb Code    62  stm32l1xx_tim.o(.text)
    TIM_SelectHallSensor                     0x08001a8d   Thumb Code    24  stm32l1xx_tim.o(.text)
    TIM_RemapConfig                          0x08001aa5   Thumb Code     6  stm32l1xx_tim.o(.text)
    RCC_DeInit                               0x08001aad   Thumb Code    74  stm32l1xx_rcc.o(.text)
    RCC_HSEConfig                            0x08001af7   Thumb Code    14  stm32l1xx_rcc.o(.text)
    RCC_GetFlagStatus                        0x08001b05   Thumb Code    48  stm32l1xx_rcc.o(.text)
    RCC_WaitForHSEStartUp                    0x08001b35   Thumb Code    48  stm32l1xx_rcc.o(.text)
    RCC_AdjustMSICalibrationValue            0x08001b65   Thumb Code     8  stm32l1xx_rcc.o(.text)
    RCC_MSIRangeConfig                       0x08001b6d   Thumb Code    20  stm32l1xx_rcc.o(.text)
    RCC_MSICmd                               0x08001b81   Thumb Code     6  stm32l1xx_rcc.o(.text)
    RCC_AdjustHSICalibrationValue            0x08001b87   Thumb Code    22  stm32l1xx_rcc.o(.text)
    RCC_HSICmd                               0x08001b9d   Thumb Code     6  stm32l1xx_rcc.o(.text)
    RCC_LSEConfig                            0x08001ba3   Thumb Code    14  stm32l1xx_rcc.o(.text)
    RCC_LSICmd                               0x08001bb1   Thumb Code     6  stm32l1xx_rcc.o(.text)
    RCC_PLLConfig                            0x08001bb7   Thumb Code    16  stm32l1xx_rcc.o(.text)
    RCC_PLLCmd                               0x08001bc7   Thumb Code     6  stm32l1xx_rcc.o(.text)
    RCC_ClockSecuritySystemCmd               0x08001bcd   Thumb Code     6  stm32l1xx_rcc.o(.text)
    RCC_MCOConfig                            0x08001bd3   Thumb Code    12  stm32l1xx_rcc.o(.text)
    RCC_SYSCLKConfig                         0x08001bdf   Thumb Code    20  stm32l1xx_rcc.o(.text)
    RCC_GetSYSCLKSource                      0x08001bf3   Thumb Code    12  stm32l1xx_rcc.o(.text)
    RCC_HCLKConfig                           0x08001bff   Thumb Code    20  stm32l1xx_rcc.o(.text)
    RCC_PCLK1Config                          0x08001c13   Thumb Code    20  stm32l1xx_rcc.o(.text)
    RCC_PCLK2Config                          0x08001c27   Thumb Code    22  stm32l1xx_rcc.o(.text)
    RCC_GetClocksFreq                        0x08001c3d   Thumb Code   248  stm32l1xx_rcc.o(.text)
    RCC_RTCCLKConfig                         0x08001d35   Thumb Code    64  stm32l1xx_rcc.o(.text)
    RCC_RTCCLKCmd                            0x08001d75   Thumb Code     8  stm32l1xx_rcc.o(.text)
    RCC_RTCResetCmd                          0x08001d7d   Thumb Code     8  stm32l1xx_rcc.o(.text)
    RCC_AHBPeriphClockCmd                    0x08001d85   Thumb Code    34  stm32l1xx_rcc.o(.text)
    RCC_APB2PeriphClockCmd                   0x08001da7   Thumb Code    34  stm32l1xx_rcc.o(.text)
    RCC_APB1PeriphClockCmd                   0x08001dc9   Thumb Code    34  stm32l1xx_rcc.o(.text)
    RCC_AHBPeriphResetCmd                    0x08001deb   Thumb Code    34  stm32l1xx_rcc.o(.text)
    RCC_APB2PeriphResetCmd                   0x08001e0d   Thumb Code    34  stm32l1xx_rcc.o(.text)
    RCC_APB1PeriphResetCmd                   0x08001e2f   Thumb Code    34  stm32l1xx_rcc.o(.text)
    RCC_AHBPeriphClockLPModeCmd              0x08001e51   Thumb Code    34  stm32l1xx_rcc.o(.text)
    RCC_APB2PeriphClockLPModeCmd             0x08001e73   Thumb Code    70  stm32l1xx_rcc.o(.text)
    RCC_APB1PeriphClockLPModeCmd             0x08001eb9   Thumb Code    26  stm32l1xx_rcc.o(.text)
    RCC_ITConfig                             0x08001ed3   Thumb Code    38  stm32l1xx_rcc.o(.text)
    RCC_ClearFlag                            0x08001ef9   Thumb Code    18  stm32l1xx_rcc.o(.text)
    RCC_GetITStatus                          0x08001f0b   Thumb Code    22  stm32l1xx_rcc.o(.text)
    RCC_ClearITPendingBit                    0x08001f21   Thumb Code     8  stm32l1xx_rcc.o(.text)
    ADC_DeInit                               0x08001f2d   Thumb Code    24  stm32l1xx_adc.o(.text)
    ADC_Init                                 0x08001f45   Thumb Code    74  stm32l1xx_adc.o(.text)
    ADC_StructInit                           0x08001f8f   Thumb Code    26  stm32l1xx_adc.o(.text)
    ADC_CommonInit                           0x08001fa9   Thumb Code    22  stm32l1xx_adc.o(.text)
    ADC_CommonStructInit                     0x08001fbf   Thumb Code     6  stm32l1xx_adc.o(.text)
    ADC_Cmd                                  0x08001fc5   Thumb Code    22  stm32l1xx_adc.o(.text)
    ADC_PowerDownCmd                         0x08001fdb   Thumb Code    18  stm32l1xx_adc.o(.text)
    ADC_DelaySelectionConfig                 0x08001fed   Thumb Code    16  stm32l1xx_adc.o(.text)
    ADC_AnalogWatchdogCmd                    0x08001ffd   Thumb Code    16  stm32l1xx_adc.o(.text)
    ADC_AnalogWatchdogThresholdsConfig       0x0800200d   Thumb Code     6  stm32l1xx_adc.o(.text)
    ADC_AnalogWatchdogSingleChannelConfig    0x08002013   Thumb Code    16  stm32l1xx_adc.o(.text)
    ADC_TempSensorVrefintCmd                 0x08002023   Thumb Code    30  stm32l1xx_adc.o(.text)
    ADC_RegularChannelConfig                 0x08002041   Thumb Code   304  stm32l1xx_adc.o(.text)
    ADC_SoftwareStartConv                    0x08002171   Thumb Code    10  stm32l1xx_adc.o(.text)
    ADC_GetSoftwareStartConvStatus           0x0800217b   Thumb Code    20  stm32l1xx_adc.o(.text)
    ADC_EOCOnEachRegularChannelCmd           0x0800218f   Thumb Code    22  stm32l1xx_adc.o(.text)
    ADC_ContinuousModeCmd                    0x080021a5   Thumb Code    22  stm32l1xx_adc.o(.text)
    ADC_DiscModeChannelCountConfig           0x080021bb   Thumb Code    24  stm32l1xx_adc.o(.text)
    ADC_DiscModeCmd                          0x080021d3   Thumb Code    22  stm32l1xx_adc.o(.text)
    ADC_GetConversionValue                   0x080021e9   Thumb Code     8  stm32l1xx_adc.o(.text)
    ADC_DMACmd                               0x080021f1   Thumb Code    22  stm32l1xx_adc.o(.text)
    ADC_DMARequestAfterLastTransferCmd       0x08002207   Thumb Code    22  stm32l1xx_adc.o(.text)
    ADC_InjectedChannelConfig                0x0800221d   Thumb Code   170  stm32l1xx_adc.o(.text)
    ADC_InjectedSequencerLengthConfig        0x080022c7   Thumb Code    24  stm32l1xx_adc.o(.text)
    ADC_SetInjectedOffset                    0x080022df   Thumb Code    12  stm32l1xx_adc.o(.text)
    ADC_ExternalTrigInjectedConvConfig       0x080022eb   Thumb Code    16  stm32l1xx_adc.o(.text)
    ADC_ExternalTrigInjectedConvEdgeConfig   0x080022fb   Thumb Code    16  stm32l1xx_adc.o(.text)
    ADC_SoftwareStartInjectedConv            0x0800230b   Thumb Code    10  stm32l1xx_adc.o(.text)
    ADC_GetSoftwareStartInjectedConvCmdStatus 0x08002315   Thumb Code    36  stm32l1xx_adc.o(.text)
    ADC_AutoInjectedConvCmd                  0x08002339   Thumb Code    22  stm32l1xx_adc.o(.text)
    ADC_InjectedDiscModeCmd                  0x0800234f   Thumb Code    22  stm32l1xx_adc.o(.text)
    ADC_GetInjectedConversionValue           0x08002365   Thumb Code    18  stm32l1xx_adc.o(.text)
    ADC_ITConfig                             0x08002377   Thumb Code    32  stm32l1xx_adc.o(.text)
    ADC_GetFlagStatus                        0x08002397   Thumb Code    18  stm32l1xx_adc.o(.text)
    ADC_ClearFlag                            0x080023a9   Thumb Code     6  stm32l1xx_adc.o(.text)
    ADC_GetITStatus                          0x080023af   Thumb Code    38  stm32l1xx_adc.o(.text)
    ADC_ClearITPendingBit                    0x080023d5   Thumb Code    10  stm32l1xx_adc.o(.text)
    DMA_DeInit                               0x080023e1   Thumb Code   200  stm32l1xx_dma.o(.text)
    DMA_Init                                 0x080024a9   Thumb Code    60  stm32l1xx_dma.o(.text)
    DMA_StructInit                           0x080024e5   Thumb Code    26  stm32l1xx_dma.o(.text)
    DMA_Cmd                                  0x080024ff   Thumb Code    24  stm32l1xx_dma.o(.text)
    DMA_SetCurrDataCounter                   0x08002517   Thumb Code     4  stm32l1xx_dma.o(.text)
    DMA_GetCurrDataCounter                   0x0800251b   Thumb Code     8  stm32l1xx_dma.o(.text)
    DMA_ITConfig                             0x08002523   Thumb Code    18  stm32l1xx_dma.o(.text)
    DMA_GetFlagStatus                        0x08002535   Thumb Code    30  stm32l1xx_dma.o(.text)
    DMA_ClearFlag                            0x08002553   Thumb Code    14  stm32l1xx_dma.o(.text)
    DMA_GetITStatus                          0x08002561   Thumb Code    30  stm32l1xx_dma.o(.text)
    DMA_ClearITPendingBit                    0x0800257f   Thumb Code    14  stm32l1xx_dma.o(.text)
    GPIO_DeInit                              0x08002591   Thumb Code   148  stm32l1xx_gpio.o(.text)
    GPIO_Init                                0x08002625   Thumb Code   144  stm32l1xx_gpio.o(.text)
    GPIO_StructInit                          0x080026b5   Thumb Code    18  stm32l1xx_gpio.o(.text)
    GPIO_PinLockConfig                       0x080026c7   Thumb Code    18  stm32l1xx_gpio.o(.text)
    GPIO_ReadInputDataBit                    0x080026d9   Thumb Code    18  stm32l1xx_gpio.o(.text)
    GPIO_ReadInputData                       0x080026eb   Thumb Code     6  stm32l1xx_gpio.o(.text)
    GPIO_ReadOutputDataBit                   0x080026f1   Thumb Code    18  stm32l1xx_gpio.o(.text)
    GPIO_ReadOutputData                      0x08002703   Thumb Code     6  stm32l1xx_gpio.o(.text)
    GPIO_SetBits                             0x08002709   Thumb Code     4  stm32l1xx_gpio.o(.text)
    GPIO_ResetBits                           0x0800270d   Thumb Code     4  stm32l1xx_gpio.o(.text)
    GPIO_WriteBit                            0x08002711   Thumb Code    10  stm32l1xx_gpio.o(.text)
    GPIO_Write                               0x0800271b   Thumb Code     4  stm32l1xx_gpio.o(.text)
    GPIO_PinAFConfig                         0x0800271f   Thumb Code    70  stm32l1xx_gpio.o(.text)
    NVIC_PriorityGroupConfig                 0x0800277d   Thumb Code    10  misc.o(.text)
    NVIC_Init                                0x08002787   Thumb Code   102  misc.o(.text)
    NVIC_SetVectorTable                      0x080027ed   Thumb Code    14  misc.o(.text)
    NVIC_SystemLPConfig                      0x080027fb   Thumb Code    34  misc.o(.text)
    SysTick_CLKSourceConfig                  0x0800281d   Thumb Code    40  misc.o(.text)
    USART_DeInit                             0x08002859   Thumb Code    82  stm32l1xx_usart.o(.text)
    USART_Init                               0x080028ab   Thumb Code   192  stm32l1xx_usart.o(.text)
    USART_StructInit                         0x0800296b   Thumb Code    24  stm32l1xx_usart.o(.text)
    USART_ClockInit                          0x08002983   Thumb Code    32  stm32l1xx_usart.o(.text)
    USART_ClockStructInit                    0x080029a3   Thumb Code    12  stm32l1xx_usart.o(.text)
    USART_Cmd                                0x080029af   Thumb Code    24  stm32l1xx_usart.o(.text)
    USART_SetPrescaler                       0x080029c7   Thumb Code    16  stm32l1xx_usart.o(.text)
    USART_OverSampling8Cmd                   0x080029d7   Thumb Code    22  stm32l1xx_usart.o(.text)
    USART_OneBitMethodCmd                    0x080029ed   Thumb Code    24  stm32l1xx_usart.o(.text)
    USART_SendData                           0x08002a05   Thumb Code     8  stm32l1xx_usart.o(.text)
    USART_ReceiveData                        0x08002a0d   Thumb Code    10  stm32l1xx_usart.o(.text)
    USART_SetAddress                         0x08002a17   Thumb Code    18  stm32l1xx_usart.o(.text)
    USART_ReceiverWakeUpCmd                  0x08002a29   Thumb Code    24  stm32l1xx_usart.o(.text)
    USART_WakeUpConfig                       0x08002a41   Thumb Code    18  stm32l1xx_usart.o(.text)
    USART_LINBreakDetectLengthConfig         0x08002a53   Thumb Code    18  stm32l1xx_usart.o(.text)
    USART_LINCmd                             0x08002a65   Thumb Code    24  stm32l1xx_usart.o(.text)
    USART_SendBreak                          0x08002a7d   Thumb Code    10  stm32l1xx_usart.o(.text)
    USART_HalfDuplexCmd                      0x08002a87   Thumb Code    24  stm32l1xx_usart.o(.text)
    USART_SetGuardTime                       0x08002a9f   Thumb Code    16  stm32l1xx_usart.o(.text)
    USART_SmartCardCmd                       0x08002aaf   Thumb Code    24  stm32l1xx_usart.o(.text)
    USART_SmartCardNACKCmd                   0x08002ac7   Thumb Code    24  stm32l1xx_usart.o(.text)
    USART_IrDAConfig                         0x08002adf   Thumb Code    18  stm32l1xx_usart.o(.text)
    USART_IrDACmd                            0x08002af1   Thumb Code    24  stm32l1xx_usart.o(.text)
    USART_DMACmd                             0x08002b09   Thumb Code    24  stm32l1xx_usart.o(.text)
    USART_ITConfig                           0x08002b21   Thumb Code    64  stm32l1xx_usart.o(.text)
    USART_GetFlagStatus                      0x08002b61   Thumb Code    18  stm32l1xx_usart.o(.text)
    USART_ClearFlag                          0x08002b73   Thumb Code     6  stm32l1xx_usart.o(.text)
    USART_GetITStatus                        0x08002b79   Thumb Code    76  stm32l1xx_usart.o(.text)
    USART_ClearITPendingBit                  0x08002bc5   Thumb Code    20  stm32l1xx_usart.o(.text)
    SYSCFG_DeInit                            0x08002be5   Thumb Code    20  stm32l1xx_syscfg.o(.text)
    SYSCFG_RIDeInit                          0x08002bf9   Thumb Code    28  stm32l1xx_syscfg.o(.text)
    SYSCFG_MemoryRemapConfig                 0x08002c15   Thumb Code     6  stm32l1xx_syscfg.o(.text)
    SYSCFG_USBPuCmd                          0x08002c1b   Thumb Code    30  stm32l1xx_syscfg.o(.text)
    SYSCFG_EXTILineConfig                    0x08002c39   Thumb Code    66  stm32l1xx_syscfg.o(.text)
    SYSCFG_RITIMSelect                       0x08002c7b   Thumb Code    18  stm32l1xx_syscfg.o(.text)
    SYSCFG_RITIMInputCaptureConfig           0x08002c8d   Thumb Code    86  stm32l1xx_syscfg.o(.text)
    SYSCFG_RIResistorConfig                  0x08002ce3   Thumb Code    34  stm32l1xx_syscfg.o(.text)
    SYSCFG_RIIOSwitchConfig                  0x08002d05   Thumb Code    80  stm32l1xx_syscfg.o(.text)
    SYSCFG_RISwitchControlModeCmd            0x08002d55   Thumb Code    38  stm32l1xx_syscfg.o(.text)
    SYSCFG_RIHysteresisConfig                0x08002d7b   Thumb Code   200  stm32l1xx_syscfg.o(.text)
    PWR_DeInit                               0x08002e4d   Thumb Code    22  stm32l1xx_pwr.o(.text)
    PWR_RTCAccessCmd                         0x08002e63   Thumb Code     6  stm32l1xx_pwr.o(.text)
    PWR_PVDLevelConfig                       0x08002e69   Thumb Code    18  stm32l1xx_pwr.o(.text)
    PWR_PVDCmd                               0x08002e7b   Thumb Code     6  stm32l1xx_pwr.o(.text)
    PWR_WakeUpPinCmd                         0x08002e81   Thumb Code    12  stm32l1xx_pwr.o(.text)
    PWR_FastWakeUpCmd                        0x08002e8d   Thumb Code     6  stm32l1xx_pwr.o(.text)
    PWR_UltraLowPowerCmd                     0x08002e93   Thumb Code     6  stm32l1xx_pwr.o(.text)
    PWR_VoltageScalingConfig                 0x08002e99   Thumb Code    24  stm32l1xx_pwr.o(.text)
    PWR_EnterLowPowerRunMode                 0x08002eb1   Thumb Code    50  stm32l1xx_pwr.o(.text)
    PWR_EnterSleepMode                       0x08002ee3   Thumb Code    42  stm32l1xx_pwr.o(.text)
    PWR_EnterSTOPMode                        0x08002f0d   Thumb Code    54  stm32l1xx_pwr.o(.text)
    PWR_EnterSTANDBYMode                     0x08002f43   Thumb Code    42  stm32l1xx_pwr.o(.text)
    PWR_GetFlagStatus                        0x08002f6d   Thumb Code    20  stm32l1xx_pwr.o(.text)
    PWR_ClearFlag                            0x08002f81   Thumb Code    14  stm32l1xx_pwr.o(.text)
    FLASH_SetLatency                         0x08002f9d   Thumb Code    18  stm32l1xx_flash.o(.text)
    FLASH_PrefetchBufferCmd                  0x08002faf   Thumb Code    30  stm32l1xx_flash.o(.text)
    FLASH_ReadAccess64Cmd                    0x08002fcd   Thumb Code    30  stm32l1xx_flash.o(.text)
    FLASH_SLEEPPowerDownCmd                  0x08002feb   Thumb Code    30  stm32l1xx_flash.o(.text)
    DATA_EEPROM_Unlock                       0x08003009   Thumb Code    26  stm32l1xx_flash.o(.text)
    FLASH_Unlock                             0x08003023   Thumb Code    32  stm32l1xx_flash.o(.text)
    FLASH_Lock                               0x08003043   Thumb Code    18  stm32l1xx_flash.o(.text)
    FLASH_GetStatus                          0x08003055   Thumb Code    58  stm32l1xx_flash.o(.text)
    FLASH_WaitForLastOperation               0x0800308f   Thumb Code    38  stm32l1xx_flash.o(.text)
    FLASH_ErasePage                          0x080030b5   Thumb Code    86  stm32l1xx_flash.o(.text)
    FLASH_FastProgramWord                    0x0800310b   Thumb Code    34  stm32l1xx_flash.o(.text)
    DATA_EEPROM_Lock                         0x0800312d   Thumb Code    18  stm32l1xx_flash.o(.text)
    DATA_EEPROM_FixedTimeProgramCmd          0x0800313f   Thumb Code    38  stm32l1xx_flash.o(.text)
    DATA_EEPROM_EraseWord                    0x08003165   Thumb Code    26  stm32l1xx_flash.o(.text)
    DATA_EEPROM_FastProgramWord              0x0800317f   Thumb Code    50  stm32l1xx_flash.o(.text)
    DATA_EEPROM_FastProgramByte              0x080031b1   Thumb Code   108  stm32l1xx_flash.o(.text)
    DATA_EEPROM_FastProgramHalfWord          0x0800321d   Thumb Code   136  stm32l1xx_flash.o(.text)
    DATA_EEPROM_ProgramByte                  0x080032a5   Thumb Code    92  stm32l1xx_flash.o(.text)
    DATA_EEPROM_ProgramHalfWord              0x08003301   Thumb Code   120  stm32l1xx_flash.o(.text)
    DATA_EEPROM_ProgramWord                  0x08003379   Thumb Code    56  stm32l1xx_flash.o(.text)
    FLASH_OB_Unlock                          0x080033b1   Thumb Code    30  stm32l1xx_flash.o(.text)
    FLASH_OB_Lock                            0x080033cf   Thumb Code    14  stm32l1xx_flash.o(.text)
    FLASH_OB_Launch                          0x080033dd   Thumb Code    14  stm32l1xx_flash.o(.text)
    FLASH_OB_WRPConfig                       0x080033eb   Thumb Code   142  stm32l1xx_flash.o(.text)
    FLASH_OB_RDPConfig                       0x08003479   Thumb Code    48  stm32l1xx_flash.o(.text)
    FLASH_OB_UserConfig                      0x080034a9   Thumb Code    94  stm32l1xx_flash.o(.text)
    FLASH_OB_BORConfig                       0x08003507   Thumb Code    66  stm32l1xx_flash.o(.text)
    FLASH_OB_GetUser                         0x08003549   Thumb Code    12  stm32l1xx_flash.o(.text)
    FLASH_OB_GetWRP                          0x08003555   Thumb Code     8  stm32l1xx_flash.o(.text)
    FLASH_OB_GetRDP                          0x0800355d   Thumb Code    22  stm32l1xx_flash.o(.text)
    FLASH_OB_GetBOR                          0x08003573   Thumb Code    12  stm32l1xx_flash.o(.text)
    FLASH_ITConfig                           0x0800357f   Thumb Code    26  stm32l1xx_flash.o(.text)
    FLASH_GetFlagStatus                      0x08003599   Thumb Code    22  stm32l1xx_flash.o(.text)
    FLASH_ClearFlag                          0x080035af   Thumb Code     8  stm32l1xx_flash.o(.text)
    EXTI_DeInit                              0x080035c9   Thumb Code    28  stm32l1xx_exti.o(.text)
    EXTI_Init                                0x080035e5   Thumb Code   142  stm32l1xx_exti.o(.text)
    EXTI_StructInit                          0x08003673   Thumb Code    16  stm32l1xx_exti.o(.text)
    EXTI_GenerateSWInterrupt                 0x08003683   Thumb Code    16  stm32l1xx_exti.o(.text)
    EXTI_GetFlagStatus                       0x08003693   Thumb Code    22  stm32l1xx_exti.o(.text)
    EXTI_ClearFlag                           0x080036a9   Thumb Code     8  stm32l1xx_exti.o(.text)
    EXTI_GetITStatus                         0x080036b1   Thumb Code    34  stm32l1xx_exti.o(.text)
    EXTI_ClearITPendingBit                   0x080036d3   Thumb Code     8  stm32l1xx_exti.o(.text)
    __aeabi_dmul                             0x080036e5   Thumb Code   224  dmul.o(.text)
    __aeabi_ddiv                             0x080037c5   Thumb Code   222  ddiv.o(.text)
    __aeabi_ui2d                             0x080038a3   Thumb Code    26  dfltui.o(.text)
    __aeabi_d2f                              0x080038bd   Thumb Code    56  d2f.o(.text)
    __aeabi_cfrcmple                         0x080038f5   Thumb Code    20  cfrcmple.o(.text)
    __aeabi_uldivmod                         0x08003909   Thumb Code    98  uldiv.o(.text)
    __I$use$fp                               0x0800396b   Thumb Code     0  iusefp.o(.text)
    _float_round                             0x0800396b   Thumb Code    18  fepilogue.o(.text)
    _float_epilogue                          0x0800397d   Thumb Code    90  fepilogue.o(.text)
    _double_round                            0x080039d7   Thumb Code    26  depilogue.o(.text)
    _double_epilogue                         0x080039f1   Thumb Code   164  depilogue.o(.text)
    __scatterload                            0x08003a95   Thumb Code    28  init.o(.text)
    __scatterload_rt2                        0x08003a95   Thumb Code     0  init.o(.text)
    __aeabi_llsl                             0x08003ab9   Thumb Code    30  llshl.o(.text)
    _ll_shift_l                              0x08003ab9   Thumb Code     0  llshl.o(.text)
    __aeabi_llsr                             0x08003ad7   Thumb Code    32  llushr.o(.text)
    _ll_ushift_r                             0x08003ad7   Thumb Code     0  llushr.o(.text)
    __0sprintf$8                             0x08003af9   Thumb Code    34  printf8.o(i.__0sprintf$8)
    __1sprintf$8                             0x08003af9   Thumb Code     0  printf8.o(i.__0sprintf$8)
    __2sprintf                               0x08003af9   Thumb Code     0  printf8.o(i.__0sprintf$8)
    __scatterload_copy                       0x08003b21   Thumb Code    14  handlers.o(i.__scatterload_copy)
    __scatterload_null                       0x08003b2f   Thumb Code     2  handlers.o(i.__scatterload_null)
    __scatterload_zeroinit                   0x08003b31   Thumb Code    14  handlers.o(i.__scatterload_zeroinit)
    Region$$Table$$Base                      0x08003fc0   Number         0  anon$$obj.o(Region$$Table)
    Region$$Table$$Limit                     0x08003fe0   Number         0  anon$$obj.o(Region$$Table)
    ow_buf                                   0x20000000   Data           8  onewire.o(.data)
    systick_ms                               0x20000008   Data           2  main.o(.data)
    dirty_cycle                              0x2000000a   Data           2  main.o(.data)
    period                                   0x2000000c   Data           2  main.o(.data)
    mode                                     0x2000000e   Data           1  main.o(.data)
    first_time_in_mode                       0x2000000f   Data           1  main.o(.data)
    flag_UserButton                          0x20000010   Data           1  main.o(.data)
    ADC_CommonInitStructure                  0x20000018   Data           4  main.o(.data)
    calibdata                                0x2000001c   Data           8  main.o(.data)
    flag_ADCDMA_TransferComplete             0x20000024   Data           1  main.o(.data)
    refAVG                                   0x20000028   Data           4  main.o(.data)
    tempAVG                                  0x2000002c   Data           4  main.o(.data)
    preasureAVG                              0x20000030   Data           4  main.o(.data)
    temperature_C                            0x20000034   Data           4  main.o(.data)
    voltage_V                                0x20000038   Data           4  main.o(.data)
    preasure_V                               0x2000003c   Data           4  main.o(.data)
    humidity                                 0x20000040   Data           4  main.o(.data)
    capacitance                              0x20000044   Data           4  main.o(.data)
    temperature                              0x20000048   Data           4  main.o(.data)
    temperature_data                         0x2000004c   Data           2  main.o(.data)
    num_ow                                   0x2000004e   Data           1  main.o(.data)
    SystemCoreClock                          0x20000050   Data           4  system_stm32l1xx.o(.data)
    PLLMulTable                              0x20000054   Data           9  system_stm32l1xx.o(.data)
    AHBPrescTable                            0x2000005d   Data          16  system_stm32l1xx.o(.data)
    RCC_Clocks                               0x20000088   Data          16  main.o(.bss)
    ADC_InitStructure                        0x20000098   Data          24  main.o(.bss)
    DMA_InitStructure                        0x200000b0   Data          44  main.o(.bss)
    ADC_ConvertedValueBuff                   0x200000dc   Data          40  main.o(.bss)
    idbuf                                    0x20000104   Data          16  main.o(.bss)
    __initial_sp                             0x20000518   Data           0  startup_stm32l1xx_md.o(STACK)



==============================================================================

Memory Map of the image

  Image Entry point : 0x08000efd

  Load Region LR_1 (Base: 0x08000000, Size: 0x00004068, Max: 0xffffffff, ABSOLUTE)

    Execution Region ER_RO (Base: 0x08000000, Size: 0x00003fe0, Max: 0xffffffff, ABSOLUTE)

    Base Addr    Size         Type   Attr      Idx    E Section Name        Object

    0x08000000   0x000000f4   Data   RO          179    RESET               startup_stm32l1xx_md.o
    0x080000f4   0x00000000   Code   RO          472  * .ARM.Collect$$$$00000000  mc_w.l(entry.o)
    0x080000f4   0x00000004   Code   RO          746    .ARM.Collect$$$$00000001  mc_w.l(entry2.o)
    0x080000f8   0x00000004   Code   RO          749    .ARM.Collect$$$$00000004  mc_w.l(entry5.o)
    0x080000fc   0x00000000   Code   RO          751    .ARM.Collect$$$$00000008  mc_w.l(entry7b.o)
    0x080000fc   0x00000008   Code   RO          752    .ARM.Collect$$$$00000009  mc_w.l(entry8.o)
    0x08000104   0x00000004   Code   RO          747    .ARM.Collect$$$$00002712  mc_w.l(entry2.o)
    0x08000108   0x00000308   Code   RO            3    .text               onewire.o
    0x08000410   0x00000938   Code   RO          125    .text               main.o
    0x08000d48   0x000001b4   Code   RO          159    .text               ext_lcd.o
    0x08000efc   0x00000024   Code   RO          180  * .text               startup_stm32l1xx_md.o
    0x08000f20   0x00000208   Code   RO          186    .text               system_stm32l1xx.o
    0x08001128   0x00000982   Code   RO          212    .text               stm32l1xx_tim.o
    0x08001aaa   0x00000002   PAD
    0x08001aac   0x00000480   Code   RO          252    .text               stm32l1xx_rcc.o
    0x08001f2c   0x000004b2   Code   RO          274    .text               stm32l1xx_adc.o
    0x080023de   0x00000002   PAD
    0x080023e0   0x000001b0   Code   RO          314    .text               stm32l1xx_dma.o
    0x08002590   0x000001ec   Code   RO          334    .text               stm32l1xx_gpio.o
    0x0800277c   0x000000dc   Code   RO          354    .text               misc.o
    0x08002858   0x0000038c   Code   RO          374    .text               stm32l1xx_usart.o
    0x08002be4   0x00000268   Code   RO          394    .text               stm32l1xx_syscfg.o
    0x08002e4c   0x00000150   Code   RO          414    .text               stm32l1xx_pwr.o
    0x08002f9c   0x0000062c   Code   RO          434    .text               stm32l1xx_flash.o
    0x080035c8   0x0000011c   Code   RO          454    .text               stm32l1xx_exti.o
    0x080036e4   0x000000e0   Code   RO          736    .text               mf_w.l(dmul.o)
    0x080037c4   0x000000de   Code   RO          738    .text               mf_w.l(ddiv.o)
    0x080038a2   0x0000001a   Code   RO          740    .text               mf_w.l(dfltui.o)
    0x080038bc   0x00000038   Code   RO          742    .text               mf_w.l(d2f.o)
    0x080038f4   0x00000014   Code   RO          744    .text               mf_w.l(cfrcmple.o)
    0x08003908   0x00000062   Code   RO          758    .text               mc_w.l(uldiv.o)
    0x0800396a   0x00000000   Code   RO          760    .text               mc_w.l(iusefp.o)
    0x0800396a   0x0000006c   Code   RO          761    .text               mf_w.l(fepilogue.o)
    0x080039d6   0x000000be   Code   RO          763    .text               mf_w.l(depilogue.o)
    0x08003a94   0x00000024   Code   RO          771    .text               mc_w.l(init.o)
    0x08003ab8   0x0000001e   Code   RO          774    .text               mc_w.l(llshl.o)
    0x08003ad6   0x00000020   Code   RO          776    .text               mc_w.l(llushr.o)
    0x08003af6   0x00000002   PAD
    0x08003af8   0x00000028   Code   RO          684    i.__0sprintf$8      mc_w.l(printf8.o)
    0x08003b20   0x0000000e   Code   RO          783    i.__scatterload_copy  mc_w.l(handlers.o)
    0x08003b2e   0x00000002   Code   RO          784    i.__scatterload_null  mc_w.l(handlers.o)
    0x08003b30   0x0000000e   Code   RO          785    i.__scatterload_zeroinit  mc_w.l(handlers.o)
    0x08003b3e   0x00000002   PAD
    0x08003b40   0x00000420   Code   RO          689    i._printf_core      mc_w.l(printf8.o)
    0x08003f60   0x00000026   Code   RO          690    i._printf_post_padding  mc_w.l(printf8.o)
    0x08003f86   0x00000030   Code   RO          691    i._printf_pre_padding  mc_w.l(printf8.o)
    0x08003fb6   0x0000000a   Code   RO          693    i._sputc            mc_w.l(printf8.o)
    0x08003fc0   0x00000020   Data   RO          781    Region$$Table       anon$$obj.o


    Execution Region ER_RW (Base: 0x20000000, Size: 0x00000088, Max: 0xffffffff, ABSOLUTE)

    Base Addr    Size         Type   Attr      Idx    E Section Name        Object

    0x20000000   0x00000008   Data   RW            4    .data               onewire.o
    0x20000008   0x00000047   Data   RW          127    .data               main.o
    0x2000004f   0x00000001   PAD
    0x20000050   0x0000001d   Data   RW          187    .data               system_stm32l1xx.o
    0x2000006d   0x00000019   Data   RW          253    .data               stm32l1xx_rcc.o


    Execution Region ER_ZI (Base: 0x20000088, Size: 0x00000490, Max: 0xffffffff, ABSOLUTE)

    Base Addr    Size         Type   Attr      Idx    E Section Name        Object

    0x20000088   0x0000008c   Zero   RW          126    .bss                main.o
    0x20000114   0x00000004   PAD
    0x20000118   0x00000400   Zero   RW          177    STACK               startup_stm32l1xx_md.o


==============================================================================

Image component sizes


      Code (inc. data)   RO Data    RW Data    ZI Data      Debug   Object Name

       436          8          0          0          0       2523   ext_lcd.o
      2360        258          0         71        140      32367   main.o
       220         20          0          0          0       1761   misc.o
       776         18          0          8          0     247156   onewire.o
        36          8        244          0       1024        724   startup_stm32l1xx_md.o
      1202         16          0          0          0      10568   stm32l1xx_adc.o
       432          4          0          0          0       3754   stm32l1xx_dma.o
       284         10          0          0          0       2219   stm32l1xx_exti.o
      1580         40          0          0          0       8127   stm32l1xx_flash.o
       492         24          0          0          0       3673   stm32l1xx_gpio.o
       336         14          0          0          0       3980   stm32l1xx_pwr.o
      1152         40          0         25          0       9123   stm32l1xx_rcc.o
       616         10          0          0          0       2813   stm32l1xx_syscfg.o
      2434         30          0          0          0      20628   stm32l1xx_tim.o
       908         12          0          0          0       7548   stm32l1xx_usart.o
       520         46          0         29          0       1571   system_stm32l1xx.o

    ----------------------------------------------------------------------
     13788        558        276        136       1168     358535   Object Totals
         0          0         32          0          0          0   (incl. Generated)
         4          0          0          3          4          0   (incl. Padding)

    ----------------------------------------------------------------------

      Code (inc. data)   RO Data    RW Data    ZI Data      Debug   Library Member Name

         0          0          0          0          0          0   entry.o
         8          4          0          0          0          0   entry2.o
         4          0          0          0          0          0   entry5.o
         0          0          0          0          0          0   entry7b.o
         8          4          0          0          0          0   entry8.o
        30          0          0          0          0          0   handlers.o
        36          8          0          0          0         68   init.o
         0          0          0          0          0          0   iusefp.o
        30          0          0          0          0         68   llshl.o
        32          0          0          0          0         68   llushr.o
      1192         52          0          0          0        420   printf8.o
        98          0          0          0          0         92   uldiv.o
        20          0          0          0          0         68   cfrcmple.o
        56          0          0          0          0         88   d2f.o
       222          0          0          0          0        100   ddiv.o
       190          0          0          0          0        176   depilogue.o
        26          0          0          0          0         76   dfltui.o
       224          0          0          0          0         96   dmul.o
       108          0          0          0          0        168   fepilogue.o

    ----------------------------------------------------------------------
      2288         68          0          0          0       1488   Library Totals
         4          0          0          0          0          0   (incl. Padding)

    ----------------------------------------------------------------------

      Code (inc. data)   RO Data    RW Data    ZI Data      Debug   Library Name

      1438         68          0          0          0        716   mc_w.l
       846          0          0          0          0        772   mf_w.l

    ----------------------------------------------------------------------
      2288         68          0          0          0       1488   Library Totals

    ----------------------------------------------------------------------

==============================================================================


      Code (inc. data)   RO Data    RW Data    ZI Data      Debug   

     16076        626        276        136       1168     357267   Grand Totals
     16076        626        276        136       1168     357267   ELF Image Totals
     16076        626        276        136          0          0   ROM Totals

==============================================================================

    Total RO  Size (Code + RO Data)                16352 (  15.97kB)
    Total RW  Size (RW Data + ZI Data)              1304 (   1.27kB)
    Total ROM Size (Code + RO Data + RW Data)      16488 (  16.10kB)

==============================================================================

