ARM Linker, 4.1 [Build 894] [Evaluation]

==============================================================================

Section Cross References

    main.o(.text) refers to stm32l1xx_exti.o(.text) for EXTI_ClearITPendingBit
    main.o(.text) refers to stm32l1xx_tim.o(.text) for TIM_ClearITPendingBit
    main.o(.text) refers to stm32l1xx_dma.o(.text) for DMA_ClearFlag
    main.o(.text) refers to stm32l1xx_flash.o(.text) for DATA_EEPROM_Unlock
    main.o(.text) refers to stm32l1xx_adc.o(.text) for ADC_TempSensorVrefintCmd
    main.o(.text) refers to misc.o(.text) for NVIC_Init
    main.o(.text) refers to stm32l1xx_gpio.o(.text) for GPIO_Init
    main.o(.text) refers to stm32l1xx_syscfg.o(.text) for SYSCFG_EXTILineConfig
    main.o(.text) refers to stm32l1xx_rcc.o(.text) for RCC_GetClocksFreq
    main.o(.text) refers to main.o(.data) for TimingDelay
    main.o(.text) refers to main.o(.bss) for ADC_InitStructure
    main.o(.text) refers to stm32l1xx_pwr.o(.text) for PWR_RTCAccessCmd
    main.o(.text) refers to ext_lcd.o(.text) for Init_Ext_LCD
    main.o(.text) refers to stm32l1xx_rtc.o(.text) for RTC_GetTime
    main.o(.text) refers to dht11.o(.text) for read_DHT11
    main.o(.text) refers to printf6.o(i.__0sprintf$6) for __2sprintf
    main.o(.text) refers to dfltui.o(.text) for __aeabi_ui2d
    main.o(.text) refers to ddiv.o(.text) for __aeabi_ddiv
    main.o(.text) refers to dmul.o(.text) for __aeabi_dmul
    main.o(.text) refers to d2f.o(.text) for __aeabi_d2f
    ext_lcd.o(.text) refers to main.o(.text) for Delay
    startup_stm32l1xx_md.o(RESET) refers to startup_stm32l1xx_md.o(STACK) for __initial_sp
    startup_stm32l1xx_md.o(RESET) refers to startup_stm32l1xx_md.o(.text) for Reset_Handler
    startup_stm32l1xx_md.o(RESET) refers to main.o(.text) for SysTick_Handler
    startup_stm32l1xx_md.o(.text) refers to system_stm32l1xx.o(.text) for SystemInit
    startup_stm32l1xx_md.o(.text) refers to entry.o(.ARM.Collect$$$$00000000) for __main
    system_stm32l1xx.o(.text) refers to system_stm32l1xx.o(.data) for SystemCoreClock
    dht11.o(.text) refers to stm32l1xx_gpio.o(.text) for GPIO_ReadInputDataBit
    dht11.o(.text) refers to main.o(.text) for Delay
    stm32l1xx_tim.o(.text) refers to stm32l1xx_rcc.o(.text) for RCC_APB1PeriphResetCmd
    stm32l1xx_rcc.o(.text) refers to stm32l1xx_rcc.o(.data) for PLLMulTable
    stm32l1xx_adc.o(.text) refers to stm32l1xx_rcc.o(.text) for RCC_APB2PeriphResetCmd
    stm32l1xx_dac.o(.text) refers to stm32l1xx_rcc.o(.text) for RCC_APB1PeriphResetCmd
    stm32l1xx_gpio.o(.text) refers to stm32l1xx_rcc.o(.text) for RCC_AHBPeriphResetCmd
    stm32l1xx_usart.o(.text) refers to stm32l1xx_rcc.o(.text) for RCC_APB2PeriphResetCmd
    stm32l1xx_syscfg.o(.text) refers to stm32l1xx_rcc.o(.text) for RCC_APB2PeriphResetCmd
    stm32l1xx_pwr.o(.text) refers to stm32l1xx_rcc.o(.text) for RCC_APB1PeriphResetCmd
    entry.o(.ARM.Collect$$$$00000000) refers (Special) to entry7b.o(.ARM.Collect$$$$00000008) for _main_clock
    entry.o(.ARM.Collect$$$$00000000) refers (Special) to entry8.o(.ARM.Collect$$$$00000009) for _main_init
    entry.o(.ARM.Collect$$$$00000000) refers (Special) to entry5.o(.ARM.Collect$$$$00000004) for _main_scatterload
    entry.o(.ARM.Collect$$$$00000000) refers (Special) to entry2.o(.ARM.Collect$$$$00000001) for _main_stk
    printfb.o(i.__0fprintf$bare) refers to printfb.o(i._printf_core) for _printf_core
    printfb.o(i.__0fprintf$bare) refers to fputc.o(i.fputc) for fputc
    printfb.o(i.__0printf$bare) refers to printfb.o(i._printf_core) for _printf_core
    printfb.o(i.__0printf$bare) refers to fputc.o(i.fputc) for fputc
    printfb.o(i.__0printf$bare) refers to stdout.o(.data) for __stdout
    printfb.o(i.__0snprintf$bare) refers to printfb.o(i._printf_core) for _printf_core
    printfb.o(i.__0snprintf$bare) refers to printfb.o(i._snputc) for _snputc
    printfb.o(i.__0sprintf$bare) refers to printfb.o(i._printf_core) for _printf_core
    printfb.o(i.__0sprintf$bare) refers to printfb.o(i._sputc) for _sputc
    printfb.o(i.__0vfprintf$bare) refers to printfb.o(i._printf_core) for _printf_core
    printfb.o(i.__0vfprintf$bare) refers to fputc.o(i.fputc) for fputc
    printfb.o(i.__0vprintf$bare) refers to printfb.o(i._printf_core) for _printf_core
    printfb.o(i.__0vprintf$bare) refers to fputc.o(i.fputc) for fputc
    printfb.o(i.__0vprintf$bare) refers to stdout.o(.data) for __stdout
    printfb.o(i.__0vsnprintf$bare) refers to printfb.o(i._printf_core) for _printf_core
    printfb.o(i.__0vsnprintf$bare) refers to printfb.o(i._snputc) for _snputc
    printfb.o(i.__0vsprintf$bare) refers to printfb.o(i._printf_core) for _printf_core
    printfb.o(i.__0vsprintf$bare) refers to printfb.o(i._sputc) for _sputc
    printf0.o(i.__0fprintf$0) refers to printf0.o(i._printf_core) for _printf_core
    printf0.o(i.__0fprintf$0) refers to fputc.o(i.fputc) for fputc
    printf0.o(i.__0printf$0) refers to printf0.o(i._printf_core) for _printf_core
    printf0.o(i.__0printf$0) refers to fputc.o(i.fputc) for fputc
    printf0.o(i.__0printf$0) refers to stdout.o(.data) for __stdout
    printf0.o(i.__0snprintf$0) refers to printf0.o(i._printf_core) for _printf_core
    printf0.o(i.__0snprintf$0) refers to printf0.o(i._snputc) for _snputc
    printf0.o(i.__0sprintf$0) refers to printf0.o(i._printf_core) for _printf_core
    printf0.o(i.__0sprintf$0) refers to printf0.o(i._sputc) for _sputc
    printf0.o(i.__0vfprintf$0) refers to printf0.o(i._printf_core) for _printf_core
    printf0.o(i.__0vfprintf$0) refers to fputc.o(i.fputc) for fputc
    printf0.o(i.__0vprintf$0) refers to printf0.o(i._printf_core) for _printf_core
    printf0.o(i.__0vprintf$0) refers to fputc.o(i.fputc) for fputc
    printf0.o(i.__0vprintf$0) refers to stdout.o(.data) for __stdout
    printf0.o(i.__0vsnprintf$0) refers to printf0.o(i._printf_core) for _printf_core
    printf0.o(i.__0vsnprintf$0) refers to printf0.o(i._snputc) for _snputc
    printf0.o(i.__0vsprintf$0) refers to printf0.o(i._printf_core) for _printf_core
    printf0.o(i.__0vsprintf$0) refers to printf0.o(i._sputc) for _sputc
    printf1.o(i.__0fprintf$1) refers to printf1.o(i._printf_core) for _printf_core
    printf1.o(i.__0fprintf$1) refers to fputc.o(i.fputc) for fputc
    printf1.o(i.__0printf$1) refers to printf1.o(i._printf_core) for _printf_core
    printf1.o(i.__0printf$1) refers to fputc.o(i.fputc) for fputc
    printf1.o(i.__0printf$1) refers to stdout.o(.data) for __stdout
    printf1.o(i.__0snprintf$1) refers to printf1.o(i._printf_core) for _printf_core
    printf1.o(i.__0snprintf$1) refers to printf1.o(i._snputc) for _snputc
    printf1.o(i.__0sprintf$1) refers to printf1.o(i._printf_core) for _printf_core
    printf1.o(i.__0sprintf$1) refers to printf1.o(i._sputc) for _sputc
    printf1.o(i.__0vfprintf$1) refers to printf1.o(i._printf_core) for _printf_core
    printf1.o(i.__0vfprintf$1) refers to fputc.o(i.fputc) for fputc
    printf1.o(i.__0vprintf$1) refers to printf1.o(i._printf_core) for _printf_core
    printf1.o(i.__0vprintf$1) refers to fputc.o(i.fputc) for fputc
    printf1.o(i.__0vprintf$1) refers to stdout.o(.data) for __stdout
    printf1.o(i.__0vsnprintf$1) refers to printf1.o(i._printf_core) for _printf_core
    printf1.o(i.__0vsnprintf$1) refers to printf1.o(i._snputc) for _snputc
    printf1.o(i.__0vsprintf$1) refers to printf1.o(i._printf_core) for _printf_core
    printf1.o(i.__0vsprintf$1) refers to printf1.o(i._sputc) for _sputc
    printf1.o(i._printf_core) refers to uidiv.o(.text) for __aeabi_uidivmod
    printf2.o(i.__0fprintf$2) refers to printf2.o(i._printf_core) for _printf_core
    printf2.o(i.__0fprintf$2) refers to fputc.o(i.fputc) for fputc
    printf2.o(i.__0printf$2) refers to printf2.o(i._printf_core) for _printf_core
    printf2.o(i.__0printf$2) refers to fputc.o(i.fputc) for fputc
    printf2.o(i.__0printf$2) refers to stdout.o(.data) for __stdout
    printf2.o(i.__0snprintf$2) refers to printf2.o(i._printf_core) for _printf_core
    printf2.o(i.__0snprintf$2) refers to printf2.o(i._snputc) for _snputc
    printf2.o(i.__0sprintf$2) refers to printf2.o(i._printf_core) for _printf_core
    printf2.o(i.__0sprintf$2) refers to printf2.o(i._sputc) for _sputc
    printf2.o(i.__0vfprintf$2) refers to printf2.o(i._printf_core) for _printf_core
    printf2.o(i.__0vfprintf$2) refers to fputc.o(i.fputc) for fputc
    printf2.o(i.__0vprintf$2) refers to printf2.o(i._printf_core) for _printf_core
    printf2.o(i.__0vprintf$2) refers to fputc.o(i.fputc) for fputc
    printf2.o(i.__0vprintf$2) refers to stdout.o(.data) for __stdout
    printf2.o(i.__0vsnprintf$2) refers to printf2.o(i._printf_core) for _printf_core
    printf2.o(i.__0vsnprintf$2) refers to printf2.o(i._snputc) for _snputc
    printf2.o(i.__0vsprintf$2) refers to printf2.o(i._printf_core) for _printf_core
    printf2.o(i.__0vsprintf$2) refers to printf2.o(i._sputc) for _sputc
    printf3.o(i.__0fprintf$3) refers to printf3.o(i._printf_core) for _printf_core
    printf3.o(i.__0fprintf$3) refers to fputc.o(i.fputc) for fputc
    printf3.o(i.__0printf$3) refers to printf3.o(i._printf_core) for _printf_core
    printf3.o(i.__0printf$3) refers to fputc.o(i.fputc) for fputc
    printf3.o(i.__0printf$3) refers to stdout.o(.data) for __stdout
    printf3.o(i.__0snprintf$3) refers to printf3.o(i._printf_core) for _printf_core
    printf3.o(i.__0snprintf$3) refers to printf3.o(i._snputc) for _snputc
    printf3.o(i.__0sprintf$3) refers to printf3.o(i._printf_core) for _printf_core
    printf3.o(i.__0sprintf$3) refers to printf3.o(i._sputc) for _sputc
    printf3.o(i.__0vfprintf$3) refers to printf3.o(i._printf_core) for _printf_core
    printf3.o(i.__0vfprintf$3) refers to fputc.o(i.fputc) for fputc
    printf3.o(i.__0vprintf$3) refers to printf3.o(i._printf_core) for _printf_core
    printf3.o(i.__0vprintf$3) refers to fputc.o(i.fputc) for fputc
    printf3.o(i.__0vprintf$3) refers to stdout.o(.data) for __stdout
    printf3.o(i.__0vsnprintf$3) refers to printf3.o(i._printf_core) for _printf_core
    printf3.o(i.__0vsnprintf$3) refers to printf3.o(i._snputc) for _snputc
    printf3.o(i.__0vsprintf$3) refers to printf3.o(i._printf_core) for _printf_core
    printf3.o(i.__0vsprintf$3) refers to printf3.o(i._sputc) for _sputc
    printf3.o(i._printf_core) refers to uidiv.o(.text) for __aeabi_uidivmod
    printf4.o(i.__0fprintf$4) refers to printf4.o(i._printf_core) for _printf_core
    printf4.o(i.__0fprintf$4) refers to fputc.o(i.fputc) for fputc
    printf4.o(i.__0printf$4) refers to printf4.o(i._printf_core) for _printf_core
    printf4.o(i.__0printf$4) refers to fputc.o(i.fputc) for fputc
    printf4.o(i.__0printf$4) refers to stdout.o(.data) for __stdout
    printf4.o(i.__0snprintf$4) refers to printf4.o(i._printf_core) for _printf_core
    printf4.o(i.__0snprintf$4) refers to printf4.o(i._snputc) for _snputc
    printf4.o(i.__0sprintf$4) refers to printf4.o(i._printf_core) for _printf_core
    printf4.o(i.__0sprintf$4) refers to printf4.o(i._sputc) for _sputc
    printf4.o(i.__0vfprintf$4) refers to printf4.o(i._printf_core) for _printf_core
    printf4.o(i.__0vfprintf$4) refers to fputc.o(i.fputc) for fputc
    printf4.o(i.__0vprintf$4) refers to printf4.o(i._printf_core) for _printf_core
    printf4.o(i.__0vprintf$4) refers to fputc.o(i.fputc) for fputc
    printf4.o(i.__0vprintf$4) refers to stdout.o(.data) for __stdout
    printf4.o(i.__0vsnprintf$4) refers to printf4.o(i._printf_core) for _printf_core
    printf4.o(i.__0vsnprintf$4) refers to printf4.o(i._snputc) for _snputc
    printf4.o(i.__0vsprintf$4) refers to printf4.o(i._printf_core) for _printf_core
    printf4.o(i.__0vsprintf$4) refers to printf4.o(i._sputc) for _sputc
    printf4.o(i._printf_core) refers to uldiv.o(.text) for __aeabi_uldivmod
    printf5.o(i.__0fprintf$5) refers to printf5.o(i._printf_core) for _printf_core
    printf5.o(i.__0fprintf$5) refers to fputc.o(i.fputc) for fputc
    printf5.o(i.__0printf$5) refers to printf5.o(i._printf_core) for _printf_core
    printf5.o(i.__0printf$5) refers to fputc.o(i.fputc) for fputc
    printf5.o(i.__0printf$5) refers to stdout.o(.data) for __stdout
    printf5.o(i.__0snprintf$5) refers to printf5.o(i._printf_core) for _printf_core
    printf5.o(i.__0snprintf$5) refers to printf5.o(i._snputc) for _snputc
    printf5.o(i.__0sprintf$5) refers to printf5.o(i._printf_core) for _printf_core
    printf5.o(i.__0sprintf$5) refers to printf5.o(i._sputc) for _sputc
    printf5.o(i.__0vfprintf$5) refers to printf5.o(i._printf_core) for _printf_core
    printf5.o(i.__0vfprintf$5) refers to fputc.o(i.fputc) for fputc
    printf5.o(i.__0vprintf$5) refers to printf5.o(i._printf_core) for _printf_core
    printf5.o(i.__0vprintf$5) refers to fputc.o(i.fputc) for fputc
    printf5.o(i.__0vprintf$5) refers to stdout.o(.data) for __stdout
    printf5.o(i.__0vsnprintf$5) refers to printf5.o(i._printf_core) for _printf_core
    printf5.o(i.__0vsnprintf$5) refers to printf5.o(i._snputc) for _snputc
    printf5.o(i.__0vsprintf$5) refers to printf5.o(i._printf_core) for _printf_core
    printf5.o(i.__0vsprintf$5) refers to printf5.o(i._sputc) for _sputc
    printf5.o(i._printf_core) refers to uldiv.o(.text) for __aeabi_uldivmod
    printf6.o(i.__0fprintf$6) refers to printf6.o(i._printf_core) for _printf_core
    printf6.o(i.__0fprintf$6) refers to fputc.o(i.fputc) for fputc
    printf6.o(i.__0printf$6) refers to printf6.o(i._printf_core) for _printf_core
    printf6.o(i.__0printf$6) refers to fputc.o(i.fputc) for fputc
    printf6.o(i.__0printf$6) refers to stdout.o(.data) for __stdout
    printf6.o(i.__0snprintf$6) refers to printf6.o(i._printf_core) for _printf_core
    printf6.o(i.__0snprintf$6) refers to printf6.o(i._snputc) for _snputc
    printf6.o(i.__0sprintf$6) refers to printf6.o(i._printf_core) for _printf_core
    printf6.o(i.__0sprintf$6) refers to printf6.o(i._sputc) for _sputc
    printf6.o(i.__0vfprintf$6) refers to printf6.o(i._printf_core) for _printf_core
    printf6.o(i.__0vfprintf$6) refers to fputc.o(i.fputc) for fputc
    printf6.o(i.__0vprintf$6) refers to printf6.o(i._printf_core) for _printf_core
    printf6.o(i.__0vprintf$6) refers to fputc.o(i.fputc) for fputc
    printf6.o(i.__0vprintf$6) refers to stdout.o(.data) for __stdout
    printf6.o(i.__0vsnprintf$6) refers to printf6.o(i._printf_core) for _printf_core
    printf6.o(i.__0vsnprintf$6) refers to printf6.o(i._snputc) for _snputc
    printf6.o(i.__0vsprintf$6) refers to printf6.o(i._printf_core) for _printf_core
    printf6.o(i.__0vsprintf$6) refers to printf6.o(i._sputc) for _sputc
    printf6.o(i._printf_core) refers to printf6.o(i._printf_pre_padding) for _printf_pre_padding
    printf6.o(i._printf_core) refers to uidiv.o(.text) for __aeabi_uidivmod
    printf6.o(i._printf_core) refers to printf6.o(i._printf_post_padding) for _printf_post_padding
    printf7.o(i.__0fprintf$7) refers to printf7.o(i._printf_core) for _printf_core
    printf7.o(i.__0fprintf$7) refers to fputc.o(i.fputc) for fputc
    printf7.o(i.__0printf$7) refers to printf7.o(i._printf_core) for _printf_core
    printf7.o(i.__0printf$7) refers to fputc.o(i.fputc) for fputc
    printf7.o(i.__0printf$7) refers to stdout.o(.data) for __stdout
    printf7.o(i.__0snprintf$7) refers to printf7.o(i._printf_core) for _printf_core
    printf7.o(i.__0snprintf$7) refers to printf7.o(i._snputc) for _snputc
    printf7.o(i.__0sprintf$7) refers to printf7.o(i._printf_core) for _printf_core
    printf7.o(i.__0sprintf$7) refers to printf7.o(i._sputc) for _sputc
    printf7.o(i.__0vfprintf$7) refers to printf7.o(i._printf_core) for _printf_core
    printf7.o(i.__0vfprintf$7) refers to fputc.o(i.fputc) for fputc
    printf7.o(i.__0vprintf$7) refers to printf7.o(i._printf_core) for _printf_core
    printf7.o(i.__0vprintf$7) refers to fputc.o(i.fputc) for fputc
    printf7.o(i.__0vprintf$7) refers to stdout.o(.data) for __stdout
    printf7.o(i.__0vsnprintf$7) refers to printf7.o(i._printf_core) for _printf_core
    printf7.o(i.__0vsnprintf$7) refers to printf7.o(i._snputc) for _snputc
    printf7.o(i.__0vsprintf$7) refers to printf7.o(i._printf_core) for _printf_core
    printf7.o(i.__0vsprintf$7) refers to printf7.o(i._sputc) for _sputc
    printf7.o(i._printf_core) refers to printf7.o(i._printf_pre_padding) for _printf_pre_padding
    printf7.o(i._printf_core) refers to uldiv.o(.text) for __aeabi_uldivmod
    printf7.o(i._printf_core) refers to printf7.o(i._printf_post_padding) for _printf_post_padding
    printf8.o(i.__0fprintf$8) refers to printf8.o(i._printf_core) for _printf_core
    printf8.o(i.__0fprintf$8) refers to fputc.o(i.fputc) for fputc
    printf8.o(i.__0printf$8) refers to printf8.o(i._printf_core) for _printf_core
    printf8.o(i.__0printf$8) refers to fputc.o(i.fputc) for fputc
    printf8.o(i.__0printf$8) refers to stdout.o(.data) for __stdout
    printf8.o(i.__0snprintf$8) refers to printf8.o(i._printf_core) for _printf_core
    printf8.o(i.__0snprintf$8) refers to printf8.o(i._snputc) for _snputc
    printf8.o(i.__0sprintf$8) refers to printf8.o(i._printf_core) for _printf_core
    printf8.o(i.__0sprintf$8) refers to printf8.o(i._sputc) for _sputc
    printf8.o(i.__0vfprintf$8) refers to printf8.o(i._printf_core) for _printf_core
    printf8.o(i.__0vfprintf$8) refers to fputc.o(i.fputc) for fputc
    printf8.o(i.__0vprintf$8) refers to printf8.o(i._printf_core) for _printf_core
    printf8.o(i.__0vprintf$8) refers to fputc.o(i.fputc) for fputc
    printf8.o(i.__0vprintf$8) refers to stdout.o(.data) for __stdout
    printf8.o(i.__0vsnprintf$8) refers to printf8.o(i._printf_core) for _printf_core
    printf8.o(i.__0vsnprintf$8) refers to printf8.o(i._snputc) for _snputc
    printf8.o(i.__0vsprintf$8) refers to printf8.o(i._printf_core) for _printf_core
    printf8.o(i.__0vsprintf$8) refers to printf8.o(i._sputc) for _sputc
    printf8.o(i._printf_core) refers to printf8.o(i._printf_pre_padding) for _printf_pre_padding
    printf8.o(i._printf_core) refers to uldiv.o(.text) for __aeabi_uldivmod
    printf8.o(i._printf_core) refers to printf8.o(i._printf_post_padding) for _printf_post_padding
    printfa.o(i.__0fprintf) refers (Special) to iusefp.o(.text) for __I$use$fp
    printfa.o(i.__0fprintf) refers to printfa.o(i._printf_core) for _printf_core
    printfa.o(i.__0fprintf) refers to fputc.o(i.fputc) for fputc
    printfa.o(i.__0printf) refers (Special) to iusefp.o(.text) for __I$use$fp
    printfa.o(i.__0printf) refers to printfa.o(i._printf_core) for _printf_core
    printfa.o(i.__0printf) refers to fputc.o(i.fputc) for fputc
    printfa.o(i.__0printf) refers to stdout.o(.data) for __stdout
    printfa.o(i.__0snprintf) refers (Special) to iusefp.o(.text) for __I$use$fp
    printfa.o(i.__0snprintf) refers to printfa.o(i._printf_core) for _printf_core
    printfa.o(i.__0snprintf) refers to printfa.o(i._snputc) for _snputc
    printfa.o(i.__0sprintf) refers (Special) to iusefp.o(.text) for __I$use$fp
    printfa.o(i.__0sprintf) refers to printfa.o(i._printf_core) for _printf_core
    printfa.o(i.__0sprintf) refers to printfa.o(i._sputc) for _sputc
    printfa.o(i.__0vfprintf) refers (Special) to iusefp.o(.text) for __I$use$fp
    printfa.o(i.__0vfprintf) refers to printfa.o(i._printf_core) for _printf_core
    printfa.o(i.__0vfprintf) refers to fputc.o(i.fputc) for fputc
    printfa.o(i.__0vprintf) refers (Special) to iusefp.o(.text) for __I$use$fp
    printfa.o(i.__0vprintf) refers to printfa.o(i._printf_core) for _printf_core
    printfa.o(i.__0vprintf) refers to fputc.o(i.fputc) for fputc
    printfa.o(i.__0vprintf) refers to stdout.o(.data) for __stdout
    printfa.o(i.__0vsnprintf) refers (Special) to iusefp.o(.text) for __I$use$fp
    printfa.o(i.__0vsnprintf) refers to printfa.o(i._printf_core) for _printf_core
    printfa.o(i.__0vsnprintf) refers to printfa.o(i._snputc) for _snputc
    printfa.o(i.__0vsprintf) refers (Special) to iusefp.o(.text) for __I$use$fp
    printfa.o(i.__0vsprintf) refers to printfa.o(i._printf_core) for _printf_core
    printfa.o(i.__0vsprintf) refers to printfa.o(i._sputc) for _sputc
    printfa.o(i._fp_digits) refers (Special) to iusefp.o(.text) for __I$use$fp
    printfa.o(i._fp_digits) refers to dmul.o(.text) for __aeabi_dmul
    printfa.o(i._fp_digits) refers to ddiv.o(.text) for __aeabi_ddiv
    printfa.o(i._fp_digits) refers to cdrcmple.o(.text) for __aeabi_cdrcmple
    printfa.o(i._fp_digits) refers to dadd.o(.text) for __aeabi_dadd
    printfa.o(i._fp_digits) refers to dfixul.o(.text) for __aeabi_d2ulz
    printfa.o(i._fp_digits) refers to uldiv.o(.text) for __aeabi_uldivmod
    printfa.o(i._printf_core) refers (Special) to iusefp.o(.text) for __I$use$fp
    printfa.o(i._printf_core) refers to printfa.o(i._printf_pre_padding) for _printf_pre_padding
    printfa.o(i._printf_core) refers to uldiv.o(.text) for __aeabi_uldivmod
    printfa.o(i._printf_core) refers to printfa.o(i._printf_post_padding) for _printf_post_padding
    printfa.o(i._printf_core) refers to printfa.o(i._fp_digits) for _fp_digits
    printfa.o(i._printf_core) refers to uidiv.o(.text) for __aeabi_uidivmod
    printfa.o(i._printf_post_padding) refers (Special) to iusefp.o(.text) for __I$use$fp
    printfa.o(i._printf_pre_padding) refers (Special) to iusefp.o(.text) for __I$use$fp
    printfa.o(i._snputc) refers (Special) to iusefp.o(.text) for __I$use$fp
    printfa.o(i._sputc) refers (Special) to iusefp.o(.text) for __I$use$fp
    dmul.o(.text) refers (Special) to iusefp.o(.text) for __I$use$fp
    dmul.o(.text) refers to depilogue.o(.text) for _double_epilogue
    ddiv.o(.text) refers (Special) to iusefp.o(.text) for __I$use$fp
    ddiv.o(.text) refers to depilogue.o(.text) for _double_round
    dfltui.o(.text) refers (Special) to iusefp.o(.text) for __I$use$fp
    dfltui.o(.text) refers to depilogue.o(.text) for _double_epilogue
    d2f.o(.text) refers (Special) to iusefp.o(.text) for __I$use$fp
    d2f.o(.text) refers to fepilogue.o(.text) for _float_round
    entry2.o(.ARM.Collect$$$$00000001) refers to entry2.o(.ARM.Collect$$$$00002712) for __lit__00000000
    entry2.o(.ARM.Collect$$$$00002712) refers to startup_stm32l1xx_md.o(STACK) for __initial_sp
    entry2.o(__vectab_stack_and_reset_area) refers to startup_stm32l1xx_md.o(STACK) for __initial_sp
    entry2.o(__vectab_stack_and_reset_area) refers to entry.o(.ARM.Collect$$$$00000000) for __main
    entry5.o(.ARM.Collect$$$$00000004) refers to init.o(.text) for __scatterload
    entry8.o(.ARM.Collect$$$$00000009) refers to main.o(.text) for main
    fputc.o(i.fputc) refers (Special) to iusesemip.o(.text) for __I$use$semihosting$fputc
    fputc.o(i.fputc) refers (Special) to semi.o(.text) for __semihosting_library_function
    uldiv.o(.text) refers to llushr.o(.text) for __aeabi_llsr
    uldiv.o(.text) refers to llshl.o(.text) for __aeabi_llsl
    depilogue.o(.text) refers to llshl.o(.text) for __aeabi_llsl
    depilogue.o(.text) refers to llushr.o(.text) for __aeabi_llsr
    dadd.o(.text) refers to llshl.o(.text) for __aeabi_llsl
    dadd.o(.text) refers to llsshr.o(.text) for __aeabi_lasr
    dadd.o(.text) refers to depilogue.o(.text) for _double_epilogue
    dfixul.o(.text) refers to llushr.o(.text) for __aeabi_llsr
    dfixul.o(.text) refers to llshl.o(.text) for __aeabi_llsl
    init.o(.text) refers to entry5.o(.ARM.Collect$$$$00000004) for __main_after_scatterload


==============================================================================

Removing Unused input sections from the image.

    Removing main.o(.rev16_text), (4 bytes).
    Removing main.o(.revsh_text), (4 bytes).
    Removing ext_lcd.o(.rev16_text), (4 bytes).
    Removing ext_lcd.o(.revsh_text), (4 bytes).
    Removing startup_stm32l1xx_md.o(HEAP), (512 bytes).
    Removing system_stm32l1xx.o(.rev16_text), (4 bytes).
    Removing system_stm32l1xx.o(.revsh_text), (4 bytes).
    Removing dht11.o(.rev16_text), (4 bytes).
    Removing dht11.o(.revsh_text), (4 bytes).
    Removing stm32l1xx_tim.o(.rev16_text), (4 bytes).
    Removing stm32l1xx_tim.o(.revsh_text), (4 bytes).
    Removing stm32l1xx_rtc.o(.rev16_text), (4 bytes).
    Removing stm32l1xx_rtc.o(.revsh_text), (4 bytes).
    Removing stm32l1xx_rcc.o(.rev16_text), (4 bytes).
    Removing stm32l1xx_rcc.o(.revsh_text), (4 bytes).
    Removing stm32l1xx_adc.o(.rev16_text), (4 bytes).
    Removing stm32l1xx_adc.o(.revsh_text), (4 bytes).
    Removing stm32l1xx_dac.o(.rev16_text), (4 bytes).
    Removing stm32l1xx_dac.o(.revsh_text), (4 bytes).
    Removing stm32l1xx_dac.o(.text), (492 bytes).
    Removing stm32l1xx_dma.o(.rev16_text), (4 bytes).
    Removing stm32l1xx_dma.o(.revsh_text), (4 bytes).
    Removing stm32l1xx_gpio.o(.rev16_text), (4 bytes).
    Removing stm32l1xx_gpio.o(.revsh_text), (4 bytes).
    Removing misc.o(.rev16_text), (4 bytes).
    Removing misc.o(.revsh_text), (4 bytes).
    Removing stm32l1xx_usart.o(.rev16_text), (4 bytes).
    Removing stm32l1xx_usart.o(.revsh_text), (4 bytes).
    Removing stm32l1xx_usart.o(.text), (908 bytes).
    Removing stm32l1xx_syscfg.o(.rev16_text), (4 bytes).
    Removing stm32l1xx_syscfg.o(.revsh_text), (4 bytes).
    Removing stm32l1xx_pwr.o(.rev16_text), (4 bytes).
    Removing stm32l1xx_pwr.o(.revsh_text), (4 bytes).
    Removing stm32l1xx_flash.o(.rev16_text), (4 bytes).
    Removing stm32l1xx_flash.o(.revsh_text), (4 bytes).
    Removing stm32l1xx_exti.o(.rev16_text), (4 bytes).
    Removing stm32l1xx_exti.o(.revsh_text), (4 bytes).
    Removing dadd.o(.text), (332 bytes).
    Removing dfixul.o(.text), (48 bytes).
    Removing cdrcmple.o(.text), (40 bytes).

40 unused section(s) (total 2468 bytes) removed from the image.

==============================================================================

Image Symbol Table

    Local Symbols

    Symbol Name                              Value     Ov Type        Size  Object(Section)

    ../../microlib/d2f.c                     0x00000000   Number         0  d2f.o ABSOLUTE
    ../../microlib/division.c                0x00000000   Number         0  uldiv.o ABSOLUTE
    ../../microlib/division.c                0x00000000   Number         0  uidiv.o ABSOLUTE
    ../../microlib/fpadd.c                   0x00000000   Number         0  dadd.o ABSOLUTE
    ../../microlib/fpdiv.c                   0x00000000   Number         0  ddiv.o ABSOLUTE
    ../../microlib/fpepilogue.c              0x00000000   Number         0  fepilogue.o ABSOLUTE
    ../../microlib/fpepilogue.c              0x00000000   Number         0  depilogue.o ABSOLUTE
    ../../microlib/fpfix.c                   0x00000000   Number         0  dfixul.o ABSOLUTE
    ../../microlib/fpflt.c                   0x00000000   Number         0  dfltui.o ABSOLUTE
    ../../microlib/fpmul.c                   0x00000000   Number         0  dmul.o ABSOLUTE
    ../../microlib/init/entry.s              0x00000000   Number         0  entry7b.o ABSOLUTE
    ../../microlib/init/entry.s              0x00000000   Number         0  entry8.o ABSOLUTE
    ../../microlib/init/entry.s              0x00000000   Number         0  entry5.o ABSOLUTE
    ../../microlib/init/entry.s              0x00000000   Number         0  entry7a.o ABSOLUTE
    ../../microlib/init/entry.s              0x00000000   Number         0  entry.o ABSOLUTE
    ../../microlib/init/entry.s              0x00000000   Number         0  entry2.o ABSOLUTE
    ../../microlib/longlong.c                0x00000000   Number         0  llushr.o ABSOLUTE
    ../../microlib/longlong.c                0x00000000   Number         0  llsshr.o ABSOLUTE
    ../../microlib/longlong.c                0x00000000   Number         0  llshl.o ABSOLUTE
    ../../microlib/printf/printf.c           0x00000000   Number         0  printf2.o ABSOLUTE
    ../../microlib/printf/printf.c           0x00000000   Number         0  printf4.o ABSOLUTE
    ../../microlib/printf/printf.c           0x00000000   Number         0  printf8.o ABSOLUTE
    ../../microlib/printf/printf.c           0x00000000   Number         0  printf5.o ABSOLUTE
    ../../microlib/printf/printf.c           0x00000000   Number         0  printf7.o ABSOLUTE
    ../../microlib/printf/printf.c           0x00000000   Number         0  printf6.o ABSOLUTE
    ../../microlib/printf/printf.c           0x00000000   Number         0  printf1.o ABSOLUTE
    ../../microlib/printf/printf.c           0x00000000   Number         0  printf0.o ABSOLUTE
    ../../microlib/printf/printf.c           0x00000000   Number         0  printfb.o ABSOLUTE
    ../../microlib/printf/printf.c           0x00000000   Number         0  printf3.o ABSOLUTE
    ../../microlib/printf/printf.c           0x00000000   Number         0  printfa.o ABSOLUTE
    ../../microlib/printf/stubs.s            0x00000000   Number         0  stubs.o ABSOLUTE
    ../../microlib/stdio/fputc.c             0x00000000   Number         0  fputc.o ABSOLUTE
    ../../microlib/stdio/semi.s              0x00000000   Number         0  semi.o ABSOLUTE
    ../../microlib/stdio/streams.c           0x00000000   Number         0  stdout.o ABSOLUTE
    ../../microlib/stubs.s                   0x00000000   Number         0  iusefp.o ABSOLUTE
    ../../microlib/stubs.s                   0x00000000   Number         0  iusesemip.o ABSOLUTE
    ..\STM32L1xx_StdPeriph_Driver\src\misc.c 0x00000000   Number         0  misc.o ABSOLUTE
    ..\STM32L1xx_StdPeriph_Driver\src\stm32l1xx_adc.c 0x00000000   Number         0  stm32l1xx_adc.o ABSOLUTE
    ..\STM32L1xx_StdPeriph_Driver\src\stm32l1xx_dac.c 0x00000000   Number         0  stm32l1xx_dac.o ABSOLUTE
    ..\STM32L1xx_StdPeriph_Driver\src\stm32l1xx_dma.c 0x00000000   Number         0  stm32l1xx_dma.o ABSOLUTE
    ..\STM32L1xx_StdPeriph_Driver\src\stm32l1xx_exti.c 0x00000000   Number         0  stm32l1xx_exti.o ABSOLUTE
    ..\STM32L1xx_StdPeriph_Driver\src\stm32l1xx_flash.c 0x00000000   Number         0  stm32l1xx_flash.o ABSOLUTE
    ..\STM32L1xx_StdPeriph_Driver\src\stm32l1xx_gpio.c 0x00000000   Number         0  stm32l1xx_gpio.o ABSOLUTE
    ..\STM32L1xx_StdPeriph_Driver\src\stm32l1xx_pwr.c 0x00000000   Number         0  stm32l1xx_pwr.o ABSOLUTE
    ..\STM32L1xx_StdPeriph_Driver\src\stm32l1xx_rcc.c 0x00000000   Number         0  stm32l1xx_rcc.o ABSOLUTE
    ..\STM32L1xx_StdPeriph_Driver\src\stm32l1xx_rtc.c 0x00000000   Number         0  stm32l1xx_rtc.o ABSOLUTE
    ..\STM32L1xx_StdPeriph_Driver\src\stm32l1xx_syscfg.c 0x00000000   Number         0  stm32l1xx_syscfg.o ABSOLUTE
    ..\STM32L1xx_StdPeriph_Driver\src\stm32l1xx_tim.c 0x00000000   Number         0  stm32l1xx_tim.o ABSOLUTE
    ..\STM32L1xx_StdPeriph_Driver\src\stm32l1xx_usart.c 0x00000000   Number         0  stm32l1xx_usart.o ABSOLUTE
    ..\\STM32L1xx_StdPeriph_Driver\\src\\misc.c 0x00000000   Number         0  misc.o ABSOLUTE
    ..\\STM32L1xx_StdPeriph_Driver\\src\\stm32l1xx_adc.c 0x00000000   Number         0  stm32l1xx_adc.o ABSOLUTE
    ..\\STM32L1xx_StdPeriph_Driver\\src\\stm32l1xx_dac.c 0x00000000   Number         0  stm32l1xx_dac.o ABSOLUTE
    ..\\STM32L1xx_StdPeriph_Driver\\src\\stm32l1xx_dma.c 0x00000000   Number         0  stm32l1xx_dma.o ABSOLUTE
    ..\\STM32L1xx_StdPeriph_Driver\\src\\stm32l1xx_exti.c 0x00000000   Number         0  stm32l1xx_exti.o ABSOLUTE
    ..\\STM32L1xx_StdPeriph_Driver\\src\\stm32l1xx_flash.c 0x00000000   Number         0  stm32l1xx_flash.o ABSOLUTE
    ..\\STM32L1xx_StdPeriph_Driver\\src\\stm32l1xx_gpio.c 0x00000000   Number         0  stm32l1xx_gpio.o ABSOLUTE
    ..\\STM32L1xx_StdPeriph_Driver\\src\\stm32l1xx_pwr.c 0x00000000   Number         0  stm32l1xx_pwr.o ABSOLUTE
    ..\\STM32L1xx_StdPeriph_Driver\\src\\stm32l1xx_rcc.c 0x00000000   Number         0  stm32l1xx_rcc.o ABSOLUTE
    ..\\STM32L1xx_StdPeriph_Driver\\src\\stm32l1xx_rtc.c 0x00000000   Number         0  stm32l1xx_rtc.o ABSOLUTE
    ..\\STM32L1xx_StdPeriph_Driver\\src\\stm32l1xx_syscfg.c 0x00000000   Number         0  stm32l1xx_syscfg.o ABSOLUTE
    ..\\STM32L1xx_StdPeriph_Driver\\src\\stm32l1xx_tim.c 0x00000000   Number         0  stm32l1xx_tim.o ABSOLUTE
    ..\\STM32L1xx_StdPeriph_Driver\\src\\stm32l1xx_usart.c 0x00000000   Number         0  stm32l1xx_usart.o ABSOLUTE
    cdrcmple.s                               0x00000000   Number         0  cdrcmple.o ABSOLUTE
    dc.s                                     0x00000000   Number         0  dc.o ABSOLUTE
    dht11.c                                  0x00000000   Number         0  dht11.o ABSOLUTE
    dht11.c                                  0x00000000   Number         0  dht11.o ABSOLUTE
    ext_lcd.c                                0x00000000   Number         0  ext_lcd.o ABSOLUTE
    ext_lcd.c                                0x00000000   Number         0  ext_lcd.o ABSOLUTE
    handlers.s                               0x00000000   Number         0  handlers.o ABSOLUTE
    init.s                                   0x00000000   Number         0  init.o ABSOLUTE
    main.c                                   0x00000000   Number         0  main.o ABSOLUTE
    main.c                                   0x00000000   Number         0  main.o ABSOLUTE
    startup_stm32l1xx_md.s                   0x00000000   Number         0  startup_stm32l1xx_md.o ABSOLUTE
    system_stm32l1xx.c                       0x00000000   Number         0  system_stm32l1xx.o ABSOLUTE
    system_stm32l1xx.c                       0x00000000   Number         0  system_stm32l1xx.o ABSOLUTE
    RESET                                    0x08000000   Section      244  startup_stm32l1xx_md.o(RESET)
    .ARM.Collect$$$$00000000                 0x080000f4   Section        0  entry.o(.ARM.Collect$$$$00000000)
    .ARM.Collect$$$$00000001                 0x080000f4   Section        4  entry2.o(.ARM.Collect$$$$00000001)
    .ARM.Collect$$$$00000004                 0x080000f8   Section        4  entry5.o(.ARM.Collect$$$$00000004)
    .ARM.Collect$$$$00000008                 0x080000fc   Section        0  entry7b.o(.ARM.Collect$$$$00000008)
    .ARM.Collect$$$$00000009                 0x080000fc   Section        8  entry8.o(.ARM.Collect$$$$00000009)
    .ARM.Collect$$$$00002712                 0x08000104   Section        4  entry2.o(.ARM.Collect$$$$00002712)
    __lit__00000000                          0x08000104   Data           4  entry2.o(.ARM.Collect$$$$00002712)
    .text                                    0x08000108   Section        0  main.o(.text)
    .text                                    0x08000980   Section        0  ext_lcd.o(.text)
    .text                                    0x08000b34   Section       36  startup_stm32l1xx_md.o(.text)
    .text                                    0x08000b58   Section        0  system_stm32l1xx.o(.text)
    SetSysClock                              0x08000b59   Thumb Code   182  system_stm32l1xx.o(.text)
    .text                                    0x08000d60   Section        0  dht11.o(.text)
    .text                                    0x08000e8c   Section        0  stm32l1xx_tim.o(.text)
    TI4_Config                               0x080013b7   Thumb Code    68  stm32l1xx_tim.o(.text)
    TI3_Config                               0x0800140d   Thumb Code    64  stm32l1xx_tim.o(.text)
    TI2_Config                               0x08001463   Thumb Code    68  stm32l1xx_tim.o(.text)
    TI1_Config                               0x080014b9   Thumb Code    56  stm32l1xx_tim.o(.text)
    .text                                    0x08001810   Section        0  stm32l1xx_rtc.o(.text)
    RTC_ByteToBcd2                           0x08001a3f   Thumb Code    28  stm32l1xx_rtc.o(.text)
    RTC_Bcd2ToByte                           0x08001a5b   Thumb Code    22  stm32l1xx_rtc.o(.text)
    .text                                    0x080022b0   Section        0  stm32l1xx_rcc.o(.text)
    .text                                    0x08002730   Section        0  stm32l1xx_adc.o(.text)
    .text                                    0x08002be4   Section        0  stm32l1xx_dma.o(.text)
    .text                                    0x08002d94   Section        0  stm32l1xx_gpio.o(.text)
    .text                                    0x08002f80   Section        0  misc.o(.text)
    .text                                    0x0800305c   Section        0  stm32l1xx_syscfg.o(.text)
    .text                                    0x080032c4   Section        0  stm32l1xx_pwr.o(.text)
    .text                                    0x08003414   Section        0  stm32l1xx_flash.o(.text)
    .text                                    0x08003a40   Section        0  stm32l1xx_exti.o(.text)
    .text                                    0x08003b5c   Section        0  dmul.o(.text)
    .text                                    0x08003c3c   Section        0  ddiv.o(.text)
    .text                                    0x08003d1a   Section        0  dfltui.o(.text)
    .text                                    0x08003d34   Section        0  d2f.o(.text)
    .text                                    0x08003d6c   Section        0  uidiv.o(.text)
    .text                                    0x08003d98   Section        0  iusefp.o(.text)
    .text                                    0x08003d98   Section        0  fepilogue.o(.text)
    .text                                    0x08003e04   Section        0  depilogue.o(.text)
    .text                                    0x08003ec4   Section       36  init.o(.text)
    .text                                    0x08003ee8   Section        0  llshl.o(.text)
    .text                                    0x08003f06   Section        0  llushr.o(.text)
    i.__0sprintf$6                           0x08003f28   Section        0  printf6.o(i.__0sprintf$6)
    i.__scatterload_copy                     0x08003f50   Section       14  handlers.o(i.__scatterload_copy)
    i.__scatterload_null                     0x08003f5e   Section        2  handlers.o(i.__scatterload_null)
    i.__scatterload_zeroinit                 0x08003f60   Section       14  handlers.o(i.__scatterload_zeroinit)
    i._printf_core                           0x08003f70   Section        0  printf6.o(i._printf_core)
    _printf_core                             0x08003f71   Thumb Code   750  printf6.o(i._printf_core)
    i._printf_post_padding                   0x08004264   Section        0  printf6.o(i._printf_post_padding)
    _printf_post_padding                     0x08004265   Thumb Code    38  printf6.o(i._printf_post_padding)
    i._printf_pre_padding                    0x0800428a   Section        0  printf6.o(i._printf_pre_padding)
    _printf_pre_padding                      0x0800428b   Thumb Code    48  printf6.o(i._printf_pre_padding)
    i._sputc                                 0x080042ba   Section        0  printf6.o(i._sputc)
    _sputc                                   0x080042bb   Thumb Code    10  printf6.o(i._sputc)
    .data                                    0x20000000   Section       71  main.o(.data)
    TimingDelay                              0x2000000c   Data           4  main.o(.data)
    .data                                    0x20000048   Section       29  system_stm32l1xx.o(.data)
    .data                                    0x20000065   Section       25  stm32l1xx_rcc.o(.data)
    PLLMulTable                              0x20000065   Data           9  stm32l1xx_rcc.o(.data)
    APBAHBPrescTable                         0x2000006e   Data          16  stm32l1xx_rcc.o(.data)
    .bss                                     0x20000080   Section      140  main.o(.bss)
    STACK                                    0x20000110   Section     1024  startup_stm32l1xx_md.o(STACK)

    Global Symbols

    Symbol Name                              Value     Ov Type        Size  Object(Section)

    BuildAttributes$$THM_ISAv4$P$D$K$B$S$PE$A:L22UL41UL21$X:L11$S22US41US21$IEEE1$IW$USESV6$~STKCKD$USESV7$~SHL$OTIME$ROPI$EBA8$MICROLIB$REQ8$PRES8$EABIv2 0x00000000   Number         0  anon$$obj.o ABSOLUTE
    __ARM_use_no_argv                        0x00000000   Number         0  main.o ABSOLUTE
    _printf_a                                0x00000000   Number         0  stubs.o ABSOLUTE
    _printf_c                                0x00000000   Number         0  stubs.o ABSOLUTE
    _printf_charcount                        0x00000000   Number         0  stubs.o ABSOLUTE
    _printf_d                                0x00000000   Number         0  stubs.o ABSOLUTE
    _printf_e                                0x00000000   Number         0  stubs.o ABSOLUTE
    _printf_f                                0x00000000   Number         0  stubs.o ABSOLUTE
    _printf_flags                            0x00000000   Number         0  stubs.o ABSOLUTE
    _printf_fp_dec                           0x00000000   Number         0  stubs.o ABSOLUTE
    _printf_fp_hex                           0x00000000   Number         0  stubs.o ABSOLUTE
    _printf_g                                0x00000000   Number         0  stubs.o ABSOLUTE
    _printf_i                                0x00000000   Number         0  stubs.o ABSOLUTE
    _printf_int_dec                          0x00000000   Number         0  stubs.o ABSOLUTE
    _printf_l                                0x00000000   Number         0  stubs.o ABSOLUTE
    _printf_lc                               0x00000000   Number         0  stubs.o ABSOLUTE
    _printf_ll                               0x00000000   Number         0  stubs.o ABSOLUTE
    _printf_lld                              0x00000000   Number         0  stubs.o ABSOLUTE
    _printf_lli                              0x00000000   Number         0  stubs.o ABSOLUTE
    _printf_llo                              0x00000000   Number         0  stubs.o ABSOLUTE
    _printf_llu                              0x00000000   Number         0  stubs.o ABSOLUTE
    _printf_llx                              0x00000000   Number         0  stubs.o ABSOLUTE
    _printf_longlong_dec                     0x00000000   Number         0  stubs.o ABSOLUTE
    _printf_longlong_hex                     0x00000000   Number         0  stubs.o ABSOLUTE
    _printf_longlong_oct                     0x00000000   Number         0  stubs.o ABSOLUTE
    _printf_ls                               0x00000000   Number         0  stubs.o ABSOLUTE
    _printf_mbtowc                           0x00000000   Number         0  stubs.o ABSOLUTE
    _printf_n                                0x00000000   Number         0  stubs.o ABSOLUTE
    _printf_o                                0x00000000   Number         0  stubs.o ABSOLUTE
    _printf_p                                0x00000000   Number         0  stubs.o ABSOLUTE
    _printf_percent                          0x00000000   Number         0  stubs.o ABSOLUTE
    _printf_pre_padding                      0x00000000   Number         0  stubs.o ABSOLUTE
    _printf_return_value                     0x00000000   Number         0  stubs.o ABSOLUTE
    _printf_s                                0x00000000   Number         0  stubs.o ABSOLUTE
    _printf_sizespec                         0x00000000   Number         0  stubs.o ABSOLUTE
    _printf_str                              0x00000000   Number         0  stubs.o ABSOLUTE
    _printf_truncate_signed                  0x00000000   Number         0  stubs.o ABSOLUTE
    _printf_truncate_unsigned                0x00000000   Number         0  stubs.o ABSOLUTE
    _printf_u                                0x00000000   Number         0  stubs.o ABSOLUTE
    _printf_wc                               0x00000000   Number         0  stubs.o ABSOLUTE
    _printf_wctomb                           0x00000000   Number         0  stubs.o ABSOLUTE
    _printf_widthprec                        0x00000000   Number         0  stubs.o ABSOLUTE
    _printf_x                                0x00000000   Number         0  stubs.o ABSOLUTE
    __decompress                              - Undefined Weak Reference
    _clock_init                               - Undefined Weak Reference
    __Vectors_Size                           0x000000f4   Number         0  startup_stm32l1xx_md.o ABSOLUTE
    __Vectors                                0x08000000   Data           4  startup_stm32l1xx_md.o(RESET)
    __Vectors_End                            0x080000f4   Data           0  startup_stm32l1xx_md.o(RESET)
    __main                                   0x080000f5   Thumb Code     0  entry.o(.ARM.Collect$$$$00000000)
    _main_stk                                0x080000f5   Thumb Code     0  entry2.o(.ARM.Collect$$$$00000001)
    _main_scatterload                        0x080000f9   Thumb Code     0  entry5.o(.ARM.Collect$$$$00000004)
    __main_after_scatterload                 0x080000fd   Thumb Code     0  entry5.o(.ARM.Collect$$$$00000004)
    _main_clock                              0x080000fd   Thumb Code     0  entry7b.o(.ARM.Collect$$$$00000008)
    _main_init                               0x080000fd   Thumb Code     0  entry8.o(.ARM.Collect$$$$00000009)
    TimingDelay_Decrement                    0x08000109   Thumb Code    28  main.o(.text)
    SysTick_Handler                          0x08000125   Thumb Code     8  main.o(.text)
    EXTI0_IRQHandler                         0x0800012d   Thumb Code    14  main.o(.text)
    TIM2_IRQHandler                          0x0800013b   Thumb Code    36  main.o(.text)
    setADCDMA_TransferComplete               0x0800015f   Thumb Code     8  main.o(.text)
    DMA1_Channel1_IRQHandler                 0x08000167   Thumb Code    14  main.o(.text)
    writeCalibData                           0x08000175   Thumb Code    70  main.o(.text)
    testFactoryCalibData                     0x080001bb   Thumb Code    24  main.o(.text)
    testUserCalibData                        0x080001d3   Thumb Code    20  main.o(.text)
    configureADC_Temp                        0x080001e7   Thumb Code   292  main.o(.text)
    configureDMA                             0x0800030b   Thumb Code   110  main.o(.text)
    Init_ext_LCD_GPIOs                       0x08000379   Thumb Code    72  main.o(.text)
    Init_GPIOs                               0x080003c1   Thumb Code   224  main.o(.text)
    RCC_Configuration                        0x080004a1   Thumb Code   252  main.o(.text)
    main                                     0x0800059d   Thumb Code   394  main.o(.text)
    clearADCDMA_TransferComplete             0x08000727   Thumb Code     8  main.o(.text)
    acquireTemperatureData                   0x0800072f   Thumb Code    62  main.o(.text)
    insertionSort                            0x0800076d   Thumb Code    52  main.o(.text)
    interquartileMean                        0x080007a1   Thumb Code    36  main.o(.text)
    processTempData                          0x080007c5   Thumb Code   196  main.o(.text)
    uint16_time_diff                         0x08000889   Thumb Code    22  main.o(.text)
    Delay                                    0x0800089f   Thumb Code    16  main.o(.text)
    Pulse_E                                  0x08000981   Thumb Code    30  ext_lcd.o(.text)
    ClearBits                                0x0800099f   Thumb Code    32  ext_lcd.o(.text)
    WriteCommon                              0x080009bf   Thumb Code   102  ext_lcd.o(.text)
    WriteCtrl                                0x08000a25   Thumb Code    26  ext_lcd.o(.text)
    WriteData                                0x08000a3f   Thumb Code    24  ext_lcd.o(.text)
    Clr_LCD                                  0x08000a57   Thumb Code    16  ext_lcd.o(.text)
    GotoHome                                 0x08000a67   Thumb Code    16  ext_lcd.o(.text)
    GotoXY                                   0x08000a77   Thumb Code    24  ext_lcd.o(.text)
    LCD_CURS                                 0x08000a8f   Thumb Code    40  ext_lcd.o(.text)
    LCD_ON                                   0x08000ab7   Thumb Code    18  ext_lcd.o(.text)
    LCD_OFF                                  0x08000ac9   Thumb Code    14  ext_lcd.o(.text)
    Init_Ext_LCD                             0x08000ad7   Thumb Code    54  ext_lcd.o(.text)
    Write_LCD                                0x08000b0d   Thumb Code    32  ext_lcd.o(.text)
    Reset_Handler                            0x08000b35   Thumb Code     8  startup_stm32l1xx_md.o(.text)
    NMI_Handler                              0x08000b3d   Thumb Code     2  startup_stm32l1xx_md.o(.text)
    HardFault_Handler                        0x08000b3f   Thumb Code     2  startup_stm32l1xx_md.o(.text)
    MemManage_Handler                        0x08000b41   Thumb Code     2  startup_stm32l1xx_md.o(.text)
    BusFault_Handler                         0x08000b43   Thumb Code     2  startup_stm32l1xx_md.o(.text)
    UsageFault_Handler                       0x08000b45   Thumb Code     2  startup_stm32l1xx_md.o(.text)
    SVC_Handler                              0x08000b47   Thumb Code     2  startup_stm32l1xx_md.o(.text)
    DebugMon_Handler                         0x08000b49   Thumb Code     2  startup_stm32l1xx_md.o(.text)
    PendSV_Handler                           0x08000b4b   Thumb Code     2  startup_stm32l1xx_md.o(.text)
    ADC1_IRQHandler                          0x08000b4f   Thumb Code     0  startup_stm32l1xx_md.o(.text)
    COMP_IRQHandler                          0x08000b4f   Thumb Code     0  startup_stm32l1xx_md.o(.text)
    DAC_IRQHandler                           0x08000b4f   Thumb Code     0  startup_stm32l1xx_md.o(.text)
    DMA1_Channel2_IRQHandler                 0x08000b4f   Thumb Code     0  startup_stm32l1xx_md.o(.text)
    DMA1_Channel3_IRQHandler                 0x08000b4f   Thumb Code     0  startup_stm32l1xx_md.o(.text)
    DMA1_Channel4_IRQHandler                 0x08000b4f   Thumb Code     0  startup_stm32l1xx_md.o(.text)
    DMA1_Channel5_IRQHandler                 0x08000b4f   Thumb Code     0  startup_stm32l1xx_md.o(.text)
    DMA1_Channel6_IRQHandler                 0x08000b4f   Thumb Code     0  startup_stm32l1xx_md.o(.text)
    DMA1_Channel7_IRQHandler                 0x08000b4f   Thumb Code     0  startup_stm32l1xx_md.o(.text)
    EXTI15_10_IRQHandler                     0x08000b4f   Thumb Code     0  startup_stm32l1xx_md.o(.text)
    EXTI1_IRQHandler                         0x08000b4f   Thumb Code     0  startup_stm32l1xx_md.o(.text)
    EXTI2_IRQHandler                         0x08000b4f   Thumb Code     0  startup_stm32l1xx_md.o(.text)
    EXTI3_IRQHandler                         0x08000b4f   Thumb Code     0  startup_stm32l1xx_md.o(.text)
    EXTI4_IRQHandler                         0x08000b4f   Thumb Code     0  startup_stm32l1xx_md.o(.text)
    EXTI9_5_IRQHandler                       0x08000b4f   Thumb Code     0  startup_stm32l1xx_md.o(.text)
    FLASH_IRQHandler                         0x08000b4f   Thumb Code     0  startup_stm32l1xx_md.o(.text)
    I2C1_ER_IRQHandler                       0x08000b4f   Thumb Code     0  startup_stm32l1xx_md.o(.text)
    I2C1_EV_IRQHandler                       0x08000b4f   Thumb Code     0  startup_stm32l1xx_md.o(.text)
    I2C2_ER_IRQHandler                       0x08000b4f   Thumb Code     0  startup_stm32l1xx_md.o(.text)
    I2C2_EV_IRQHandler                       0x08000b4f   Thumb Code     0  startup_stm32l1xx_md.o(.text)
    LCD_IRQHandler                           0x08000b4f   Thumb Code     0  startup_stm32l1xx_md.o(.text)
    PVD_IRQHandler                           0x08000b4f   Thumb Code     0  startup_stm32l1xx_md.o(.text)
    RCC_IRQHandler                           0x08000b4f   Thumb Code     0  startup_stm32l1xx_md.o(.text)
    RTC_Alarm_IRQHandler                     0x08000b4f   Thumb Code     0  startup_stm32l1xx_md.o(.text)
    RTC_WKUP_IRQHandler                      0x08000b4f   Thumb Code     0  startup_stm32l1xx_md.o(.text)
    SPI1_IRQHandler                          0x08000b4f   Thumb Code     0  startup_stm32l1xx_md.o(.text)
    SPI2_IRQHandler                          0x08000b4f   Thumb Code     0  startup_stm32l1xx_md.o(.text)
    TAMPER_STAMP_IRQHandler                  0x08000b4f   Thumb Code     0  startup_stm32l1xx_md.o(.text)
    TIM10_IRQHandler                         0x08000b4f   Thumb Code     0  startup_stm32l1xx_md.o(.text)
    TIM11_IRQHandler                         0x08000b4f   Thumb Code     0  startup_stm32l1xx_md.o(.text)
    TIM3_IRQHandler                          0x08000b4f   Thumb Code     0  startup_stm32l1xx_md.o(.text)
    TIM4_IRQHandler                          0x08000b4f   Thumb Code     0  startup_stm32l1xx_md.o(.text)
    TIM6_IRQHandler                          0x08000b4f   Thumb Code     0  startup_stm32l1xx_md.o(.text)
    TIM7_IRQHandler                          0x08000b4f   Thumb Code     0  startup_stm32l1xx_md.o(.text)
    TIM9_IRQHandler                          0x08000b4f   Thumb Code     0  startup_stm32l1xx_md.o(.text)
    USART1_IRQHandler                        0x08000b4f   Thumb Code     0  startup_stm32l1xx_md.o(.text)
    USART2_IRQHandler                        0x08000b4f   Thumb Code     0  startup_stm32l1xx_md.o(.text)
    USART3_IRQHandler                        0x08000b4f   Thumb Code     0  startup_stm32l1xx_md.o(.text)
    USB_FS_WKUP_IRQHandler                   0x08000b4f   Thumb Code     0  startup_stm32l1xx_md.o(.text)
    USB_HP_IRQHandler                        0x08000b4f   Thumb Code     0  startup_stm32l1xx_md.o(.text)
    USB_LP_IRQHandler                        0x08000b4f   Thumb Code     0  startup_stm32l1xx_md.o(.text)
    WWDG_IRQHandler                          0x08000b4f   Thumb Code     0  startup_stm32l1xx_md.o(.text)
    SystemInit                               0x08000c0f   Thumb Code    88  system_stm32l1xx.o(.text)
    SystemCoreClockUpdate                    0x08000c67   Thumb Code   204  system_stm32l1xx.o(.text)
    read_cycle                               0x08000d61   Thumb Code    72  dht11.o(.text)
    read_DHT11                               0x08000da9   Thumb Code   222  dht11.o(.text)
    TIM_DeInit                               0x08000e8d   Thumb Code   196  stm32l1xx_tim.o(.text)
    TIM_TimeBaseInit                         0x08000f51   Thumb Code    70  stm32l1xx_tim.o(.text)
    TIM_TimeBaseStructInit                   0x08000f97   Thumb Code    16  stm32l1xx_tim.o(.text)
    TIM_PrescalerConfig                      0x08000fa7   Thumb Code     6  stm32l1xx_tim.o(.text)
    TIM_CounterModeConfig                    0x08000fad   Thumb Code    18  stm32l1xx_tim.o(.text)
    TIM_SetCounter                           0x08000fbf   Thumb Code     4  stm32l1xx_tim.o(.text)
    TIM_SetAutoreload                        0x08000fc3   Thumb Code     4  stm32l1xx_tim.o(.text)
    TIM_GetCounter                           0x08000fc7   Thumb Code     6  stm32l1xx_tim.o(.text)
    TIM_GetPrescaler                         0x08000fcd   Thumb Code     6  stm32l1xx_tim.o(.text)
    TIM_UpdateDisableConfig                  0x08000fd3   Thumb Code    24  stm32l1xx_tim.o(.text)
    TIM_UpdateRequestConfig                  0x08000feb   Thumb Code    24  stm32l1xx_tim.o(.text)
    TIM_ARRPreloadConfig                     0x08001003   Thumb Code    24  stm32l1xx_tim.o(.text)
    TIM_SelectOnePulseMode                   0x0800101b   Thumb Code    18  stm32l1xx_tim.o(.text)
    TIM_SetClockDivision                     0x0800102d   Thumb Code    18  stm32l1xx_tim.o(.text)
    TIM_Cmd                                  0x0800103f   Thumb Code    24  stm32l1xx_tim.o(.text)
    TIM_OC1Init                              0x08001057   Thumb Code    56  stm32l1xx_tim.o(.text)
    TIM_OC2Init                              0x0800108f   Thumb Code    66  stm32l1xx_tim.o(.text)
    TIM_OC3Init                              0x080010d1   Thumb Code    62  stm32l1xx_tim.o(.text)
    TIM_OC4Init                              0x0800110f   Thumb Code    66  stm32l1xx_tim.o(.text)
    TIM_OCStructInit                         0x08001151   Thumb Code    12  stm32l1xx_tim.o(.text)
    TIM_SelectOCxM                           0x0800115d   Thumb Code    82  stm32l1xx_tim.o(.text)
    TIM_SetCompare1                          0x080011af   Thumb Code     4  stm32l1xx_tim.o(.text)
    TIM_SetCompare2                          0x080011b3   Thumb Code     4  stm32l1xx_tim.o(.text)
    TIM_SetCompare3                          0x080011b7   Thumb Code     4  stm32l1xx_tim.o(.text)
    TIM_SetCompare4                          0x080011bb   Thumb Code     4  stm32l1xx_tim.o(.text)
    TIM_ForcedOC1Config                      0x080011bf   Thumb Code    18  stm32l1xx_tim.o(.text)
    TIM_ForcedOC2Config                      0x080011d1   Thumb Code    22  stm32l1xx_tim.o(.text)
    TIM_ForcedOC3Config                      0x080011e7   Thumb Code    18  stm32l1xx_tim.o(.text)
    TIM_ForcedOC4Config                      0x080011f9   Thumb Code    22  stm32l1xx_tim.o(.text)
    TIM_OC1PreloadConfig                     0x0800120f   Thumb Code    18  stm32l1xx_tim.o(.text)
    TIM_OC2PreloadConfig                     0x08001221   Thumb Code    22  stm32l1xx_tim.o(.text)
    TIM_OC3PreloadConfig                     0x08001237   Thumb Code    18  stm32l1xx_tim.o(.text)
    TIM_OC4PreloadConfig                     0x08001249   Thumb Code    22  stm32l1xx_tim.o(.text)
    TIM_OC1FastConfig                        0x0800125f   Thumb Code    18  stm32l1xx_tim.o(.text)
    TIM_OC2FastConfig                        0x08001271   Thumb Code    52  stm32l1xx_tim.o(.text)
    TIM_OC3FastConfig                        0x080012a5   Thumb Code    18  stm32l1xx_tim.o(.text)
    TIM_OC4FastConfig                        0x080012b7   Thumb Code    22  stm32l1xx_tim.o(.text)
    TIM_ClearOC1Ref                          0x080012cd   Thumb Code    18  stm32l1xx_tim.o(.text)
    TIM_ClearOC2Ref                          0x080012df   Thumb Code    20  stm32l1xx_tim.o(.text)
    TIM_ClearOC3Ref                          0x080012f3   Thumb Code    18  stm32l1xx_tim.o(.text)
    TIM_ClearOC4Ref                          0x08001305   Thumb Code    20  stm32l1xx_tim.o(.text)
    TIM_OC1PolarityConfig                    0x08001319   Thumb Code    18  stm32l1xx_tim.o(.text)
    TIM_OC2PolarityConfig                    0x0800132b   Thumb Code    22  stm32l1xx_tim.o(.text)
    TIM_OC3PolarityConfig                    0x08001341   Thumb Code    22  stm32l1xx_tim.o(.text)
    TIM_OC4PolarityConfig                    0x08001357   Thumb Code    22  stm32l1xx_tim.o(.text)
    TIM_SelectOCREFClear                     0x0800136d   Thumb Code    18  stm32l1xx_tim.o(.text)
    TIM_CCxCmd                               0x0800137f   Thumb Code    34  stm32l1xx_tim.o(.text)
    TIM_SetIC4Prescaler                      0x080013a1   Thumb Code    22  stm32l1xx_tim.o(.text)
    TIM_SetIC3Prescaler                      0x080013fb   Thumb Code    18  stm32l1xx_tim.o(.text)
    TIM_SetIC2Prescaler                      0x0800144d   Thumb Code    22  stm32l1xx_tim.o(.text)
    TIM_SetIC1Prescaler                      0x080014a7   Thumb Code    18  stm32l1xx_tim.o(.text)
    TIM_ICInit                               0x080014f1   Thumb Code   110  stm32l1xx_tim.o(.text)
    TIM_ICStructInit                         0x0800155f   Thumb Code    18  stm32l1xx_tim.o(.text)
    TIM_PWMIConfig                           0x08001571   Thumb Code   124  stm32l1xx_tim.o(.text)
    TIM_GetCapture1                          0x080015ed   Thumb Code     6  stm32l1xx_tim.o(.text)
    TIM_GetCapture2                          0x080015f3   Thumb Code     6  stm32l1xx_tim.o(.text)
    TIM_GetCapture3                          0x080015f9   Thumb Code     6  stm32l1xx_tim.o(.text)
    TIM_GetCapture4                          0x080015ff   Thumb Code     6  stm32l1xx_tim.o(.text)
    TIM_ITConfig                             0x08001605   Thumb Code    24  stm32l1xx_tim.o(.text)
    TIM_GenerateEvent                        0x0800161d   Thumb Code     4  stm32l1xx_tim.o(.text)
    TIM_GetFlagStatus                        0x08001621   Thumb Code    18  stm32l1xx_tim.o(.text)
    TIM_ClearFlag                            0x08001633   Thumb Code     6  stm32l1xx_tim.o(.text)
    TIM_GetITStatus                          0x08001639   Thumb Code    34  stm32l1xx_tim.o(.text)
    TIM_ClearITPendingBit                    0x0800165b   Thumb Code     6  stm32l1xx_tim.o(.text)
    TIM_DMAConfig                            0x08001661   Thumb Code    10  stm32l1xx_tim.o(.text)
    TIM_DMACmd                               0x0800166b   Thumb Code    24  stm32l1xx_tim.o(.text)
    TIM_SelectCCDMA                          0x08001683   Thumb Code    24  stm32l1xx_tim.o(.text)
    TIM_InternalClockConfig                  0x0800169b   Thumb Code    12  stm32l1xx_tim.o(.text)
    TIM_SelectInputTrigger                   0x080016a7   Thumb Code    18  stm32l1xx_tim.o(.text)
    TIM_ITRxExternalClockConfig              0x080016b9   Thumb Code    24  stm32l1xx_tim.o(.text)
    TIM_TIxExternalClockConfig               0x080016d1   Thumb Code    62  stm32l1xx_tim.o(.text)
    TIM_ETRConfig                            0x0800170f   Thumb Code    24  stm32l1xx_tim.o(.text)
    TIM_ETRClockMode1Config                  0x08001727   Thumb Code    54  stm32l1xx_tim.o(.text)
    TIM_ETRClockMode2Config                  0x0800175d   Thumb Code    32  stm32l1xx_tim.o(.text)
    TIM_SelectOutputTrigger                  0x0800177d   Thumb Code    18  stm32l1xx_tim.o(.text)
    TIM_SelectSlaveMode                      0x0800178f   Thumb Code    18  stm32l1xx_tim.o(.text)
    TIM_SelectMasterSlaveMode                0x080017a1   Thumb Code    18  stm32l1xx_tim.o(.text)
    TIM_EncoderInterfaceConfig               0x080017b3   Thumb Code    62  stm32l1xx_tim.o(.text)
    TIM_SelectHallSensor                     0x080017f1   Thumb Code    24  stm32l1xx_tim.o(.text)
    TIM_RemapConfig                          0x08001809   Thumb Code     6  stm32l1xx_tim.o(.text)
    RTC_WaitForSynchro                       0x08001811   Thumb Code    84  stm32l1xx_rtc.o(.text)
    RTC_EnterInitMode                        0x08001865   Thumb Code    76  stm32l1xx_rtc.o(.text)
    RTC_DeInit                               0x080018b1   Thumb Code   174  stm32l1xx_rtc.o(.text)
    RTC_ExitInitMode                         0x0800195f   Thumb Code    18  stm32l1xx_rtc.o(.text)
    RTC_Init                                 0x08001971   Thumb Code    94  stm32l1xx_rtc.o(.text)
    RTC_StructInit                           0x080019cf   Thumb Code    14  stm32l1xx_rtc.o(.text)
    RTC_WriteProtectionCmd                   0x080019dd   Thumb Code    22  stm32l1xx_rtc.o(.text)
    RTC_RefClockCmd                          0x080019f3   Thumb Code    76  stm32l1xx_rtc.o(.text)
    RTC_SetTime                              0x08001a71   Thumb Code   184  stm32l1xx_rtc.o(.text)
    RTC_TimeStructInit                       0x08001b29   Thumb Code    12  stm32l1xx_rtc.o(.text)
    RTC_GetTime                              0x08001b35   Thumb Code    74  stm32l1xx_rtc.o(.text)
    RTC_SetDate                              0x08001b7f   Thumb Code   192  stm32l1xx_rtc.o(.text)
    RTC_DateStructInit                       0x08001c3f   Thumb Code    14  stm32l1xx_rtc.o(.text)
    RTC_GetDate                              0x08001c4d   Thumb Code    76  stm32l1xx_rtc.o(.text)
    RTC_SetAlarm                             0x08001c99   Thumb Code   234  stm32l1xx_rtc.o(.text)
    RTC_AlarmStructInit                      0x08001d83   Thumb Code    22  stm32l1xx_rtc.o(.text)
    RTC_GetAlarm                             0x08001d99   Thumb Code   114  stm32l1xx_rtc.o(.text)
    RTC_AlarmCmd                             0x08001e0b   Thumb Code   108  stm32l1xx_rtc.o(.text)
    RTC_WakeUpClockConfig                    0x08001e77   Thumb Code    46  stm32l1xx_rtc.o(.text)
    RTC_SetWakeUpCounter                     0x08001ea5   Thumb Code    24  stm32l1xx_rtc.o(.text)
    RTC_GetWakeUpCounter                     0x08001ebd   Thumb Code    10  stm32l1xx_rtc.o(.text)
    RTC_WakeUpCmd                            0x08001ec7   Thumb Code   112  stm32l1xx_rtc.o(.text)
    RTC_DayLightSavingConfig                 0x08001f37   Thumb Code    54  stm32l1xx_rtc.o(.text)
    RTC_GetStoreOperation                    0x08001f6d   Thumb Code    12  stm32l1xx_rtc.o(.text)
    RTC_OutputConfig                         0x08001f79   Thumb Code    54  stm32l1xx_rtc.o(.text)
    RTC_DigitalCalibConfig                   0x08001faf   Thumb Code    56  stm32l1xx_rtc.o(.text)
    RTC_DigitalCalibCmd                      0x08001fe7   Thumb Code    80  stm32l1xx_rtc.o(.text)
    RTC_CalibOutputCmd                       0x08002037   Thumb Code    50  stm32l1xx_rtc.o(.text)
    RTC_TimeStampCmd                         0x08002069   Thumb Code    52  stm32l1xx_rtc.o(.text)
    RTC_GetTimeStamp                         0x0800209d   Thumb Code   148  stm32l1xx_rtc.o(.text)
    RTC_TamperTriggerConfig                  0x08002131   Thumb Code    38  stm32l1xx_rtc.o(.text)
    RTC_TamperCmd                            0x08002157   Thumb Code    34  stm32l1xx_rtc.o(.text)
    RTC_WriteBackupRegister                  0x08002179   Thumb Code    14  stm32l1xx_rtc.o(.text)
    RTC_ReadBackupRegister                   0x08002187   Thumb Code    16  stm32l1xx_rtc.o(.text)
    RTC_OutputTypeConfig                     0x08002197   Thumb Code    26  stm32l1xx_rtc.o(.text)
    RTC_ITConfig                             0x080021b1   Thumb Code    90  stm32l1xx_rtc.o(.text)
    RTC_GetFlagStatus                        0x0800220b   Thumb Code    34  stm32l1xx_rtc.o(.text)
    RTC_ClearFlag                            0x0800222d   Thumb Code    28  stm32l1xx_rtc.o(.text)
    RTC_GetITStatus                          0x08002249   Thumb Code    60  stm32l1xx_rtc.o(.text)
    RTC_ClearITPendingBit                    0x08002285   Thumb Code    32  stm32l1xx_rtc.o(.text)
    RCC_DeInit                               0x080022b1   Thumb Code    74  stm32l1xx_rcc.o(.text)
    RCC_HSEConfig                            0x080022fb   Thumb Code    14  stm32l1xx_rcc.o(.text)
    RCC_GetFlagStatus                        0x08002309   Thumb Code    48  stm32l1xx_rcc.o(.text)
    RCC_WaitForHSEStartUp                    0x08002339   Thumb Code    48  stm32l1xx_rcc.o(.text)
    RCC_AdjustMSICalibrationValue            0x08002369   Thumb Code     8  stm32l1xx_rcc.o(.text)
    RCC_MSIRangeConfig                       0x08002371   Thumb Code    20  stm32l1xx_rcc.o(.text)
    RCC_MSICmd                               0x08002385   Thumb Code     6  stm32l1xx_rcc.o(.text)
    RCC_AdjustHSICalibrationValue            0x0800238b   Thumb Code    22  stm32l1xx_rcc.o(.text)
    RCC_HSICmd                               0x080023a1   Thumb Code     6  stm32l1xx_rcc.o(.text)
    RCC_LSEConfig                            0x080023a7   Thumb Code    14  stm32l1xx_rcc.o(.text)
    RCC_LSICmd                               0x080023b5   Thumb Code     6  stm32l1xx_rcc.o(.text)
    RCC_PLLConfig                            0x080023bb   Thumb Code    16  stm32l1xx_rcc.o(.text)
    RCC_PLLCmd                               0x080023cb   Thumb Code     6  stm32l1xx_rcc.o(.text)
    RCC_ClockSecuritySystemCmd               0x080023d1   Thumb Code     6  stm32l1xx_rcc.o(.text)
    RCC_MCOConfig                            0x080023d7   Thumb Code    12  stm32l1xx_rcc.o(.text)
    RCC_SYSCLKConfig                         0x080023e3   Thumb Code    20  stm32l1xx_rcc.o(.text)
    RCC_GetSYSCLKSource                      0x080023f7   Thumb Code    12  stm32l1xx_rcc.o(.text)
    RCC_HCLKConfig                           0x08002403   Thumb Code    20  stm32l1xx_rcc.o(.text)
    RCC_PCLK1Config                          0x08002417   Thumb Code    20  stm32l1xx_rcc.o(.text)
    RCC_PCLK2Config                          0x0800242b   Thumb Code    22  stm32l1xx_rcc.o(.text)
    RCC_GetClocksFreq                        0x08002441   Thumb Code   248  stm32l1xx_rcc.o(.text)
    RCC_RTCCLKConfig                         0x08002539   Thumb Code    64  stm32l1xx_rcc.o(.text)
    RCC_RTCCLKCmd                            0x08002579   Thumb Code     8  stm32l1xx_rcc.o(.text)
    RCC_RTCResetCmd                          0x08002581   Thumb Code     8  stm32l1xx_rcc.o(.text)
    RCC_AHBPeriphClockCmd                    0x08002589   Thumb Code    34  stm32l1xx_rcc.o(.text)
    RCC_APB2PeriphClockCmd                   0x080025ab   Thumb Code    34  stm32l1xx_rcc.o(.text)
    RCC_APB1PeriphClockCmd                   0x080025cd   Thumb Code    34  stm32l1xx_rcc.o(.text)
    RCC_AHBPeriphResetCmd                    0x080025ef   Thumb Code    34  stm32l1xx_rcc.o(.text)
    RCC_APB2PeriphResetCmd                   0x08002611   Thumb Code    34  stm32l1xx_rcc.o(.text)
    RCC_APB1PeriphResetCmd                   0x08002633   Thumb Code    34  stm32l1xx_rcc.o(.text)
    RCC_AHBPeriphClockLPModeCmd              0x08002655   Thumb Code    34  stm32l1xx_rcc.o(.text)
    RCC_APB2PeriphClockLPModeCmd             0x08002677   Thumb Code    70  stm32l1xx_rcc.o(.text)
    RCC_APB1PeriphClockLPModeCmd             0x080026bd   Thumb Code    26  stm32l1xx_rcc.o(.text)
    RCC_ITConfig                             0x080026d7   Thumb Code    38  stm32l1xx_rcc.o(.text)
    RCC_ClearFlag                            0x080026fd   Thumb Code    18  stm32l1xx_rcc.o(.text)
    RCC_GetITStatus                          0x0800270f   Thumb Code    22  stm32l1xx_rcc.o(.text)
    RCC_ClearITPendingBit                    0x08002725   Thumb Code     8  stm32l1xx_rcc.o(.text)
    ADC_DeInit                               0x08002731   Thumb Code    24  stm32l1xx_adc.o(.text)
    ADC_Init                                 0x08002749   Thumb Code    74  stm32l1xx_adc.o(.text)
    ADC_StructInit                           0x08002793   Thumb Code    26  stm32l1xx_adc.o(.text)
    ADC_CommonInit                           0x080027ad   Thumb Code    22  stm32l1xx_adc.o(.text)
    ADC_CommonStructInit                     0x080027c3   Thumb Code     6  stm32l1xx_adc.o(.text)
    ADC_Cmd                                  0x080027c9   Thumb Code    22  stm32l1xx_adc.o(.text)
    ADC_PowerDownCmd                         0x080027df   Thumb Code    18  stm32l1xx_adc.o(.text)
    ADC_DelaySelectionConfig                 0x080027f1   Thumb Code    16  stm32l1xx_adc.o(.text)
    ADC_AnalogWatchdogCmd                    0x08002801   Thumb Code    16  stm32l1xx_adc.o(.text)
    ADC_AnalogWatchdogThresholdsConfig       0x08002811   Thumb Code     6  stm32l1xx_adc.o(.text)
    ADC_AnalogWatchdogSingleChannelConfig    0x08002817   Thumb Code    16  stm32l1xx_adc.o(.text)
    ADC_TempSensorVrefintCmd                 0x08002827   Thumb Code    30  stm32l1xx_adc.o(.text)
    ADC_RegularChannelConfig                 0x08002845   Thumb Code   304  stm32l1xx_adc.o(.text)
    ADC_SoftwareStartConv                    0x08002975   Thumb Code    10  stm32l1xx_adc.o(.text)
    ADC_GetSoftwareStartConvStatus           0x0800297f   Thumb Code    20  stm32l1xx_adc.o(.text)
    ADC_EOCOnEachRegularChannelCmd           0x08002993   Thumb Code    22  stm32l1xx_adc.o(.text)
    ADC_ContinuousModeCmd                    0x080029a9   Thumb Code    22  stm32l1xx_adc.o(.text)
    ADC_DiscModeChannelCountConfig           0x080029bf   Thumb Code    24  stm32l1xx_adc.o(.text)
    ADC_DiscModeCmd                          0x080029d7   Thumb Code    22  stm32l1xx_adc.o(.text)
    ADC_GetConversionValue                   0x080029ed   Thumb Code     8  stm32l1xx_adc.o(.text)
    ADC_DMACmd                               0x080029f5   Thumb Code    22  stm32l1xx_adc.o(.text)
    ADC_DMARequestAfterLastTransferCmd       0x08002a0b   Thumb Code    22  stm32l1xx_adc.o(.text)
    ADC_InjectedChannelConfig                0x08002a21   Thumb Code   170  stm32l1xx_adc.o(.text)
    ADC_InjectedSequencerLengthConfig        0x08002acb   Thumb Code    24  stm32l1xx_adc.o(.text)
    ADC_SetInjectedOffset                    0x08002ae3   Thumb Code    12  stm32l1xx_adc.o(.text)
    ADC_ExternalTrigInjectedConvConfig       0x08002aef   Thumb Code    16  stm32l1xx_adc.o(.text)
    ADC_ExternalTrigInjectedConvEdgeConfig   0x08002aff   Thumb Code    16  stm32l1xx_adc.o(.text)
    ADC_SoftwareStartInjectedConv            0x08002b0f   Thumb Code    10  stm32l1xx_adc.o(.text)
    ADC_GetSoftwareStartInjectedConvCmdStatus 0x08002b19   Thumb Code    36  stm32l1xx_adc.o(.text)
    ADC_AutoInjectedConvCmd                  0x08002b3d   Thumb Code    22  stm32l1xx_adc.o(.text)
    ADC_InjectedDiscModeCmd                  0x08002b53   Thumb Code    22  stm32l1xx_adc.o(.text)
    ADC_GetInjectedConversionValue           0x08002b69   Thumb Code    18  stm32l1xx_adc.o(.text)
    ADC_ITConfig                             0x08002b7b   Thumb Code    32  stm32l1xx_adc.o(.text)
    ADC_GetFlagStatus                        0x08002b9b   Thumb Code    18  stm32l1xx_adc.o(.text)
    ADC_ClearFlag                            0x08002bad   Thumb Code     6  stm32l1xx_adc.o(.text)
    ADC_GetITStatus                          0x08002bb3   Thumb Code    38  stm32l1xx_adc.o(.text)
    ADC_ClearITPendingBit                    0x08002bd9   Thumb Code    10  stm32l1xx_adc.o(.text)
    DMA_DeInit                               0x08002be5   Thumb Code   200  stm32l1xx_dma.o(.text)
    DMA_Init                                 0x08002cad   Thumb Code    60  stm32l1xx_dma.o(.text)
    DMA_StructInit                           0x08002ce9   Thumb Code    26  stm32l1xx_dma.o(.text)
    DMA_Cmd                                  0x08002d03   Thumb Code    24  stm32l1xx_dma.o(.text)
    DMA_SetCurrDataCounter                   0x08002d1b   Thumb Code     4  stm32l1xx_dma.o(.text)
    DMA_GetCurrDataCounter                   0x08002d1f   Thumb Code     8  stm32l1xx_dma.o(.text)
    DMA_ITConfig                             0x08002d27   Thumb Code    18  stm32l1xx_dma.o(.text)
    DMA_GetFlagStatus                        0x08002d39   Thumb Code    30  stm32l1xx_dma.o(.text)
    DMA_ClearFlag                            0x08002d57   Thumb Code    14  stm32l1xx_dma.o(.text)
    DMA_GetITStatus                          0x08002d65   Thumb Code    30  stm32l1xx_dma.o(.text)
    DMA_ClearITPendingBit                    0x08002d83   Thumb Code    14  stm32l1xx_dma.o(.text)
    GPIO_DeInit                              0x08002d95   Thumb Code   148  stm32l1xx_gpio.o(.text)
    GPIO_Init                                0x08002e29   Thumb Code   144  stm32l1xx_gpio.o(.text)
    GPIO_StructInit                          0x08002eb9   Thumb Code    18  stm32l1xx_gpio.o(.text)
    GPIO_PinLockConfig                       0x08002ecb   Thumb Code    18  stm32l1xx_gpio.o(.text)
    GPIO_ReadInputDataBit                    0x08002edd   Thumb Code    18  stm32l1xx_gpio.o(.text)
    GPIO_ReadInputData                       0x08002eef   Thumb Code     6  stm32l1xx_gpio.o(.text)
    GPIO_ReadOutputDataBit                   0x08002ef5   Thumb Code    18  stm32l1xx_gpio.o(.text)
    GPIO_ReadOutputData                      0x08002f07   Thumb Code     6  stm32l1xx_gpio.o(.text)
    GPIO_SetBits                             0x08002f0d   Thumb Code     4  stm32l1xx_gpio.o(.text)
    GPIO_ResetBits                           0x08002f11   Thumb Code     4  stm32l1xx_gpio.o(.text)
    GPIO_WriteBit                            0x08002f15   Thumb Code    10  stm32l1xx_gpio.o(.text)
    GPIO_Write                               0x08002f1f   Thumb Code     4  stm32l1xx_gpio.o(.text)
    GPIO_PinAFConfig                         0x08002f23   Thumb Code    70  stm32l1xx_gpio.o(.text)
    NVIC_PriorityGroupConfig                 0x08002f81   Thumb Code    10  misc.o(.text)
    NVIC_Init                                0x08002f8b   Thumb Code   102  misc.o(.text)
    NVIC_SetVectorTable                      0x08002ff1   Thumb Code    14  misc.o(.text)
    NVIC_SystemLPConfig                      0x08002fff   Thumb Code    34  misc.o(.text)
    SysTick_CLKSourceConfig                  0x08003021   Thumb Code    40  misc.o(.text)
    SYSCFG_DeInit                            0x0800305d   Thumb Code    20  stm32l1xx_syscfg.o(.text)
    SYSCFG_RIDeInit                          0x08003071   Thumb Code    28  stm32l1xx_syscfg.o(.text)
    SYSCFG_MemoryRemapConfig                 0x0800308d   Thumb Code     6  stm32l1xx_syscfg.o(.text)
    SYSCFG_USBPuCmd                          0x08003093   Thumb Code    30  stm32l1xx_syscfg.o(.text)
    SYSCFG_EXTILineConfig                    0x080030b1   Thumb Code    66  stm32l1xx_syscfg.o(.text)
    SYSCFG_RITIMSelect                       0x080030f3   Thumb Code    18  stm32l1xx_syscfg.o(.text)
    SYSCFG_RITIMInputCaptureConfig           0x08003105   Thumb Code    86  stm32l1xx_syscfg.o(.text)
    SYSCFG_RIResistorConfig                  0x0800315b   Thumb Code    34  stm32l1xx_syscfg.o(.text)
    SYSCFG_RIIOSwitchConfig                  0x0800317d   Thumb Code    80  stm32l1xx_syscfg.o(.text)
    SYSCFG_RISwitchControlModeCmd            0x080031cd   Thumb Code    38  stm32l1xx_syscfg.o(.text)
    SYSCFG_RIHysteresisConfig                0x080031f3   Thumb Code   200  stm32l1xx_syscfg.o(.text)
    PWR_DeInit                               0x080032c5   Thumb Code    22  stm32l1xx_pwr.o(.text)
    PWR_RTCAccessCmd                         0x080032db   Thumb Code     6  stm32l1xx_pwr.o(.text)
    PWR_PVDLevelConfig                       0x080032e1   Thumb Code    18  stm32l1xx_pwr.o(.text)
    PWR_PVDCmd                               0x080032f3   Thumb Code     6  stm32l1xx_pwr.o(.text)
    PWR_WakeUpPinCmd                         0x080032f9   Thumb Code    12  stm32l1xx_pwr.o(.text)
    PWR_FastWakeUpCmd                        0x08003305   Thumb Code     6  stm32l1xx_pwr.o(.text)
    PWR_UltraLowPowerCmd                     0x0800330b   Thumb Code     6  stm32l1xx_pwr.o(.text)
    PWR_VoltageScalingConfig                 0x08003311   Thumb Code    24  stm32l1xx_pwr.o(.text)
    PWR_EnterLowPowerRunMode                 0x08003329   Thumb Code    50  stm32l1xx_pwr.o(.text)
    PWR_EnterSleepMode                       0x0800335b   Thumb Code    42  stm32l1xx_pwr.o(.text)
    PWR_EnterSTOPMode                        0x08003385   Thumb Code    54  stm32l1xx_pwr.o(.text)
    PWR_EnterSTANDBYMode                     0x080033bb   Thumb Code    42  stm32l1xx_pwr.o(.text)
    PWR_GetFlagStatus                        0x080033e5   Thumb Code    20  stm32l1xx_pwr.o(.text)
    PWR_ClearFlag                            0x080033f9   Thumb Code    14  stm32l1xx_pwr.o(.text)
    FLASH_SetLatency                         0x08003415   Thumb Code    18  stm32l1xx_flash.o(.text)
    FLASH_PrefetchBufferCmd                  0x08003427   Thumb Code    30  stm32l1xx_flash.o(.text)
    FLASH_ReadAccess64Cmd                    0x08003445   Thumb Code    30  stm32l1xx_flash.o(.text)
    FLASH_SLEEPPowerDownCmd                  0x08003463   Thumb Code    30  stm32l1xx_flash.o(.text)
    DATA_EEPROM_Unlock                       0x08003481   Thumb Code    26  stm32l1xx_flash.o(.text)
    FLASH_Unlock                             0x0800349b   Thumb Code    32  stm32l1xx_flash.o(.text)
    FLASH_Lock                               0x080034bb   Thumb Code    18  stm32l1xx_flash.o(.text)
    FLASH_GetStatus                          0x080034cd   Thumb Code    58  stm32l1xx_flash.o(.text)
    FLASH_WaitForLastOperation               0x08003507   Thumb Code    38  stm32l1xx_flash.o(.text)
    FLASH_ErasePage                          0x0800352d   Thumb Code    86  stm32l1xx_flash.o(.text)
    FLASH_FastProgramWord                    0x08003583   Thumb Code    34  stm32l1xx_flash.o(.text)
    DATA_EEPROM_Lock                         0x080035a5   Thumb Code    18  stm32l1xx_flash.o(.text)
    DATA_EEPROM_FixedTimeProgramCmd          0x080035b7   Thumb Code    38  stm32l1xx_flash.o(.text)
    DATA_EEPROM_EraseWord                    0x080035dd   Thumb Code    26  stm32l1xx_flash.o(.text)
    DATA_EEPROM_FastProgramWord              0x080035f7   Thumb Code    50  stm32l1xx_flash.o(.text)
    DATA_EEPROM_FastProgramByte              0x08003629   Thumb Code   108  stm32l1xx_flash.o(.text)
    DATA_EEPROM_FastProgramHalfWord          0x08003695   Thumb Code   136  stm32l1xx_flash.o(.text)
    DATA_EEPROM_ProgramByte                  0x0800371d   Thumb Code    92  stm32l1xx_flash.o(.text)
    DATA_EEPROM_ProgramHalfWord              0x08003779   Thumb Code   120  stm32l1xx_flash.o(.text)
    DATA_EEPROM_ProgramWord                  0x080037f1   Thumb Code    56  stm32l1xx_flash.o(.text)
    FLASH_OB_Unlock                          0x08003829   Thumb Code    30  stm32l1xx_flash.o(.text)
    FLASH_OB_Lock                            0x08003847   Thumb Code    14  stm32l1xx_flash.o(.text)
    FLASH_OB_Launch                          0x08003855   Thumb Code    14  stm32l1xx_flash.o(.text)
    FLASH_OB_WRPConfig                       0x08003863   Thumb Code   142  stm32l1xx_flash.o(.text)
    FLASH_OB_RDPConfig                       0x080038f1   Thumb Code    48  stm32l1xx_flash.o(.text)
    FLASH_OB_UserConfig                      0x08003921   Thumb Code    94  stm32l1xx_flash.o(.text)
    FLASH_OB_BORConfig                       0x0800397f   Thumb Code    66  stm32l1xx_flash.o(.text)
    FLASH_OB_GetUser                         0x080039c1   Thumb Code    12  stm32l1xx_flash.o(.text)
    FLASH_OB_GetWRP                          0x080039cd   Thumb Code     8  stm32l1xx_flash.o(.text)
    FLASH_OB_GetRDP                          0x080039d5   Thumb Code    22  stm32l1xx_flash.o(.text)
    FLASH_OB_GetBOR                          0x080039eb   Thumb Code    12  stm32l1xx_flash.o(.text)
    FLASH_ITConfig                           0x080039f7   Thumb Code    26  stm32l1xx_flash.o(.text)
    FLASH_GetFlagStatus                      0x08003a11   Thumb Code    22  stm32l1xx_flash.o(.text)
    FLASH_ClearFlag                          0x08003a27   Thumb Code     8  stm32l1xx_flash.o(.text)
    EXTI_DeInit                              0x08003a41   Thumb Code    28  stm32l1xx_exti.o(.text)
    EXTI_Init                                0x08003a5d   Thumb Code   142  stm32l1xx_exti.o(.text)
    EXTI_StructInit                          0x08003aeb   Thumb Code    16  stm32l1xx_exti.o(.text)
    EXTI_GenerateSWInterrupt                 0x08003afb   Thumb Code    16  stm32l1xx_exti.o(.text)
    EXTI_GetFlagStatus                       0x08003b0b   Thumb Code    22  stm32l1xx_exti.o(.text)
    EXTI_ClearFlag                           0x08003b21   Thumb Code     8  stm32l1xx_exti.o(.text)
    EXTI_GetITStatus                         0x08003b29   Thumb Code    34  stm32l1xx_exti.o(.text)
    EXTI_ClearITPendingBit                   0x08003b4b   Thumb Code     8  stm32l1xx_exti.o(.text)
    __aeabi_dmul                             0x08003b5d   Thumb Code   224  dmul.o(.text)
    __aeabi_ddiv                             0x08003c3d   Thumb Code   222  ddiv.o(.text)
    __aeabi_ui2d                             0x08003d1b   Thumb Code    26  dfltui.o(.text)
    __aeabi_d2f                              0x08003d35   Thumb Code    56  d2f.o(.text)
    __aeabi_uidiv                            0x08003d6d   Thumb Code     0  uidiv.o(.text)
    __aeabi_uidivmod                         0x08003d6d   Thumb Code    44  uidiv.o(.text)
    __I$use$fp                               0x08003d99   Thumb Code     0  iusefp.o(.text)
    _float_round                             0x08003d99   Thumb Code    18  fepilogue.o(.text)
    _float_epilogue                          0x08003dab   Thumb Code    90  fepilogue.o(.text)
    _double_round                            0x08003e05   Thumb Code    26  depilogue.o(.text)
    _double_epilogue                         0x08003e1f   Thumb Code   164  depilogue.o(.text)
    __scatterload                            0x08003ec5   Thumb Code    28  init.o(.text)
    __scatterload_rt2                        0x08003ec5   Thumb Code     0  init.o(.text)
    __aeabi_llsl                             0x08003ee9   Thumb Code    30  llshl.o(.text)
    _ll_shift_l                              0x08003ee9   Thumb Code     0  llshl.o(.text)
    __aeabi_llsr                             0x08003f07   Thumb Code    32  llushr.o(.text)
    _ll_ushift_r                             0x08003f07   Thumb Code     0  llushr.o(.text)
    __0sprintf$6                             0x08003f29   Thumb Code    34  printf6.o(i.__0sprintf$6)
    __1sprintf$6                             0x08003f29   Thumb Code     0  printf6.o(i.__0sprintf$6)
    __2sprintf                               0x08003f29   Thumb Code     0  printf6.o(i.__0sprintf$6)
    __scatterload_copy                       0x08003f51   Thumb Code    14  handlers.o(i.__scatterload_copy)
    __scatterload_null                       0x08003f5f   Thumb Code     2  handlers.o(i.__scatterload_null)
    __scatterload_zeroinit                   0x08003f61   Thumb Code    14  handlers.o(i.__scatterload_zeroinit)
    Region$$Table$$Base                      0x080042c4   Number         0  anon$$obj.o(Region$$Table)
    Region$$Table$$Limit                     0x080042e4   Number         0  anon$$obj.o(Region$$Table)
    systick_ms                               0x20000000   Data           2  main.o(.data)
    dirty_cycle                              0x20000002   Data           2  main.o(.data)
    period                                   0x20000004   Data           2  main.o(.data)
    mode                                     0x20000006   Data           1  main.o(.data)
    first_time_in_mode                       0x20000007   Data           1  main.o(.data)
    flag_UserButton                          0x20000008   Data           1  main.o(.data)
    ADC_CommonInitStructure                  0x20000010   Data           4  main.o(.data)
    calibdata                                0x20000014   Data           8  main.o(.data)
    flag_ADCDMA_TransferComplete             0x2000001c   Data           1  main.o(.data)
    refAVG                                   0x20000020   Data           4  main.o(.data)
    tempAVG                                  0x20000024   Data           4  main.o(.data)
    preasureAVG                              0x20000028   Data           4  main.o(.data)
    temperature_C                            0x2000002c   Data           4  main.o(.data)
    voltage_V                                0x20000030   Data           4  main.o(.data)
    preasure_V                               0x20000034   Data           4  main.o(.data)
    humidity                                 0x20000038   Data           4  main.o(.data)
    capacitance                              0x2000003c   Data           4  main.o(.data)
    temperature                              0x20000040   Data           4  main.o(.data)
    temperature_data                         0x20000044   Data           2  main.o(.data)
    num_ow                                   0x20000046   Data           1  main.o(.data)
    SystemCoreClock                          0x20000048   Data           4  system_stm32l1xx.o(.data)
    PLLMulTable                              0x2000004c   Data           9  system_stm32l1xx.o(.data)
    AHBPrescTable                            0x20000055   Data          16  system_stm32l1xx.o(.data)
    RCC_Clocks                               0x20000080   Data          16  main.o(.bss)
    ADC_InitStructure                        0x20000090   Data          24  main.o(.bss)
    DMA_InitStructure                        0x200000a8   Data          44  main.o(.bss)
    ADC_ConvertedValueBuff                   0x200000d4   Data          40  main.o(.bss)
    idbuf                                    0x200000fc   Data          16  main.o(.bss)
    __initial_sp                             0x20000510   Data           0  startup_stm32l1xx_md.o(STACK)



==============================================================================

Memory Map of the image

  Image Entry point : 0x08000b35

  Load Region LR_1 (Base: 0x08000000, Size: 0x00004364, Max: 0xffffffff, ABSOLUTE)

    Execution Region ER_RO (Base: 0x08000000, Size: 0x000042e4, Max: 0xffffffff, ABSOLUTE)

    Base Addr    Size         Type   Attr      Idx    E Section Name        Object

    0x08000000   0x000000f4   Data   RO          156    RESET               startup_stm32l1xx_md.o
    0x080000f4   0x00000000   Code   RO          469  * .ARM.Collect$$$$00000000  mc_w.l(entry.o)
    0x080000f4   0x00000004   Code   RO          741    .ARM.Collect$$$$00000001  mc_w.l(entry2.o)
    0x080000f8   0x00000004   Code   RO          744    .ARM.Collect$$$$00000004  mc_w.l(entry5.o)
    0x080000fc   0x00000000   Code   RO          746    .ARM.Collect$$$$00000008  mc_w.l(entry7b.o)
    0x080000fc   0x00000008   Code   RO          747    .ARM.Collect$$$$00000009  mc_w.l(entry8.o)
    0x08000104   0x00000004   Code   RO          742    .ARM.Collect$$$$00002712  mc_w.l(entry2.o)
    0x08000108   0x00000878   Code   RO            3    .text               main.o
    0x08000980   0x000001b4   Code   RO          132    .text               ext_lcd.o
    0x08000b34   0x00000024   Code   RO          157  * .text               startup_stm32l1xx_md.o
    0x08000b58   0x00000208   Code   RO          163    .text               system_stm32l1xx.o
    0x08000d60   0x0000012c   Code   RO          189    .text               dht11.o
    0x08000e8c   0x00000982   Code   RO          209    .text               stm32l1xx_tim.o
    0x0800180e   0x00000002   PAD
    0x08001810   0x00000aa0   Code   RO          229    .text               stm32l1xx_rtc.o
    0x080022b0   0x00000480   Code   RO          249    .text               stm32l1xx_rcc.o
    0x08002730   0x000004b2   Code   RO          271    .text               stm32l1xx_adc.o
    0x08002be2   0x00000002   PAD
    0x08002be4   0x000001b0   Code   RO          311    .text               stm32l1xx_dma.o
    0x08002d94   0x000001ec   Code   RO          331    .text               stm32l1xx_gpio.o
    0x08002f80   0x000000dc   Code   RO          351    .text               misc.o
    0x0800305c   0x00000268   Code   RO          391    .text               stm32l1xx_syscfg.o
    0x080032c4   0x00000150   Code   RO          411    .text               stm32l1xx_pwr.o
    0x08003414   0x0000062c   Code   RO          431    .text               stm32l1xx_flash.o
    0x08003a40   0x0000011c   Code   RO          451    .text               stm32l1xx_exti.o
    0x08003b5c   0x000000e0   Code   RO          733    .text               mf_w.l(dmul.o)
    0x08003c3c   0x000000de   Code   RO          735    .text               mf_w.l(ddiv.o)
    0x08003d1a   0x0000001a   Code   RO          737    .text               mf_w.l(dfltui.o)
    0x08003d34   0x00000038   Code   RO          739    .text               mf_w.l(d2f.o)
    0x08003d6c   0x0000002c   Code   RO          751    .text               mc_w.l(uidiv.o)
    0x08003d98   0x00000000   Code   RO          755    .text               mc_w.l(iusefp.o)
    0x08003d98   0x0000006c   Code   RO          756    .text               mf_w.l(fepilogue.o)
    0x08003e04   0x000000be   Code   RO          758    .text               mf_w.l(depilogue.o)
    0x08003ec2   0x00000002   PAD
    0x08003ec4   0x00000024   Code   RO          766    .text               mc_w.l(init.o)
    0x08003ee8   0x0000001e   Code   RO          769    .text               mc_w.l(llshl.o)
    0x08003f06   0x00000020   Code   RO          771    .text               mc_w.l(llushr.o)
    0x08003f26   0x00000002   PAD
    0x08003f28   0x00000028   Code   RO          629    i.__0sprintf$6      mc_w.l(printf6.o)
    0x08003f50   0x0000000e   Code   RO          778    i.__scatterload_copy  mc_w.l(handlers.o)
    0x08003f5e   0x00000002   Code   RO          779    i.__scatterload_null  mc_w.l(handlers.o)
    0x08003f60   0x0000000e   Code   RO          780    i.__scatterload_zeroinit  mc_w.l(handlers.o)
    0x08003f6e   0x00000002   PAD
    0x08003f70   0x000002f4   Code   RO          634    i._printf_core      mc_w.l(printf6.o)
    0x08004264   0x00000026   Code   RO          635    i._printf_post_padding  mc_w.l(printf6.o)
    0x0800428a   0x00000030   Code   RO          636    i._printf_pre_padding  mc_w.l(printf6.o)
    0x080042ba   0x0000000a   Code   RO          638    i._sputc            mc_w.l(printf6.o)
    0x080042c4   0x00000020   Data   RO          776    Region$$Table       anon$$obj.o


    Execution Region ER_RW (Base: 0x20000000, Size: 0x00000080, Max: 0xffffffff, ABSOLUTE)

    Base Addr    Size         Type   Attr      Idx    E Section Name        Object

    0x20000000   0x00000047   Data   RW            5    .data               main.o
    0x20000047   0x00000001   PAD
    0x20000048   0x0000001d   Data   RW          164    .data               system_stm32l1xx.o
    0x20000065   0x00000019   Data   RW          250    .data               stm32l1xx_rcc.o


    Execution Region ER_ZI (Base: 0x20000080, Size: 0x00000490, Max: 0xffffffff, ABSOLUTE)

    Base Addr    Size         Type   Attr      Idx    E Section Name        Object

    0x20000080   0x0000008c   Zero   RW            4    .bss                main.o
    0x2000010c   0x00000004   PAD
    0x20000110   0x00000400   Zero   RW          154    STACK               startup_stm32l1xx_md.o


==============================================================================

Image component sizes


      Code (inc. data)   RO Data    RW Data    ZI Data      Debug   Object Name

       300          6          0          0          0       1360   dht11.o
       436          8          0          0          0       2523   ext_lcd.o
      2168        298          0         71        140     270007   main.o
       220         20          0          0          0       1761   misc.o
        36          8        244          0       1024        724   startup_stm32l1xx_md.o
      1202         16          0          0          0      10568   stm32l1xx_adc.o
       432          4          0          0          0       3754   stm32l1xx_dma.o
       284         10          0          0          0       2219   stm32l1xx_exti.o
      1580         40          0          0          0       8127   stm32l1xx_flash.o
       492         24          0          0          0       3673   stm32l1xx_gpio.o
       336         14          0          0          0       3980   stm32l1xx_pwr.o
      1152         40          0         25          0       9123   stm32l1xx_rcc.o
      2720         34          0          0          0      11550   stm32l1xx_rtc.o
       616         10          0          0          0       2813   stm32l1xx_syscfg.o
      2434         30          0          0          0      20628   stm32l1xx_tim.o
       520         46          0         29          0       1571   system_stm32l1xx.o

    ----------------------------------------------------------------------
     14932        608        276        128       1168     354381   Object Totals
         0          0         32          0          0          0   (incl. Generated)
         4          0          0          3          4          0   (incl. Padding)

    ----------------------------------------------------------------------

      Code (inc. data)   RO Data    RW Data    ZI Data      Debug   Library Member Name

         0          0          0          0          0          0   entry.o
         8          4          0          0          0          0   entry2.o
         4          0          0          0          0          0   entry5.o
         0          0          0          0          0          0   entry7b.o
         8          4          0          0          0          0   entry8.o
        30          0          0          0          0          0   handlers.o
        36          8          0          0          0         68   init.o
         0          0          0          0          0          0   iusefp.o
        30          0          0          0          0         68   llshl.o
        32          0          0          0          0         68   llushr.o
       892         12          0          0          0        420   printf6.o
        44          0          0          0          0         80   uidiv.o
        56          0          0          0          0         88   d2f.o
       222          0          0          0          0        100   ddiv.o
       190          0          0          0          0        176   depilogue.o
        26          0          0          0          0         76   dfltui.o
       224          0          0          0          0         96   dmul.o
       108          0          0          0          0        168   fepilogue.o

    ----------------------------------------------------------------------
      1916         28          0          0          0       1408   Library Totals
         6          0          0          0          0          0   (incl. Padding)

    ----------------------------------------------------------------------

      Code (inc. data)   RO Data    RW Data    ZI Data      Debug   Library Name

      1084         28          0          0          0        704   mc_w.l
       826          0          0          0          0        704   mf_w.l

    ----------------------------------------------------------------------
      1916         28          0          0          0       1408   Library Totals

    ----------------------------------------------------------------------

==============================================================================


      Code (inc. data)   RO Data    RW Data    ZI Data      Debug   

     16848        636        276        128       1168     353033   Grand Totals
     16848        636        276        128       1168     353033   ELF Image Totals
     16848        636        276        128          0          0   ROM Totals

==============================================================================

    Total RO  Size (Code + RO Data)                17124 (  16.72kB)
    Total RW  Size (RW Data + ZI Data)              1296 (   1.27kB)
    Total ROM Size (Code + RO Data + RW Data)      17252 (  16.85kB)

==============================================================================

